  Determining projects to restore...
  All projects are up-to-date for restore.
  FleetMind.Api -> C:\Users\Tamanna\Desktop\entnt\fleetmind-ai\backend\FleetMind.Api\bin\Debug\net9.0\FleetMind.Api.dll
  FleetMind.Api.IntegrationTests -> C:\Users\Tamanna\Desktop\entnt\fleetmind-ai\backend\FleetMind.Api.IntegrationTests\bin\Debug\net9.0\FleetMind.Api.IntegrationTests.dll
Test run for C:\Users\Tamanna\Desktop\entnt\fleetmind-ai\backend\FleetMind.Api.IntegrationTests\bin\Debug\net9.0\FleetMind.Api.IntegrationTests.dll (.NETCoreApp,Version=v9.0)
VSTest version 17.14.1 (x64)

Starting test execution, please wait...
A total of 1 test files matched the specified pattern.
C:\Users\Tamanna\Desktop\entnt\fleetmind-ai\backend\FleetMind.Api.IntegrationTests\bin\Debug\net9.0\FleetMind.Api.IntegrationTests.dll
[xUnit.net 00:00:00.00] xUnit.net VSTest Adapter v2.8.2+699d445a1a (64-bit .NET 9.0.17)
[xUnit.net 00:00:00.11]   Discovering: FleetMind.Api.IntegrationTests
[xUnit.net 00:00:00.16]   Discovered:  FleetMind.Api.IntegrationTests
[xUnit.net 00:00:00.17]   Starting:    FleetMind.Api.IntegrationTests
[16:18:12 WRN] The foreign key property 'UserRole.UserId1' was created in shadow state because a conflicting property with the simple name 'UserId' exists in the entity type, but is either not mapped, is already used for another relationship, or is incompatible with the associated primary key type. See https://aka.ms/efcore-relationships for information on mapping relationships in EF Core.
  Passed FleetMind.Api.IntegrationTests.UnitTest1.Test1 [3 ms]
[16:18:17 ERR] Failed executing DbCommand (5ms) [Parameters=[@p0='?' (DbType = Guid), @p1='?' (DbType = DateTime), @p2='?', @p3='?' (DbType = Guid), @p4='?' (DbType = Decimal), @p5='?' (Size = 7), @p6='?' (DbType = Boolean), @p7='?' (Size = 9), @p8='?' (DbType = Guid), @p9='?' (Size = 6), @p10='?', @p11='?' (DbType = DateTime), @p12='?' (DbType = Int32)], CommandType='Text', CommandTimeout='30']
INSERT INTO "Ships" ("Id", "CreatedAt", "Flag", "FleetId", "GrossTonnage", "IMO", "IsDeleted", "Name", "PrimaryPhotoAttachmentId", "Status", "Type", "UpdatedAt", "YearBuilt")
VALUES (@p0, @p1, @p2, @p3, @p4, @p5, @p6, @p7, @p8, @p9, @p10, @p11, @p12);
[16:18:17 ERR] Failed executing DbCommand (4ms) [Parameters=[@p0='?' (DbType = Guid), @p1='?' (DbType = DateTime), @p2='?', @p3='?' (DbType = Guid), @p4='?' (DbType = Decimal), @p5='?' (Size = 7), @p6='?' (DbType = Boolean), @p7='?' (Size = 9), @p8='?' (DbType = Guid), @p9='?' (Size = 6), @p10='?', @p11='?' (DbType = DateTime), @p12='?' (DbType = Int32)], CommandType='Text', CommandTimeout='30']
INSERT INTO "Ships" ("Id", "CreatedAt", "Flag", "FleetId", "GrossTonnage", "IMO", "IsDeleted", "Name", "PrimaryPhotoAttachmentId", "Status", "Type", "UpdatedAt", "YearBuilt")
VALUES (@p0, @p1, @p2, @p3, @p4, @p5, @p6, @p7, @p8, @p9, @p10, @p11, @p12);
[16:18:17 ERR] An exception occurred in the database while saving changes for context type 'FleetMind.Api.Data.FleetMindDbContext'.
Microsoft.EntityFrameworkCore.DbUpdateException: An error occurred while saving the entity changes. See the inner exception for details.
 ---> Microsoft.Data.Sqlite.SqliteException (0x80004005): SQLite Error 19: 'NOT NULL constraint failed: Ships.Type'.
   at Microsoft.Data.Sqlite.SqliteException.ThrowExceptionForRC(Int32 rc, sqlite3 db)
   at Microsoft.Data.Sqlite.SqliteDataReader.NextResult()
   at Microsoft.Data.Sqlite.SqliteCommand.ExecuteReader(CommandBehavior behavior)
   at Microsoft.Data.Sqlite.SqliteCommand.ExecuteReaderAsync(CommandBehavior behavior, CancellationToken cancellationToken)
   at Microsoft.Data.Sqlite.SqliteCommand.ExecuteDbDataReaderAsync(CommandBehavior behavior, CancellationToken cancellationToken)
   at Microsoft.EntityFrameworkCore.Storage.RelationalCommand.ExecuteReaderAsync(RelationalCommandParameterObject parameterObject, CancellationToken cancellationToken)
   at Microsoft.EntityFrameworkCore.Storage.RelationalCommand.ExecuteReaderAsync(RelationalCommandParameterObject parameterObject, CancellationToken cancellationToken)
   at Microsoft.EntityFrameworkCore.Update.ReaderModificationCommandBatch.ExecuteAsync(IRelationalConnection connection, CancellationToken cancellationToken)
   --- End of inner exception stack trace ---
   at Microsoft.EntityFrameworkCore.Update.ReaderModificationCommandBatch.ExecuteAsync(IRelationalConnection connection, CancellationToken cancellationToken)
   at Microsoft.EntityFrameworkCore.Update.Internal.BatchExecutor.ExecuteAsync(IEnumerable`1 commandBatches, IRelationalConnection connection, CancellationToken cancellationToken)
   at Microsoft.EntityFrameworkCore.Update.Internal.BatchExecutor.ExecuteAsync(IEnumerable`1 commandBatches, IRelationalConnection connection, CancellationToken cancellationToken)
   at Microsoft.EntityFrameworkCore.Update.Internal.BatchExecutor.ExecuteAsync(IEnumerable`1 commandBatches, IRelationalConnection connection, CancellationToken cancellationToken)
   at Microsoft.EntityFrameworkCore.Storage.RelationalDatabase.SaveChangesAsync(IList`1 entries, CancellationToken cancellationToken)
   at Microsoft.EntityFrameworkCore.ChangeTracking.Internal.StateManager.SaveChangesAsync(IList`1 entriesToSave, CancellationToken cancellationToken)
   at Microsoft.EntityFrameworkCore.ChangeTracking.Internal.StateManager.SaveChangesAsync(StateManager stateManager, Boolean acceptAllChangesOnSuccess, CancellationToken cancellationToken)
   at Microsoft.EntityFrameworkCore.DbContext.SaveChangesAsync(Boolean acceptAllChangesOnSuccess, CancellationToken cancellationToken)
Microsoft.EntityFrameworkCore.DbUpdateException: An error occurred while saving the entity changes. See the inner exception for details.
 ---> Microsoft.Data.Sqlite.SqliteException (0x80004005): SQLite Error 19: 'NOT NULL constraint failed: Ships.Type'.
   at Microsoft.Data.Sqlite.SqliteException.ThrowExceptionForRC(Int32 rc, sqlite3 db)
   at Microsoft.Data.Sqlite.SqliteDataReader.NextResult()
   at Microsoft.Data.Sqlite.SqliteCommand.ExecuteReader(CommandBehavior behavior)
   at Microsoft.Data.Sqlite.SqliteCommand.ExecuteReaderAsync(CommandBehavior behavior, CancellationToken cancellationToken)
   at Microsoft.Data.Sqlite.SqliteCommand.ExecuteDbDataReaderAsync(CommandBehavior behavior, CancellationToken cancellationToken)
   at Microsoft.EntityFrameworkCore.Storage.RelationalCommand.ExecuteReaderAsync(RelationalCommandParameterObject parameterObject, CancellationToken cancellationToken)
   at Microsoft.EntityFrameworkCore.Storage.RelationalCommand.ExecuteReaderAsync(RelationalCommandParameterObject parameterObject, CancellationToken cancellationToken)
   at Microsoft.EntityFrameworkCore.Update.ReaderModificationCommandBatch.ExecuteAsync(IRelationalConnection connection, CancellationToken cancellationToken)
   --- End of inner exception stack trace ---
   at Microsoft.EntityFrameworkCore.Update.ReaderModificationCommandBatch.ExecuteAsync(IRelationalConnection connection, CancellationToken cancellationToken)
   at Microsoft.EntityFrameworkCore.Update.Internal.BatchExecutor.ExecuteAsync(IEnumerable`1 commandBatches, IRelationalConnection connection, CancellationToken cancellationToken)
   at Microsoft.EntityFrameworkCore.Update.Internal.BatchExecutor.ExecuteAsync(IEnumerable`1 commandBatches, IRelationalConnection connection, CancellationToken cancellationToken)
   at Microsoft.EntityFrameworkCore.Update.Internal.BatchExecutor.ExecuteAsync(IEnumerable`1 commandBatches, IRelationalConnection connection, CancellationToken cancellationToken)
   at Microsoft.EntityFrameworkCore.Storage.RelationalDatabase.SaveChangesAsync(IList`1 entries, CancellationToken cancellationToken)
   at Microsoft.EntityFrameworkCore.ChangeTracking.Internal.StateManager.SaveChangesAsync(IList`1 entriesToSave, CancellationToken cancellationToken)
   at Microsoft.EntityFrameworkCore.ChangeTracking.Internal.StateManager.SaveChangesAsync(StateManager stateManager, Boolean acceptAllChangesOnSuccess, CancellationToken cancellationToken)
   at Microsoft.EntityFrameworkCore.DbContext.SaveChangesAsync(Boolean acceptAllChangesOnSuccess, CancellationToken cancellationToken)
[16:18:17 ERR] An exception occurred in the database while saving changes for context type 'FleetMind.Api.Data.FleetMindDbContext'.
Microsoft.EntityFrameworkCore.DbUpdateException: An error occurred while saving the entity changes. See the inner exception for details.
 ---> Microsoft.Data.Sqlite.SqliteException (0x80004005): SQLite Error 19: 'NOT NULL constraint failed: Ships.Type'.
   at Microsoft.Data.Sqlite.SqliteException.ThrowExceptionForRC(Int32 rc, sqlite3 db)
   at Microsoft.Data.Sqlite.SqliteDataReader.NextResult()
   at Microsoft.Data.Sqlite.SqliteCommand.ExecuteReader(CommandBehavior behavior)
   at Microsoft.Data.Sqlite.SqliteCommand.ExecuteReaderAsync(CommandBehavior behavior, CancellationToken cancellationToken)
   at Microsoft.Data.Sqlite.SqliteCommand.ExecuteDbDataReaderAsync(CommandBehavior behavior, CancellationToken cancellationToken)
   at Microsoft.EntityFrameworkCore.Storage.RelationalCommand.ExecuteReaderAsync(RelationalCommandParameterObject parameterObject, CancellationToken cancellationToken)
   at Microsoft.EntityFrameworkCore.Storage.RelationalCommand.ExecuteReaderAsync(RelationalCommandParameterObject parameterObject, CancellationToken cancellationToken)
   at Microsoft.EntityFrameworkCore.Update.ReaderModificationCommandBatch.ExecuteAsync(IRelationalConnection connection, CancellationToken cancellationToken)
   --- End of inner exception stack trace ---
   at Microsoft.EntityFrameworkCore.Update.ReaderModificationCommandBatch.ExecuteAsync(IRelationalConnection connection, CancellationToken cancellationToken)
   at Microsoft.EntityFrameworkCore.Update.Internal.BatchExecutor.ExecuteAsync(IEnumerable`1 commandBatches, IRelationalConnection connection, CancellationToken cancellationToken)
   at Microsoft.EntityFrameworkCore.Update.Internal.BatchExecutor.ExecuteAsync(IEnumerable`1 commandBatches, IRelationalConnection connection, CancellationToken cancellationToken)
   at Microsoft.EntityFrameworkCore.Update.Internal.BatchExecutor.ExecuteAsync(IEnumerable`1 commandBatches, IRelationalConnection connection, CancellationToken cancellationToken)
   at Microsoft.EntityFrameworkCore.Storage.RelationalDatabase.SaveChangesAsync(IList`1 entries, CancellationToken cancellationToken)
   at Microsoft.EntityFrameworkCore.ChangeTracking.Internal.StateManager.SaveChangesAsync(IList`1 entriesToSave, CancellationToken cancellationToken)
   at Microsoft.EntityFrameworkCore.ChangeTracking.Internal.StateManager.SaveChangesAsync(StateManager stateManager, Boolean acceptAllChangesOnSuccess, CancellationToken cancellationToken)
   at Microsoft.EntityFrameworkCore.DbContext.SaveChangesAsync(Boolean acceptAllChangesOnSuccess, CancellationToken cancellationToken)
Microsoft.EntityFrameworkCore.DbUpdateException: An error occurred while saving the entity changes. See the inner exception for details.
 ---> Microsoft.Data.Sqlite.SqliteException (0x80004005): SQLite Error 19: 'NOT NULL constraint failed: Ships.Type'.
   at Microsoft.Data.Sqlite.SqliteException.ThrowExceptionForRC(Int32 rc, sqlite3 db)
   at Microsoft.Data.Sqlite.SqliteDataReader.NextResult()
   at Microsoft.Data.Sqlite.SqliteCommand.ExecuteReader(CommandBehavior behavior)
   at Microsoft.Data.Sqlite.SqliteCommand.ExecuteReaderAsync(CommandBehavior behavior, CancellationToken cancellationToken)
   at Microsoft.Data.Sqlite.SqliteCommand.ExecuteDbDataReaderAsync(CommandBehavior behavior, CancellationToken cancellationToken)
   at Microsoft.EntityFrameworkCore.Storage.RelationalCommand.ExecuteReaderAsync(RelationalCommandParameterObject parameterObject, CancellationToken cancellationToken)
   at Microsoft.EntityFrameworkCore.Storage.RelationalCommand.ExecuteReaderAsync(RelationalCommandParameterObject parameterObject, CancellationToken cancellationToken)
   at Microsoft.EntityFrameworkCore.Update.ReaderModificationCommandBatch.ExecuteAsync(IRelationalConnection connection, CancellationToken cancellationToken)
   --- End of inner exception stack trace ---
   at Microsoft.EntityFrameworkCore.Update.ReaderModificationCommandBatch.ExecuteAsync(IRelationalConnection connection, CancellationToken cancellationToken)
   at Microsoft.EntityFrameworkCore.Update.Internal.BatchExecutor.ExecuteAsync(IEnumerable`1 commandBatches, IRelationalConnection connection, CancellationToken cancellationToken)
   at Microsoft.EntityFrameworkCore.Update.Internal.BatchExecutor.ExecuteAsync(IEnumerable`1 commandBatches, IRelationalConnection connection, CancellationToken cancellationToken)
   at Microsoft.EntityFrameworkCore.Update.Internal.BatchExecutor.ExecuteAsync(IEnumerable`1 commandBatches, IRelationalConnection connection, CancellationToken cancellationToken)
   at Microsoft.EntityFrameworkCore.Storage.RelationalDatabase.SaveChangesAsync(IList`1 entries, CancellationToken cancellationToken)
   at Microsoft.EntityFrameworkCore.ChangeTracking.Internal.StateManager.SaveChangesAsync(IList`1 entriesToSave, CancellationToken cancellationToken)
   at Microsoft.EntityFrameworkCore.ChangeTracking.Internal.StateManager.SaveChangesAsync(StateManager stateManager, Boolean acceptAllChangesOnSuccess, CancellationToken cancellationToken)
   at Microsoft.EntityFrameworkCore.DbContext.SaveChangesAsync(Boolean acceptAllChangesOnSuccess, CancellationToken cancellationToken)
[16:18:17 FTL] Application terminated unexpectedly
Microsoft.EntityFrameworkCore.DbUpdateException: An error occurred while saving the entity changes. See the inner exception for details.
 ---> Microsoft.Data.Sqlite.SqliteException (0x80004005): SQLite Error 19: 'NOT NULL constraint failed: Ships.Type'.
   at Microsoft.Data.Sqlite.SqliteException.ThrowExceptionForRC(Int32 rc, sqlite3 db)
   at Microsoft.Data.Sqlite.SqliteDataReader.NextResult()
   at Microsoft.Data.Sqlite.SqliteCommand.ExecuteReader(CommandBehavior behavior)
   at Microsoft.Data.Sqlite.SqliteCommand.ExecuteReaderAsync(CommandBehavior behavior, CancellationToken cancellationToken)
   at Microsoft.Data.Sqlite.SqliteCommand.ExecuteDbDataReaderAsync(CommandBehavior behavior, CancellationToken cancellationToken)
   at Microsoft.EntityFrameworkCore.Storage.RelationalCommand.ExecuteReaderAsync(RelationalCommandParameterObject parameterObject, CancellationToken cancellationToken)
   at Microsoft.EntityFrameworkCore.Storage.RelationalCommand.ExecuteReaderAsync(RelationalCommandParameterObject parameterObject, CancellationToken cancellationToken)
   at Microsoft.EntityFrameworkCore.Update.ReaderModificationCommandBatch.ExecuteAsync(IRelationalConnection connection, CancellationToken cancellationToken)
   --- End of inner exception stack trace ---
   at Microsoft.EntityFrameworkCore.Update.ReaderModificationCommandBatch.ExecuteAsync(IRelationalConnection connection, CancellationToken cancellationToken)
   at Microsoft.EntityFrameworkCore.Update.Internal.BatchExecutor.ExecuteAsync(IEnumerable`1 commandBatches, IRelationalConnection connection, CancellationToken cancellationToken)
   at Microsoft.EntityFrameworkCore.Update.Internal.BatchExecutor.ExecuteAsync(IEnumerable`1 commandBatches, IRelationalConnection connection, CancellationToken cancellationToken)
   at Microsoft.EntityFrameworkCore.Update.Internal.BatchExecutor.ExecuteAsync(IEnumerable`1 commandBatches, IRelationalConnection connection, CancellationToken cancellationToken)
   at Microsoft.EntityFrameworkCore.Storage.RelationalDatabase.SaveChangesAsync(IList`1 entries, CancellationToken cancellationToken)
   at Microsoft.EntityFrameworkCore.ChangeTracking.Internal.StateManager.SaveChangesAsync(IList`1 entriesToSave, CancellationToken cancellationToken)
   at Microsoft.EntityFrameworkCore.ChangeTracking.Internal.StateManager.SaveChangesAsync(StateManager stateManager, Boolean acceptAllChangesOnSuccess, CancellationToken cancellationToken)
   at Microsoft.EntityFrameworkCore.DbContext.SaveChangesAsync(Boolean acceptAllChangesOnSuccess, CancellationToken cancellationToken)
   at Microsoft.EntityFrameworkCore.DbContext.SaveChangesAsync(Boolean acceptAllChangesOnSuccess, CancellationToken cancellationToken)
   at FleetMind.Api.Data.FleetMindDbContext.SaveChangesAsync(CancellationToken cancellationToken) in C:\Users\Tamanna\Desktop\entnt\fleetmind-ai\backend\FleetMind.Api\Data\FleetMindDbContext.cs:line 162
   at FleetMind.Api.Data.FleetMindDbContext.SaveChanges() in C:\Users\Tamanna\Desktop\entnt\fleetmind-ai\backend\FleetMind.Api\Data\FleetMindDbContext.cs:line 89
   at FleetMind.Api.IntegrationTests.CustomWebApplicationFactory.<>c.<ConfigureWebHost>b__2_2(IServiceCollection services) in C:\Users\Tamanna\Desktop\entnt\fleetmind-ai\backend\FleetMind.Api.IntegrationTests\CustomWebApplicationFactory.cs:line 125
   at Microsoft.Extensions.Hosting.HostApplicationBuilder.HostBuilderAdapter.ApplyChanges()
   at Microsoft.Extensions.Hosting.HostApplicationBuilder.Build()
   at Microsoft.AspNetCore.Builder.WebApplicationBuilder.Build()
   at Program.<Main>$(String[] args) in C:\Users\Tamanna\Desktop\entnt\fleetmind-ai\backend\FleetMind.Api\Program.cs:line 205
[16:18:17 FTL] Application terminated unexpectedly
Microsoft.EntityFrameworkCore.DbUpdateException: An error occurred while saving the entity changes. See the inner exception for details.
 ---> Microsoft.Data.Sqlite.SqliteException (0x80004005): SQLite Error 19: 'NOT NULL constraint failed: Ships.Type'.
   at Microsoft.Data.Sqlite.SqliteException.ThrowExceptionForRC(Int32 rc, sqlite3 db)
   at Microsoft.Data.Sqlite.SqliteDataReader.NextResult()
   at Microsoft.Data.Sqlite.SqliteCommand.ExecuteReader(CommandBehavior behavior)
   at Microsoft.Data.Sqlite.SqliteCommand.ExecuteReaderAsync(CommandBehavior behavior, CancellationToken cancellationToken)
   at Microsoft.Data.Sqlite.SqliteCommand.ExecuteDbDataReaderAsync(CommandBehavior behavior, CancellationToken cancellationToken)
   at Microsoft.EntityFrameworkCore.Storage.RelationalCommand.ExecuteReaderAsync(RelationalCommandParameterObject parameterObject, CancellationToken cancellationToken)
   at Microsoft.EntityFrameworkCore.Storage.RelationalCommand.ExecuteReaderAsync(RelationalCommandParameterObject parameterObject, CancellationToken cancellationToken)
   at Microsoft.EntityFrameworkCore.Update.ReaderModificationCommandBatch.ExecuteAsync(IRelationalConnection connection, CancellationToken cancellationToken)
   --- End of inner exception stack trace ---
   at Microsoft.EntityFrameworkCore.Update.ReaderModificationCommandBatch.ExecuteAsync(IRelationalConnection connection, CancellationToken cancellationToken)
   at Microsoft.EntityFrameworkCore.Update.Internal.BatchExecutor.ExecuteAsync(IEnumerable`1 commandBatches, IRelationalConnection connection, CancellationToken cancellationToken)
   at Microsoft.EntityFrameworkCore.Update.Internal.BatchExecutor.ExecuteAsync(IEnumerable`1 commandBatches, IRelationalConnection connection, CancellationToken cancellationToken)
   at Microsoft.EntityFrameworkCore.Update.Internal.BatchExecutor.ExecuteAsync(IEnumerable`1 commandBatches, IRelationalConnection connection, CancellationToken cancellationToken)
   at Microsoft.EntityFrameworkCore.Storage.RelationalDatabase.SaveChangesAsync(IList`1 entries, CancellationToken cancellationToken)
   at Microsoft.EntityFrameworkCore.ChangeTracking.Internal.StateManager.SaveChangesAsync(IList`1 entriesToSave, CancellationToken cancellationToken)
   at Microsoft.EntityFrameworkCore.ChangeTracking.Internal.StateManager.SaveChangesAsync(StateManager stateManager, Boolean acceptAllChangesOnSuccess, CancellationToken cancellationToken)
   at Microsoft.EntityFrameworkCore.DbContext.SaveChangesAsync(Boolean acceptAllChangesOnSuccess, CancellationToken cancellationToken)
   at Microsoft.EntityFrameworkCore.DbContext.SaveChangesAsync(Boolean acceptAllChangesOnSuccess, CancellationToken cancellationToken)
   at FleetMind.Api.Data.FleetMindDbContext.SaveChangesAsync(CancellationToken cancellationToken) in C:\Users\Tamanna\Desktop\entnt\fleetmind-ai\backend\FleetMind.Api\Data\FleetMindDbContext.cs:line 162
   at FleetMind.Api.Data.FleetMindDbContext.SaveChanges() in C:\Users\Tamanna\Desktop\entnt\fleetmind-ai\backend\FleetMind.Api\Data\FleetMindDbContext.cs:line 89
   at FleetMind.Api.IntegrationTests.CustomWebApplicationFactory.<>c.<ConfigureWebHost>b__2_2(IServiceCollection services) in C:\Users\Tamanna\Desktop\entnt\fleetmind-ai\backend\FleetMind.Api.IntegrationTests\CustomWebApplicationFactory.cs:line 125
   at Microsoft.Extensions.Hosting.HostApplicationBuilder.HostBuilderAdapter.ApplyChanges()
   at Microsoft.Extensions.Hosting.HostApplicationBuilder.Build()
   at Microsoft.AspNetCore.Builder.WebApplicationBuilder.Build()
   at Program.<Main>$(String[] args) in C:\Users\Tamanna\Desktop\entnt\fleetmind-ai\backend\FleetMind.Api\Program.cs:line 205
[xUnit.net 00:00:05.86]       Microsoft.EntityFrameworkCore.DbUpdateException : An error occurred while saving the entity changes. See the inner exception for details.
[xUnit.net 00:00:05.86]       ---- Microsoft.Data.Sqlite.SqliteException : SQLite Error 19: 'NOT NULL constraint failed: Ships.Type'.
[xUnit.net 00:00:05.86]       Stack Trace:
[xUnit.net 00:00:05.86]            at Microsoft.EntityFrameworkCore.Update.ReaderModificationCommandBatch.ExecuteAsync(IRelationalConnection connection, CancellationToken cancellationToken)
[xUnit.net 00:00:05.86]            at Microsoft.EntityFrameworkCore.Update.Internal.BatchExecutor.ExecuteAsync(IEnumerable`1 commandBatches, IRelationalConnection connection, CancellationToken cancellationToken)
[xUnit.net 00:00:05.86]            at Microsoft.EntityFrameworkCore.Update.Internal.BatchExecutor.ExecuteAsync(IEnumerable`1 commandBatches, IRelationalConnection connection, CancellationToken cancellationToken)
[xUnit.net 00:00:05.86]            at Microsoft.EntityFrameworkCore.Update.Internal.BatchExecutor.ExecuteAsync(IEnumerable`1 commandBatches, IRelationalConnection connection, CancellationToken cancellationToken)
[xUnit.net 00:00:05.86]            at Microsoft.EntityFrameworkCore.Storage.RelationalDatabase.SaveChangesAsync(IList`1 entries, CancellationToken cancellationToken)
[xUnit.net 00:00:05.86]            at Microsoft.EntityFrameworkCore.ChangeTracking.Internal.StateManager.SaveChangesAsync(IList`1 entriesToSave, CancellationToken cancellationToken)
[xUnit.net 00:00:05.86]            at Microsoft.EntityFrameworkCore.ChangeTracking.Internal.StateManager.SaveChangesAsync(StateManager stateManager, Boolean acceptAllChangesOnSuccess, CancellationToken cancellationToken)
[xUnit.net 00:00:05.86]            at Microsoft.EntityFrameworkCore.DbContext.SaveChangesAsync(Boolean acceptAllChangesOnSuccess, CancellationToken cancellationToken)
[xUnit.net 00:00:05.86]            at Microsoft.EntityFrameworkCore.DbContext.SaveChangesAsync(Boolean acceptAllChangesOnSuccess, CancellationToken cancellationToken)
[xUnit.net 00:00:05.86]         C:\Users\Tamanna\Desktop\entnt\fleetmind-ai\backend\FleetMind.Api\Data\FleetMindDbContext.cs(162,0): at FleetMind.Api.Data.FleetMindDbContext.SaveChangesAsync(CancellationToken cancellationToken)
[xUnit.net 00:00:05.87]         C:\Users\Tamanna\Desktop\entnt\fleetmind-ai\backend\FleetMind.Api\Data\FleetMindDbContext.cs(89,0): at FleetMind.Api.Data.FleetMindDbContext.SaveChanges()
[xUnit.net 00:00:05.87]         C:\Users\Tamanna\Desktop\entnt\fleetmind-ai\backend\FleetMind.Api.IntegrationTests\CustomWebApplicationFactory.cs(125,0): at FleetMind.Api.IntegrationTests.CustomWebApplicationFactory.<>c.<ConfigureWebHost>b__2_2(IServiceCollection services)
[xUnit.net 00:00:05.87]            at Microsoft.Extensions.Hosting.HostApplicationBuilder.HostBuilderAdapter.ApplyChanges()
[xUnit.net 00:00:05.87]            at Microsoft.Extensions.Hosting.HostApplicationBuilder.Build()
[xUnit.net 00:00:05.87]            at Microsoft.AspNetCore.Builder.WebApplicationBuilder.Build()
[xUnit.net 00:00:05.87]         C:\Users\Tamanna\Desktop\entnt\fleetmind-ai\backend\FleetMind.Api\Program.cs(205,0): at Program.<Main>$(String[] args)
[xUnit.net 00:00:05.87]            at Program.<Main>(String[] args)
[xUnit.net 00:00:05.87]            at InvokeStub_Program.<Main>(Object, Object, IntPtr*)
[xUnit.net 00:00:05.87]            at System.Reflection.MethodBaseInvoker.InvokeDirectByRefWithFewArgs(Object obj, Span`1 copyOfArgs, BindingFlags invokeAttr)
[xUnit.net 00:00:05.87]         --- End of stack trace from previous location ---
[xUnit.net 00:00:05.87]            at Microsoft.Extensions.Hosting.HostFactoryResolver.HostingListener.CreateHost()
[xUnit.net 00:00:05.87]            at Microsoft.Extensions.Hosting.HostFactoryResolver.<>c__DisplayClass10_0.<ResolveHostFactory>b__0(String[] args)
[xUnit.net 00:00:05.87]            at Microsoft.AspNetCore.Mvc.Testing.DeferredHostBuilder.Build()
[xUnit.net 00:00:05.87]            at Microsoft.AspNetCore.Mvc.Testing.WebApplicationFactory`1.CreateHost(IHostBuilder builder)
[xUnit.net 00:00:05.87]            at Microsoft.AspNetCore.Mvc.Testing.WebApplicationFactory`1.ConfigureHostBuilder(IHostBuilder hostBuilder)
[xUnit.net 00:00:05.87]            at Microsoft.AspNetCore.Mvc.Testing.WebApplicationFactory`1.EnsureServer()
[xUnit.net 00:00:05.87]            at Microsoft.AspNetCore.Mvc.Testing.WebApplicationFactory`1.CreateDefaultClient(DelegatingHandler[] handlers)
[xUnit.net 00:00:05.87]            at Microsoft.AspNetCore.Mvc.Testing.WebApplicationFactory`1.CreateDefaultClient(Uri baseAddress, DelegatingHandler[] handlers)
[xUnit.net 00:00:05.87]            at Microsoft.AspNetCore.Mvc.Testing.WebApplicationFactory`1.CreateClient(WebApplicationFactoryClientOptions options)
[xUnit.net 00:00:05.87]            at Microsoft.AspNetCore.Mvc.Testing.WebApplicationFactory`1.CreateClient()
[xUnit.net 00:00:05.87]         C:\Users\Tamanna\Desktop\entnt\fleetmind-ai\backend\FleetMind.Api.IntegrationTests\Controllers\AuthControllerIntegrationTests.cs(25,0): at FleetMind.Api.IntegrationTests.Controllers.AuthControllerIntegrationTests.AuthLifecycle_EndToEnd_WorksAsExpected()
[xUnit.net 00:00:05.87]         --- End of stack trace from previous location ---
[xUnit.net 00:00:05.87]         ----- Inner Stack Trace -----
[xUnit.net 00:00:05.87]            at Microsoft.Data.Sqlite.SqliteException.ThrowExceptionForRC(Int32 rc, sqlite3 db)
[xUnit.net 00:00:05.87]            at Microsoft.Data.Sqlite.SqliteDataReader.NextResult()
[xUnit.net 00:00:05.87]            at Microsoft.Data.Sqlite.SqliteCommand.ExecuteReader(CommandBehavior behavior)
[xUnit.net 00:00:05.87]            at Microsoft.Data.Sqlite.SqliteCommand.ExecuteReaderAsync(CommandBehavior behavior, CancellationToken cancellationToken)
[xUnit.net 00:00:05.87]            at Microsoft.Data.Sqlite.SqliteCommand.ExecuteDbDataReaderAsync(CommandBehavior behavior, CancellationToken cancellationToken)
[xUnit.net 00:00:05.87]            at Microsoft.EntityFrameworkCore.Storage.RelationalCommand.ExecuteReaderAsync(RelationalCommandParameterObject parameterObject, CancellationToken cancellationToken)
[xUnit.net 00:00:05.87]            at Microsoft.EntityFrameworkCore.Storage.RelationalCommand.ExecuteReaderAsync(RelationalCommandParameterObject parameterObject, CancellationToken cancellationToken)
[xUnit.net 00:00:05.87]            at Microsoft.EntityFrameworkCore.Update.ReaderModificationCommandBatch.ExecuteAsync(IRelationalConnection connection, CancellationToken cancellationToken)
[xUnit.net 00:00:05.88]       Microsoft.EntityFrameworkCore.DbUpdateException : An error occurred while saving the entity changes. See the inner exception for details.
[xUnit.net 00:00:05.88]       ---- Microsoft.Data.Sqlite.SqliteException : SQLite Error 19: 'NOT NULL constraint failed: Ships.Type'.
[xUnit.net 00:00:05.88]       Stack Trace:
[xUnit.net 00:00:05.88]            at Microsoft.EntityFrameworkCore.Update.ReaderModificationCommandBatch.ExecuteAsync(IRelationalConnection connection, CancellationToken cancellationToken)
[xUnit.net 00:00:05.88]            at Microsoft.EntityFrameworkCore.Update.Internal.BatchExecutor.ExecuteAsync(IEnumerable`1 commandBatches, IRelationalConnection connection, CancellationToken cancellationToken)
[xUnit.net 00:00:05.88]            at Microsoft.EntityFrameworkCore.Update.Internal.BatchExecutor.ExecuteAsync(IEnumerable`1 commandBatches, IRelationalConnection connection, CancellationToken cancellationToken)
[xUnit.net 00:00:05.88]            at Microsoft.EntityFrameworkCore.Update.Internal.BatchExecutor.ExecuteAsync(IEnumerable`1 commandBatches, IRelationalConnection connection, CancellationToken cancellationToken)
[xUnit.net 00:00:05.88]            at Microsoft.EntityFrameworkCore.Storage.RelationalDatabase.SaveChangesAsync(IList`1 entries, CancellationToken cancellationToken)
[xUnit.net 00:00:05.88]            at Microsoft.EntityFrameworkCore.ChangeTracking.Internal.StateManager.SaveChangesAsync(IList`1 entriesToSave, CancellationToken cancellationToken)
[xUnit.net 00:00:05.88]            at Microsoft.EntityFrameworkCore.ChangeTracking.Internal.StateManager.SaveChangesAsync(StateManager stateManager, Boolean acceptAllChangesOnSuccess, CancellationToken cancellationToken)
[xUnit.net 00:00:05.88]            at Microsoft.EntityFrameworkCore.DbContext.SaveChangesAsync(Boolean acceptAllChangesOnSuccess, CancellationToken cancellationToken)
[xUnit.net 00:00:05.88]            at Microsoft.EntityFrameworkCore.DbContext.SaveChangesAsync(Boolean acceptAllChangesOnSuccess, CancellationToken cancellationToken)
[xUnit.net 00:00:05.88]         C:\Users\Tamanna\Desktop\entnt\fleetmind-ai\backend\FleetMind.Api\Data\FleetMindDbContext.cs(162,0): at FleetMind.Api.Data.FleetMindDbContext.SaveChangesAsync(CancellationToken cancellationToken)
[xUnit.net 00:00:05.88]         C:\Users\Tamanna\Desktop\entnt\fleetmind-ai\backend\FleetMind.Api\Data\FleetMindDbContext.cs(89,0): at FleetMind.Api.Data.FleetMindDbContext.SaveChanges()
[xUnit.net 00:00:05.88]         C:\Users\Tamanna\Desktop\entnt\fleetmind-ai\backend\FleetMind.Api.IntegrationTests\CustomWebApplicationFactory.cs(125,0): at FleetMind.Api.IntegrationTests.CustomWebApplicationFactory.<>c.<ConfigureWebHost>b__2_2(IServiceCollection services)
[xUnit.net 00:00:05.88]            at Microsoft.Extensions.Hosting.HostApplicationBuilder.HostBuilderAdapter.ApplyChanges()
[xUnit.net 00:00:05.88]            at Microsoft.Extensions.Hosting.HostApplicationBuilder.Build()
[xUnit.net 00:00:05.88]            at Microsoft.AspNetCore.Builder.WebApplicationBuilder.Build()
[xUnit.net 00:00:05.88]         C:\Users\Tamanna\Desktop\entnt\fleetmind-ai\backend\FleetMind.Api\Program.cs(205,0): at Program.<Main>$(String[] args)
[xUnit.net 00:00:05.88]            at Program.<Main>(String[] args)
[xUnit.net 00:00:05.88]            at System.RuntimeMethodHandle.InvokeMethod(Object target, Void** arguments, Signature sig, Boolean isConstructor)
[xUnit.net 00:00:05.88]            at System.Reflection.MethodBaseInvoker.InvokeDirectByRefWithFewArgs(Object obj, Span`1 copyOfArgs, BindingFlags invokeAttr)
[xUnit.net 00:00:05.88]         --- End of stack trace from previous location ---
[xUnit.net 00:00:05.88]            at Microsoft.Extensions.Hosting.HostFactoryResolver.HostingListener.CreateHost()
[xUnit.net 00:00:05.88]            at Microsoft.Extensions.Hosting.HostFactoryResolver.<>c__DisplayClass10_0.<ResolveHostFactory>b__0(String[] args)
[xUnit.net 00:00:05.88]            at Microsoft.AspNetCore.Mvc.Testing.DeferredHostBuilder.Build()
[xUnit.net 00:00:05.88]            at Microsoft.AspNetCore.Mvc.Testing.WebApplicationFactory`1.CreateHost(IHostBuilder builder)
[xUnit.net 00:00:05.88]            at Microsoft.AspNetCore.Mvc.Testing.WebApplicationFactory`1.ConfigureHostBuilder(IHostBuilder hostBuilder)
[xUnit.net 00:00:05.88]            at Microsoft.AspNetCore.Mvc.Testing.WebApplicationFactory`1.EnsureServer()
[xUnit.net 00:00:05.89]            at Microsoft.AspNetCore.Mvc.Testing.WebApplicationFactory`1.CreateDefaultClient(DelegatingHandler[] handlers)
[xUnit.net 00:00:05.89]            at Microsoft.AspNetCore.Mvc.Testing.WebApplicationFactory`1.CreateDefaultClient(Uri baseAddress, DelegatingHandler[] handlers)
[xUnit.net 00:00:05.89]            at Microsoft.AspNetCore.Mvc.Testing.WebApplicationFactory`1.CreateClient(WebApplicationFactoryClientOptions options)
[xUnit.net 00:00:05.89]            at Microsoft.AspNetCore.Mvc.Testing.WebApplicationFactory`1.CreateClient()
[xUnit.net 00:00:05.89]         C:\Users\Tamanna\Desktop\entnt\fleetmind-ai\backend\FleetMind.Api.IntegrationTests\TestHelpers\AuthenticatedClientHelper.cs(17,0): at FleetMind.Api.IntegrationTests.TestHelpers.AuthenticatedClientHelper.GetAuthenticatedClientAsync(WebApplicationFactory`1 factory, String email, String password)
[xUnit.net 00:00:05.89]         C:\Users\Tamanna\Desktop\entnt\fleetmind-ai\backend\FleetMind.Api.IntegrationTests\Controllers\FleetsControllerIntegrationTests.cs(79,0): at FleetMind.Api.IntegrationTests.Controllers.FleetsControllerIntegrationTests.UpdateFleet_Returns200OK_AndSubsequentGetReflectsChange()
[xUnit.net 00:00:05.89]         --- End of stack trace from previous location ---
[xUnit.net 00:00:05.89]         ----- Inner Stack Trace -----
[xUnit.net 00:00:05.89]            at Microsoft.Data.Sqlite.SqliteException.ThrowExceptionForRC(Int32 rc, sqlite3 db)
[xUnit.net 00:00:05.89]            at Microsoft.Data.Sqlite.SqliteDataReader.NextResult()
[xUnit.net 00:00:05.89]            at Microsoft.Data.Sqlite.SqliteCommand.ExecuteReader(CommandBehavior behavior)
[xUnit.net 00:00:05.89]            at Microsoft.Data.Sqlite.SqliteCommand.ExecuteReaderAsync(CommandBehavior behavior, CancellationToken cancellationToken)
[xUnit.net 00:00:05.89]            at Microsoft.Data.Sqlite.SqliteCommand.ExecuteDbDataReaderAsync(CommandBehavior behavior, CancellationToken cancellationToken)
[xUnit.net 00:00:05.89]            at Microsoft.EntityFrameworkCore.Storage.RelationalCommand.ExecuteReaderAsync(RelationalCommandParameterObject parameterObject, CancellationToken cancellationToken)
[xUnit.net 00:00:05.89]            at Microsoft.EntityFrameworkCore.Storage.RelationalCommand.ExecuteReaderAsync(RelationalCommandParameterObject parameterObject, CancellationToken cancellationToken)
[xUnit.net 00:00:05.89]            at Microsoft.EntityFrameworkCore.Update.ReaderModificationCommandBatch.ExecuteAsync(IRelationalConnection connection, CancellationToken cancellationToken)
  Failed FleetMind.Api.IntegrationTests.Controllers.AuthControllerIntegrationTests.AuthLifecycle_EndToEnd_WorksAsExpected [5 s]
  Error Message:
   Microsoft.EntityFrameworkCore.DbUpdateException : An error occurred while saving the entity changes. See the inner exception for details.
---- Microsoft.Data.Sqlite.SqliteException : SQLite Error 19: 'NOT NULL constraint failed: Ships.Type'.
  Stack Trace:
     at Microsoft.EntityFrameworkCore.Update.ReaderModificationCommandBatch.ExecuteAsync(IRelationalConnection connection, CancellationToken cancellationToken)
   at Microsoft.EntityFrameworkCore.Update.Internal.BatchExecutor.ExecuteAsync(IEnumerable`1 commandBatches, IRelationalConnection connection, CancellationToken cancellationToken)
   at Microsoft.EntityFrameworkCore.Update.Internal.BatchExecutor.ExecuteAsync(IEnumerable`1 commandBatches, IRelationalConnection connection, CancellationToken cancellationToken)
   at Microsoft.EntityFrameworkCore.Update.Internal.BatchExecutor.ExecuteAsync(IEnumerable`1 commandBatches, IRelationalConnection connection, CancellationToken cancellationToken)
   at Microsoft.EntityFrameworkCore.Storage.RelationalDatabase.SaveChangesAsync(IList`1 entries, CancellationToken cancellationToken)
   at Microsoft.EntityFrameworkCore.ChangeTracking.Internal.StateManager.SaveChangesAsync(IList`1 entriesToSave, CancellationToken cancellationToken)
   at Microsoft.EntityFrameworkCore.ChangeTracking.Internal.StateManager.SaveChangesAsync(StateManager stateManager, Boolean acceptAllChangesOnSuccess, CancellationToken cancellationToken)
   at Microsoft.EntityFrameworkCore.DbContext.SaveChangesAsync(Boolean acceptAllChangesOnSuccess, CancellationToken cancellationToken)
   at Microsoft.EntityFrameworkCore.DbContext.SaveChangesAsync(Boolean acceptAllChangesOnSuccess, CancellationToken cancellationToken)
   at FleetMind.Api.Data.FleetMindDbContext.SaveChangesAsync(CancellationToken cancellationToken) in C:\Users\Tamanna\Desktop\entnt\fleetmind-ai\backend\FleetMind.Api\Data\FleetMindDbContext.cs:line 162
   at FleetMind.Api.Data.FleetMindDbContext.SaveChanges() in C:\Users\Tamanna\Desktop\entnt\fleetmind-ai\backend\FleetMind.Api\Data\FleetMindDbContext.cs:line 89
   at FleetMind.Api.IntegrationTests.CustomWebApplicationFactory.<>c.<ConfigureWebHost>b__2_2(IServiceCollection services) in C:\Users\Tamanna\Desktop\entnt\fleetmind-ai\backend\FleetMind.Api.IntegrationTests\CustomWebApplicationFactory.cs:line 125
   at Microsoft.Extensions.Hosting.HostApplicationBuilder.HostBuilderAdapter.ApplyChanges()
   at Microsoft.Extensions.Hosting.HostApplicationBuilder.Build()
   at Microsoft.AspNetCore.Builder.WebApplicationBuilder.Build()
   at Program.<Main>$(String[] args) in C:\Users\Tamanna\Desktop\entnt\fleetmind-ai\backend\FleetMind.Api\Program.cs:line 205
   at Program.<Main>(String[] args)
   at InvokeStub_Program.<Main>(Object, Object, IntPtr*)
   at System.Reflection.MethodBaseInvoker.InvokeDirectByRefWithFewArgs(Object obj, Span`1 copyOfArgs, BindingFlags invokeAttr)
--- End of stack trace from previous location ---
   at Microsoft.Extensions.Hosting.HostFactoryResolver.HostingListener.CreateHost()
   at Microsoft.Extensions.Hosting.HostFactoryResolver.<>c__DisplayClass10_0.<ResolveHostFactory>b__0(String[] args)
   at Microsoft.AspNetCore.Mvc.Testing.DeferredHostBuilder.Build()
   at Microsoft.AspNetCore.Mvc.Testing.WebApplicationFactory`1.CreateHost(IHostBuilder builder)
   at Microsoft.AspNetCore.Mvc.Testing.WebApplicationFactory`1.ConfigureHostBuilder(IHostBuilder hostBuilder)
   at Microsoft.AspNetCore.Mvc.Testing.WebApplicationFactory`1.EnsureServer()
   at Microsoft.AspNetCore.Mvc.Testing.WebApplicationFactory`1.CreateDefaultClient(DelegatingHandler[] handlers)
   at Microsoft.AspNetCore.Mvc.Testing.WebApplicationFactory`1.CreateDefaultClient(Uri baseAddress, DelegatingHandler[] handlers)
   at Microsoft.AspNetCore.Mvc.Testing.WebApplicationFactory`1.CreateClient(WebApplicationFactoryClientOptions options)
   at Microsoft.AspNetCore.Mvc.Testing.WebApplicationFactory`1.CreateClient()
   at FleetMind.Api.IntegrationTests.Controllers.AuthControllerIntegrationTests.AuthLifecycle_EndToEnd_WorksAsExpected() in C:\Users\Tamanna\Desktop\entnt\fleetmind-ai\backend\FleetMind.Api.IntegrationTests\Controllers\AuthControllerIntegrationTests.cs:line 25
--- End of stack trace from previous location ---
----- Inner Stack Trace -----
   at Microsoft.Data.Sqlite.SqliteException.ThrowExceptionForRC(Int32 rc, sqlite3 db)
   at Microsoft.Data.Sqlite.SqliteDataReader.NextResult()
   at Microsoft.Data.Sqlite.SqliteCommand.ExecuteReader(CommandBehavior behavior)
   at Microsoft.Data.Sqlite.SqliteCommand.ExecuteReaderAsync(CommandBehavior behavior, CancellationToken cancellationToken)
   at Microsoft.Data.Sqlite.SqliteCommand.ExecuteDbDataReaderAsync(CommandBehavior behavior, CancellationToken cancellationToken)
   at Microsoft.EntityFrameworkCore.Storage.RelationalCommand.ExecuteReaderAsync(RelationalCommandParameterObject parameterObject, CancellationToken cancellationToken)
   at Microsoft.EntityFrameworkCore.Storage.RelationalCommand.ExecuteReaderAsync(RelationalCommandParameterObject parameterObject, CancellationToken cancellationToken)
   at Microsoft.EntityFrameworkCore.Update.ReaderModificationCommandBatch.ExecuteAsync(IRelationalConnection connection, CancellationToken cancellationToken)
  Failed FleetMind.Api.IntegrationTests.Controllers.FleetsControllerIntegrationTests.UpdateFleet_Returns200OK_AndSubsequentGetReflectsChange [5 s]
  Error Message:
   Microsoft.EntityFrameworkCore.DbUpdateException : An error occurred while saving the entity changes. See the inner exception for details.
---- Microsoft.Data.Sqlite.SqliteException : SQLite Error 19: 'NOT NULL constraint failed: Ships.Type'.
  Stack Trace:
     at Microsoft.EntityFrameworkCore.Update.ReaderModificationCommandBatch.ExecuteAsync(IRelationalConnection connection, CancellationToken cancellationToken)
   at Microsoft.EntityFrameworkCore.Update.Internal.BatchExecutor.ExecuteAsync(IEnumerable`1 commandBatches, IRelationalConnection connection, CancellationToken cancellationToken)
   at Microsoft.EntityFrameworkCore.Update.Internal.BatchExecutor.ExecuteAsync(IEnumerable`1 commandBatches, IRelationalConnection connection, CancellationToken cancellationToken)
   at Microsoft.EntityFrameworkCore.Update.Internal.BatchExecutor.ExecuteAsync(IEnumerable`1 commandBatches, IRelationalConnection connection, CancellationToken cancellationToken)
   at Microsoft.EntityFrameworkCore.Storage.RelationalDatabase.SaveChangesAsync(IList`1 entries, CancellationToken cancellationToken)
   at Microsoft.EntityFrameworkCore.ChangeTracking.Internal.StateManager.SaveChangesAsync(IList`1 entriesToSave, CancellationToken cancellationToken)
   at Microsoft.EntityFrameworkCore.ChangeTracking.Internal.StateManager.SaveChangesAsync(StateManager stateManager, Boolean acceptAllChangesOnSuccess, CancellationToken cancellationToken)
   at Microsoft.EntityFrameworkCore.DbContext.SaveChangesAsync(Boolean acceptAllChangesOnSuccess, CancellationToken cancellationToken)
   at Microsoft.EntityFrameworkCore.DbContext.SaveChangesAsync(Boolean acceptAllChangesOnSuccess, CancellationToken cancellationToken)
   at FleetMind.Api.Data.FleetMindDbContext.SaveChangesAsync(CancellationToken cancellationToken) in C:\Users\Tamanna\Desktop\entnt\fleetmind-ai\backend\FleetMind.Api\Data\FleetMindDbContext.cs:line 162
   at FleetMind.Api.Data.FleetMindDbContext.SaveChanges() in C:\Users\Tamanna\Desktop\entnt\fleetmind-ai\backend\FleetMind.Api\Data\FleetMindDbContext.cs:line 89
   at FleetMind.Api.IntegrationTests.CustomWebApplicationFactory.<>c.<ConfigureWebHost>b__2_2(IServiceCollection services) in C:\Users\Tamanna\Desktop\entnt\fleetmind-ai\backend\FleetMind.Api.IntegrationTests\CustomWebApplicationFactory.cs:line 125
   at Microsoft.Extensions.Hosting.HostApplicationBuilder.HostBuilderAdapter.ApplyChanges()
   at Microsoft.Extensions.Hosting.HostApplicationBuilder.Build()
   at Microsoft.AspNetCore.Builder.WebApplicationBuilder.Build()
   at Program.<Main>$(String[] args) in C:\Users\Tamanna\Desktop\entnt\fleetmind-ai\backend\FleetMind.Api\Program.cs:line 205
   at Program.<Main>(String[] args)
   at System.RuntimeMethodHandle.InvokeMethod(Object target, Void** arguments, Signature sig, Boolean isConstructor)
   at System.Reflection.MethodBaseInvoker.InvokeDirectByRefWithFewArgs(Object obj, Span`1 copyOfArgs, BindingFlags invokeAttr)
--- End of stack trace from previous location ---
   at Microsoft.Extensions.Hosting.HostFactoryResolver.HostingListener.CreateHost()
   at Microsoft.Extensions.Hosting.HostFactoryResolver.<>c__DisplayClass10_0.<ResolveHostFactory>b__0(String[] args)
   at Microsoft.AspNetCore.Mvc.Testing.DeferredHostBuilder.Build()
   at Microsoft.AspNetCore.Mvc.Testing.WebApplicationFactory`1.CreateHost(IHostBuilder builder)
   at Microsoft.AspNetCore.Mvc.Testing.WebApplicationFactory`1.ConfigureHostBuilder(IHostBuilder hostBuilder)
   at Microsoft.AspNetCore.Mvc.Testing.WebApplicationFactory`1.EnsureServer()
   at Microsoft.AspNetCore.Mvc.Testing.WebApplicationFactory`1.CreateDefaultClient(DelegatingHandler[] handlers)
   at Microsoft.AspNetCore.Mvc.Testing.WebApplicationFactory`1.CreateDefaultClient(Uri baseAddress, DelegatingHandler[] handlers)
   at Microsoft.AspNetCore.Mvc.Testing.WebApplicationFactory`1.CreateClient(WebApplicationFactoryClientOptions options)
   at Microsoft.AspNetCore.Mvc.Testing.WebApplicationFactory`1.CreateClient()
   at FleetMind.Api.IntegrationTests.TestHelpers.AuthenticatedClientHelper.GetAuthenticatedClientAsync(WebApplicationFactory`1 factory, String email, String password) in C:\Users\Tamanna\Desktop\entnt\fleetmind-ai\backend\FleetMind.Api.IntegrationTests\TestHelpers\AuthenticatedClientHelper.cs:line 17
   at FleetMind.Api.IntegrationTests.Controllers.FleetsControllerIntegrationTests.UpdateFleet_Returns200OK_AndSubsequentGetReflectsChange() in C:\Users\Tamanna\Desktop\entnt\fleetmind-ai\backend\FleetMind.Api.IntegrationTests\Controllers\FleetsControllerIntegrationTests.cs:line 79
--- End of stack trace from previous location ---
----- Inner Stack Trace -----
   at Microsoft.Data.Sqlite.SqliteException.ThrowExceptionForRC(Int32 rc, sqlite3 db)
   at Microsoft.Data.Sqlite.SqliteDataReader.NextResult()
   at Microsoft.Data.Sqlite.SqliteCommand.ExecuteReader(CommandBehavior behavior)
   at Microsoft.Data.Sqlite.SqliteCommand.ExecuteReaderAsync(CommandBehavior behavior, CancellationToken cancellationToken)
   at Microsoft.Data.Sqlite.SqliteCommand.ExecuteDbDataReaderAsync(CommandBehavior behavior, CancellationToken cancellationToken)
   at Microsoft.EntityFrameworkCore.Storage.RelationalCommand.ExecuteReaderAsync(RelationalCommandParameterObject parameterObject, CancellationToken cancellationToken)
   at Microsoft.EntityFrameworkCore.Storage.RelationalCommand.ExecuteReaderAsync(RelationalCommandParameterObject parameterObject, CancellationToken cancellationToken)
   at Microsoft.EntityFrameworkCore.Update.ReaderModificationCommandBatch.ExecuteAsync(IRelationalConnection connection, CancellationToken cancellationToken)
[16:18:20 ERR] Failed executing DbCommand (1ms) [Parameters=[@p0='?' (DbType = Guid), @p1='?' (DbType = DateTime), @p2='?', @p3='?' (DbType = Guid), @p4='?' (DbType = Decimal), @p5='?' (Size = 7), @p6='?' (DbType = Boolean), @p7='?' (Size = 9), @p8='?' (DbType = Guid), @p9='?' (Size = 6), @p10='?', @p11='?' (DbType = DateTime), @p12='?' (DbType = Int32)], CommandType='Text', CommandTimeout='30']
INSERT INTO "Ships" ("Id", "CreatedAt", "Flag", "FleetId", "GrossTonnage", "IMO", "IsDeleted", "Name", "PrimaryPhotoAttachmentId", "Status", "Type", "UpdatedAt", "YearBuilt")
VALUES (@p0, @p1, @p2, @p3, @p4, @p5, @p6, @p7, @p8, @p9, @p10, @p11, @p12);
[16:18:20 ERR] Failed executing DbCommand (1ms) [Parameters=[@p0='?' (DbType = Guid), @p1='?' (DbType = DateTime), @p2='?', @p3='?' (DbType = Guid), @p4='?' (DbType = Decimal), @p5='?' (Size = 7), @p6='?' (DbType = Boolean), @p7='?' (Size = 9), @p8='?' (DbType = Guid), @p9='?' (Size = 6), @p10='?', @p11='?' (DbType = DateTime), @p12='?' (DbType = Int32)], CommandType='Text', CommandTimeout='30']
INSERT INTO "Ships" ("Id", "CreatedAt", "Flag", "FleetId", "GrossTonnage", "IMO", "IsDeleted", "Name", "PrimaryPhotoAttachmentId", "Status", "Type", "UpdatedAt", "YearBuilt")
VALUES (@p0, @p1, @p2, @p3, @p4, @p5, @p6, @p7, @p8, @p9, @p10, @p11, @p12);
[16:18:20 ERR] An exception occurred in the database while saving changes for context type 'FleetMind.Api.Data.FleetMindDbContext'.
Microsoft.EntityFrameworkCore.DbUpdateException: An error occurred while saving the entity changes. See the inner exception for details.
 ---> Microsoft.Data.Sqlite.SqliteException (0x80004005): SQLite Error 19: 'NOT NULL constraint failed: Ships.Type'.
   at Microsoft.Data.Sqlite.SqliteException.ThrowExceptionForRC(Int32 rc, sqlite3 db)
   at Microsoft.Data.Sqlite.SqliteDataReader.NextResult()
   at Microsoft.Data.Sqlite.SqliteCommand.ExecuteReader(CommandBehavior behavior)
   at Microsoft.Data.Sqlite.SqliteCommand.ExecuteReaderAsync(CommandBehavior behavior, CancellationToken cancellationToken)
   at Microsoft.Data.Sqlite.SqliteCommand.ExecuteDbDataReaderAsync(CommandBehavior behavior, CancellationToken cancellationToken)
   at Microsoft.EntityFrameworkCore.Storage.RelationalCommand.ExecuteReaderAsync(RelationalCommandParameterObject parameterObject, CancellationToken cancellationToken)
   at Microsoft.EntityFrameworkCore.Storage.RelationalCommand.ExecuteReaderAsync(RelationalCommandParameterObject parameterObject, CancellationToken cancellationToken)
   at Microsoft.EntityFrameworkCore.Update.ReaderModificationCommandBatch.ExecuteAsync(IRelationalConnection connection, CancellationToken cancellationToken)
   --- End of inner exception stack trace ---
   at Microsoft.EntityFrameworkCore.Update.ReaderModificationCommandBatch.ExecuteAsync(IRelationalConnection connection, CancellationToken cancellationToken)
   at Microsoft.EntityFrameworkCore.Update.Internal.BatchExecutor.ExecuteAsync(IEnumerable`1 commandBatches, IRelationalConnection connection, CancellationToken cancellationToken)
   at Microsoft.EntityFrameworkCore.Update.Internal.BatchExecutor.ExecuteAsync(IEnumerable`1 commandBatches, IRelationalConnection connection, CancellationToken cancellationToken)
   at Microsoft.EntityFrameworkCore.Update.Internal.BatchExecutor.ExecuteAsync(IEnumerable`1 commandBatches, IRelationalConnection connection, CancellationToken cancellationToken)
   at Microsoft.EntityFrameworkCore.Storage.RelationalDatabase.SaveChangesAsync(IList`1 entries, CancellationToken cancellationToken)
   at Microsoft.EntityFrameworkCore.ChangeTracking.Internal.StateManager.SaveChangesAsync(IList`1 entriesToSave, CancellationToken cancellationToken)
   at Microsoft.EntityFrameworkCore.ChangeTracking.Internal.StateManager.SaveChangesAsync(StateManager stateManager, Boolean acceptAllChangesOnSuccess, CancellationToken cancellationToken)
   at Microsoft.EntityFrameworkCore.DbContext.SaveChangesAsync(Boolean acceptAllChangesOnSuccess, CancellationToken cancellationToken)
Microsoft.EntityFrameworkCore.DbUpdateException: An error occurred while saving the entity changes. See the inner exception for details.
 ---> Microsoft.Data.Sqlite.SqliteException (0x80004005): SQLite Error 19: 'NOT NULL constraint failed: Ships.Type'.
   at Microsoft.Data.Sqlite.SqliteException.ThrowExceptionForRC(Int32 rc, sqlite3 db)
   at Microsoft.Data.Sqlite.SqliteDataReader.NextResult()
   at Microsoft.Data.Sqlite.SqliteCommand.ExecuteReader(CommandBehavior behavior)
   at Microsoft.Data.Sqlite.SqliteCommand.ExecuteReaderAsync(CommandBehavior behavior, CancellationToken cancellationToken)
   at Microsoft.Data.Sqlite.SqliteCommand.ExecuteDbDataReaderAsync(CommandBehavior behavior, CancellationToken cancellationToken)
   at Microsoft.EntityFrameworkCore.Storage.RelationalCommand.ExecuteReaderAsync(RelationalCommandParameterObject parameterObject, CancellationToken cancellationToken)
   at Microsoft.EntityFrameworkCore.Storage.RelationalCommand.ExecuteReaderAsync(RelationalCommandParameterObject parameterObject, CancellationToken cancellationToken)
   at Microsoft.EntityFrameworkCore.Update.ReaderModificationCommandBatch.ExecuteAsync(IRelationalConnection connection, CancellationToken cancellationToken)
   --- End of inner exception stack trace ---
   at Microsoft.EntityFrameworkCore.Update.ReaderModificationCommandBatch.ExecuteAsync(IRelationalConnection connection, CancellationToken cancellationToken)
   at Microsoft.EntityFrameworkCore.Update.Internal.BatchExecutor.ExecuteAsync(IEnumerable`1 commandBatches, IRelationalConnection connection, CancellationToken cancellationToken)
   at Microsoft.EntityFrameworkCore.Update.Internal.BatchExecutor.ExecuteAsync(IEnumerable`1 commandBatches, IRelationalConnection connection, CancellationToken cancellationToken)
   at Microsoft.EntityFrameworkCore.Update.Internal.BatchExecutor.ExecuteAsync(IEnumerable`1 commandBatches, IRelationalConnection connection, CancellationToken cancellationToken)
   at Microsoft.EntityFrameworkCore.Storage.RelationalDatabase.SaveChangesAsync(IList`1 entries, CancellationToken cancellationToken)
   at Microsoft.EntityFrameworkCore.ChangeTracking.Internal.StateManager.SaveChangesAsync(IList`1 entriesToSave, CancellationToken cancellationToken)
   at Microsoft.EntityFrameworkCore.ChangeTracking.Internal.StateManager.SaveChangesAsync(StateManager stateManager, Boolean acceptAllChangesOnSuccess, CancellationToken cancellationToken)
   at Microsoft.EntityFrameworkCore.DbContext.SaveChangesAsync(Boolean acceptAllChangesOnSuccess, CancellationToken cancellationToken)
[16:18:20 ERR] An exception occurred in the database while saving changes for context type 'FleetMind.Api.Data.FleetMindDbContext'.
Microsoft.EntityFrameworkCore.DbUpdateException: An error occurred while saving the entity changes. See the inner exception for details.
 ---> Microsoft.Data.Sqlite.SqliteException (0x80004005): SQLite Error 19: 'NOT NULL constraint failed: Ships.Type'.
   at Microsoft.Data.Sqlite.SqliteException.ThrowExceptionForRC(Int32 rc, sqlite3 db)
   at Microsoft.Data.Sqlite.SqliteDataReader.NextResult()
   at Microsoft.Data.Sqlite.SqliteCommand.ExecuteReader(CommandBehavior behavior)
   at Microsoft.Data.Sqlite.SqliteCommand.ExecuteReaderAsync(CommandBehavior behavior, CancellationToken cancellationToken)
   at Microsoft.Data.Sqlite.SqliteCommand.ExecuteDbDataReaderAsync(CommandBehavior behavior, CancellationToken cancellationToken)
   at Microsoft.EntityFrameworkCore.Storage.RelationalCommand.ExecuteReaderAsync(RelationalCommandParameterObject parameterObject, CancellationToken cancellationToken)
   at Microsoft.EntityFrameworkCore.Storage.RelationalCommand.ExecuteReaderAsync(RelationalCommandParameterObject parameterObject, CancellationToken cancellationToken)
   at Microsoft.EntityFrameworkCore.Update.ReaderModificationCommandBatch.ExecuteAsync(IRelationalConnection connection, CancellationToken cancellationToken)
   --- End of inner exception stack trace ---
   at Microsoft.EntityFrameworkCore.Update.ReaderModificationCommandBatch.ExecuteAsync(IRelationalConnection connection, CancellationToken cancellationToken)
   at Microsoft.EntityFrameworkCore.Update.Internal.BatchExecutor.ExecuteAsync(IEnumerable`1 commandBatches, IRelationalConnection connection, CancellationToken cancellationToken)
   at Microsoft.EntityFrameworkCore.Update.Internal.BatchExecutor.ExecuteAsync(IEnumerable`1 commandBatches, IRelationalConnection connection, CancellationToken cancellationToken)
   at Microsoft.EntityFrameworkCore.Update.Internal.BatchExecutor.ExecuteAsync(IEnumerable`1 commandBatches, IRelationalConnection connection, CancellationToken cancellationToken)
   at Microsoft.EntityFrameworkCore.Storage.RelationalDatabase.SaveChangesAsync(IList`1 entries, CancellationToken cancellationToken)
   at Microsoft.EntityFrameworkCore.ChangeTracking.Internal.StateManager.SaveChangesAsync(IList`1 entriesToSave, CancellationToken cancellationToken)
   at Microsoft.EntityFrameworkCore.ChangeTracking.Internal.StateManager.SaveChangesAsync(StateManager stateManager, Boolean acceptAllChangesOnSuccess, CancellationToken cancellationToken)
   at Microsoft.EntityFrameworkCore.DbContext.SaveChangesAsync(Boolean acceptAllChangesOnSuccess, CancellationToken cancellationToken)
Microsoft.EntityFrameworkCore.DbUpdateException: An error occurred while saving the entity changes. See the inner exception for details.
 ---> Microsoft.Data.Sqlite.SqliteException (0x80004005): SQLite Error 19: 'NOT NULL constraint failed: Ships.Type'.
   at Microsoft.Data.Sqlite.SqliteException.ThrowExceptionForRC(Int32 rc, sqlite3 db)
   at Microsoft.Data.Sqlite.SqliteDataReader.NextResult()
   at Microsoft.Data.Sqlite.SqliteCommand.ExecuteReader(CommandBehavior behavior)
   at Microsoft.Data.Sqlite.SqliteCommand.ExecuteReaderAsync(CommandBehavior behavior, CancellationToken cancellationToken)
   at Microsoft.Data.Sqlite.SqliteCommand.ExecuteDbDataReaderAsync(CommandBehavior behavior, CancellationToken cancellationToken)
   at Microsoft.EntityFrameworkCore.Storage.RelationalCommand.ExecuteReaderAsync(RelationalCommandParameterObject parameterObject, CancellationToken cancellationToken)
   at Microsoft.EntityFrameworkCore.Storage.RelationalCommand.ExecuteReaderAsync(RelationalCommandParameterObject parameterObject, CancellationToken cancellationToken)
   at Microsoft.EntityFrameworkCore.Update.ReaderModificationCommandBatch.ExecuteAsync(IRelationalConnection connection, CancellationToken cancellationToken)
   --- End of inner exception stack trace ---
   at Microsoft.EntityFrameworkCore.Update.ReaderModificationCommandBatch.ExecuteAsync(IRelationalConnection connection, CancellationToken cancellationToken)
   at Microsoft.EntityFrameworkCore.Update.Internal.BatchExecutor.ExecuteAsync(IEnumerable`1 commandBatches, IRelationalConnection connection, CancellationToken cancellationToken)
   at Microsoft.EntityFrameworkCore.Update.Internal.BatchExecutor.ExecuteAsync(IEnumerable`1 commandBatches, IRelationalConnection connection, CancellationToken cancellationToken)
   at Microsoft.EntityFrameworkCore.Update.Internal.BatchExecutor.ExecuteAsync(IEnumerable`1 commandBatches, IRelationalConnection connection, CancellationToken cancellationToken)
   at Microsoft.EntityFrameworkCore.Storage.RelationalDatabase.SaveChangesAsync(IList`1 entries, CancellationToken cancellationToken)
   at Microsoft.EntityFrameworkCore.ChangeTracking.Internal.StateManager.SaveChangesAsync(IList`1 entriesToSave, CancellationToken cancellationToken)
   at Microsoft.EntityFrameworkCore.ChangeTracking.Internal.StateManager.SaveChangesAsync(StateManager stateManager, Boolean acceptAllChangesOnSuccess, CancellationToken cancellationToken)
   at Microsoft.EntityFrameworkCore.DbContext.SaveChangesAsync(Boolean acceptAllChangesOnSuccess, CancellationToken cancellationToken)
[16:18:20 FTL] Application terminated unexpectedly
Microsoft.EntityFrameworkCore.DbUpdateException: An error occurred while saving the entity changes. See the inner exception for details.
 ---> Microsoft.Data.Sqlite.SqliteException (0x80004005): SQLite Error 19: 'NOT NULL constraint failed: Ships.Type'.
   at Microsoft.Data.Sqlite.SqliteException.ThrowExceptionForRC(Int32 rc, sqlite3 db)
   at Microsoft.Data.Sqlite.SqliteDataReader.NextResult()
   at Microsoft.Data.Sqlite.SqliteCommand.ExecuteReader(CommandBehavior behavior)
   at Microsoft.Data.Sqlite.SqliteCommand.ExecuteReaderAsync(CommandBehavior behavior, CancellationToken cancellationToken)
   at Microsoft.Data.Sqlite.SqliteCommand.ExecuteDbDataReaderAsync(CommandBehavior behavior, CancellationToken cancellationToken)
   at Microsoft.EntityFrameworkCore.Storage.RelationalCommand.ExecuteReaderAsync(RelationalCommandParameterObject parameterObject, CancellationToken cancellationToken)
   at Microsoft.EntityFrameworkCore.Storage.RelationalCommand.ExecuteReaderAsync(RelationalCommandParameterObject parameterObject, CancellationToken cancellationToken)
   at Microsoft.EntityFrameworkCore.Update.ReaderModificationCommandBatch.ExecuteAsync(IRelationalConnection connection, CancellationToken cancellationToken)
   --- End of inner exception stack trace ---
   at Microsoft.EntityFrameworkCore.Update.ReaderModificationCommandBatch.ExecuteAsync(IRelationalConnection connection, CancellationToken cancellationToken)
   at Microsoft.EntityFrameworkCore.Update.Internal.BatchExecutor.ExecuteAsync(IEnumerable`1 commandBatches, IRelationalConnection connection, CancellationToken cancellationToken)
   at Microsoft.EntityFrameworkCore.Update.Internal.BatchExecutor.ExecuteAsync(IEnumerable`1 commandBatches, IRelationalConnection connection, CancellationToken cancellationToken)
   at Microsoft.EntityFrameworkCore.Update.Internal.BatchExecutor.ExecuteAsync(IEnumerable`1 commandBatches, IRelationalConnection connection, CancellationToken cancellationToken)
   at Microsoft.EntityFrameworkCore.Storage.RelationalDatabase.SaveChangesAsync(IList`1 entries, CancellationToken cancellationToken)
   at Microsoft.EntityFrameworkCore.ChangeTracking.Internal.StateManager.SaveChangesAsync(IList`1 entriesToSave, CancellationToken cancellationToken)
   at Microsoft.EntityFrameworkCore.ChangeTracking.Internal.StateManager.SaveChangesAsync(StateManager stateManager, Boolean acceptAllChangesOnSuccess, CancellationToken cancellationToken)
   at Microsoft.EntityFrameworkCore.DbContext.SaveChangesAsync(Boolean acceptAllChangesOnSuccess, CancellationToken cancellationToken)
   at Microsoft.EntityFrameworkCore.DbContext.SaveChangesAsync(Boolean acceptAllChangesOnSuccess, CancellationToken cancellationToken)
   at FleetMind.Api.Data.FleetMindDbContext.SaveChangesAsync(CancellationToken cancellationToken) in C:\Users\Tamanna\Desktop\entnt\fleetmind-ai\backend\FleetMind.Api\Data\FleetMindDbContext.cs:line 162
   at FleetMind.Api.Data.FleetMindDbContext.SaveChanges() in C:\Users\Tamanna\Desktop\entnt\fleetmind-ai\backend\FleetMind.Api\Data\FleetMindDbContext.cs:line 89
   at FleetMind.Api.IntegrationTests.CustomWebApplicationFactory.<>c.<ConfigureWebHost>b__2_2(IServiceCollection services) in C:\Users\Tamanna\Desktop\entnt\fleetmind-ai\backend\FleetMind.Api.IntegrationTests\CustomWebApplicationFactory.cs:line 125
   at Microsoft.Extensions.Hosting.HostApplicationBuilder.HostBuilderAdapter.ApplyChanges()
   at Microsoft.Extensions.Hosting.HostApplicationBuilder.Build()
   at Microsoft.AspNetCore.Builder.WebApplicationBuilder.Build()
   at Program.<Main>$(String[] args) in C:\Users\Tamanna\Desktop\entnt\fleetmind-ai\backend\FleetMind.Api\Program.cs:line 205
[16:18:20 FTL] Application terminated unexpectedly
Microsoft.EntityFrameworkCore.DbUpdateException: An error occurred while saving the entity changes. See the inner exception for details.
 ---> Microsoft.Data.Sqlite.SqliteException (0x80004005): SQLite Error 19: 'NOT NULL constraint failed: Ships.Type'.
   at Microsoft.Data.Sqlite.SqliteException.ThrowExceptionForRC(Int32 rc, sqlite3 db)
   at Microsoft.Data.Sqlite.SqliteDataReader.NextResult()
   at Microsoft.Data.Sqlite.SqliteCommand.ExecuteReader(CommandBehavior behavior)
   at Microsoft.Data.Sqlite.SqliteCommand.ExecuteReaderAsync(CommandBehavior behavior, CancellationToken cancellationToken)
   at Microsoft.Data.Sqlite.SqliteCommand.ExecuteDbDataReaderAsync(CommandBehavior behavior, CancellationToken cancellationToken)
   at Microsoft.EntityFrameworkCore.Storage.RelationalCommand.ExecuteReaderAsync(RelationalCommandParameterObject parameterObject, CancellationToken cancellationToken)
   at Microsoft.EntityFrameworkCore.Storage.RelationalCommand.ExecuteReaderAsync(RelationalCommandParameterObject parameterObject, CancellationToken cancellationToken)
   at Microsoft.EntityFrameworkCore.Update.ReaderModificationCommandBatch.ExecuteAsync(IRelationalConnection connection, CancellationToken cancellationToken)
   --- End of inner exception stack trace ---
   at Microsoft.EntityFrameworkCore.Update.ReaderModificationCommandBatch.ExecuteAsync(IRelationalConnection connection, CancellationToken cancellationToken)
   at Microsoft.EntityFrameworkCore.Update.Internal.BatchExecutor.ExecuteAsync(IEnumerable`1 commandBatches, IRelationalConnection connection, CancellationToken cancellationToken)
   at Microsoft.EntityFrameworkCore.Update.Internal.BatchExecutor.ExecuteAsync(IEnumerable`1 commandBatches, IRelationalConnection connection, CancellationToken cancellationToken)
   at Microsoft.EntityFrameworkCore.Update.Internal.BatchExecutor.ExecuteAsync(IEnumerable`1 commandBatches, IRelationalConnection connection, CancellationToken cancellationToken)
   at Microsoft.EntityFrameworkCore.Storage.RelationalDatabase.SaveChangesAsync(IList`1 entries, CancellationToken cancellationToken)
   at Microsoft.EntityFrameworkCore.ChangeTracking.Internal.StateManager.SaveChangesAsync(IList`1 entriesToSave, CancellationToken cancellationToken)
   at Microsoft.EntityFrameworkCore.ChangeTracking.Internal.StateManager.SaveChangesAsync(StateManager stateManager, Boolean acceptAllChangesOnSuccess, CancellationToken cancellationToken)
   at Microsoft.EntityFrameworkCore.DbContext.SaveChangesAsync(Boolean acceptAllChangesOnSuccess, CancellationToken cancellationToken)
   at Microsoft.EntityFrameworkCore.DbContext.SaveChangesAsync(Boolean acceptAllChangesOnSuccess, CancellationToken cancellationToken)
   at FleetMind.Api.Data.FleetMindDbContext.SaveChangesAsync(CancellationToken cancellationToken) in C:\Users\Tamanna\Desktop\entnt\fleetmind-ai\backend\FleetMind.Api\Data\FleetMindDbContext.cs:line 162
   at FleetMind.Api.Data.FleetMindDbContext.SaveChanges() in C:\Users\Tamanna\Desktop\entnt\fleetmind-ai\backend\FleetMind.Api\Data\FleetMindDbContext.cs:line 89
   at FleetMind.Api.IntegrationTests.CustomWebApplicationFactory.<>c.<ConfigureWebHost>b__2_2(IServiceCollection services) in C:\Users\Tamanna\Desktop\entnt\fleetmind-ai\backend\FleetMind.Api.IntegrationTests\CustomWebApplicationFactory.cs:line 125
   at Microsoft.Extensions.Hosting.HostApplicationBuilder.HostBuilderAdapter.ApplyChanges()
   at Microsoft.Extensions.Hosting.HostApplicationBuilder.Build()
   at Microsoft.AspNetCore.Builder.WebApplicationBuilder.Build()
   at Program.<Main>$(String[] args) in C:\Users\Tamanna\Desktop\entnt\fleetmind-ai\backend\FleetMind.Api\Program.cs:line 205
[xUnit.net 00:00:09.45]       Microsoft.EntityFrameworkCore.DbUpdateException : An error occurred while saving the entity changes. See the inner exception for details.
[xUnit.net 00:00:09.45]       ---- Microsoft.Data.Sqlite.SqliteException : SQLite Error 19: 'NOT NULL constraint failed: Ships.Type'.
[xUnit.net 00:00:09.45]       Stack Trace:
[xUnit.net 00:00:09.45]            at Microsoft.EntityFrameworkCore.Update.ReaderModificationCommandBatch.ExecuteAsync(IRelationalConnection connection, CancellationToken cancellationToken)
[xUnit.net 00:00:09.45]            at Microsoft.EntityFrameworkCore.Update.Internal.BatchExecutor.ExecuteAsync(IEnumerable`1 commandBatches, IRelationalConnection connection, CancellationToken cancellationToken)
[xUnit.net 00:00:09.45]            at Microsoft.EntityFrameworkCore.Update.Internal.BatchExecutor.ExecuteAsync(IEnumerable`1 commandBatches, IRelationalConnection connection, CancellationToken cancellationToken)
[xUnit.net 00:00:09.45]            at Microsoft.EntityFrameworkCore.Update.Internal.BatchExecutor.ExecuteAsync(IEnumerable`1 commandBatches, IRelationalConnection connection, CancellationToken cancellationToken)
[xUnit.net 00:00:09.45]            at Microsoft.EntityFrameworkCore.Storage.RelationalDatabase.SaveChangesAsync(IList`1 entries, CancellationToken cancellationToken)
[xUnit.net 00:00:09.45]            at Microsoft.EntityFrameworkCore.ChangeTracking.Internal.StateManager.SaveChangesAsync(IList`1 entriesToSave, CancellationToken cancellationToken)
[xUnit.net 00:00:09.45]            at Microsoft.EntityFrameworkCore.ChangeTracking.Internal.StateManager.SaveChangesAsync(StateManager stateManager, Boolean acceptAllChangesOnSuccess, CancellationToken cancellationToken)
[xUnit.net 00:00:09.45]            at Microsoft.EntityFrameworkCore.DbContext.SaveChangesAsync(Boolean acceptAllChangesOnSuccess, CancellationToken cancellationToken)
[xUnit.net 00:00:09.45]            at Microsoft.EntityFrameworkCore.DbContext.SaveChangesAsync(Boolean acceptAllChangesOnSuccess, CancellationToken cancellationToken)
[xUnit.net 00:00:09.45]         C:\Users\Tamanna\Desktop\entnt\fleetmind-ai\backend\FleetMind.Api\Data\FleetMindDbContext.cs(162,0): at FleetMind.Api.Data.FleetMindDbContext.SaveChangesAsync(CancellationToken cancellationToken)
[xUnit.net 00:00:09.45]         C:\Users\Tamanna\Desktop\entnt\fleetmind-ai\backend\FleetMind.Api\Data\FleetMindDbContext.cs(89,0): at FleetMind.Api.Data.FleetMindDbContext.SaveChanges()
[xUnit.net 00:00:09.45]         C:\Users\Tamanna\Desktop\entnt\fleetmind-ai\backend\FleetMind.Api.IntegrationTests\CustomWebApplicationFactory.cs(125,0): at FleetMind.Api.IntegrationTests.CustomWebApplicationFactory.<>c.<ConfigureWebHost>b__2_2(IServiceCollection services)
[xUnit.net 00:00:09.45]            at Microsoft.Extensions.Hosting.HostApplicationBuilder.HostBuilderAdapter.ApplyChanges()
[xUnit.net 00:00:09.45]            at Microsoft.Extensions.Hosting.HostApplicationBuilder.Build()
[xUnit.net 00:00:09.45]            at Microsoft.AspNetCore.Builder.WebApplicationBuilder.Build()
[xUnit.net 00:00:09.45]         C:\Users\Tamanna\Desktop\entnt\fleetmind-ai\backend\FleetMind.Api\Program.cs(205,0): at Program.<Main>$(String[] args)
[xUnit.net 00:00:09.45]            at Program.<Main>(String[] args)
[xUnit.net 00:00:09.45]            at InvokeStub_Program.<Main>(Object, Span`1)
[xUnit.net 00:00:09.45]            at System.Reflection.MethodBaseInvoker.InvokeWithOneArg(Object obj, BindingFlags invokeAttr, Binder binder, Object[] parameters, CultureInfo culture)
[xUnit.net 00:00:09.45]         --- End of stack trace from previous location ---
[xUnit.net 00:00:09.45]            at Microsoft.Extensions.Hosting.HostFactoryResolver.HostingListener.CreateHost()
[xUnit.net 00:00:09.45]            at Microsoft.Extensions.Hosting.HostFactoryResolver.<>c__DisplayClass10_0.<ResolveHostFactory>b__0(String[] args)
[xUnit.net 00:00:09.45]            at Microsoft.AspNetCore.Mvc.Testing.DeferredHostBuilder.Build()
[xUnit.net 00:00:09.45]            at Microsoft.AspNetCore.Mvc.Testing.WebApplicationFactory`1.CreateHost(IHostBuilder builder)
[xUnit.net 00:00:09.45]            at Microsoft.AspNetCore.Mvc.Testing.WebApplicationFactory`1.ConfigureHostBuilder(IHostBuilder hostBuilder)
[xUnit.net 00:00:09.45]            at Microsoft.AspNetCore.Mvc.Testing.WebApplicationFactory`1.EnsureServer()
[xUnit.net 00:00:09.45]            at Microsoft.AspNetCore.Mvc.Testing.WebApplicationFactory`1.CreateDefaultClient(DelegatingHandler[] handlers)
[xUnit.net 00:00:09.45]            at Microsoft.AspNetCore.Mvc.Testing.WebApplicationFactory`1.CreateDefaultClient(Uri baseAddress, DelegatingHandler[] handlers)
[xUnit.net 00:00:09.45]            at Microsoft.AspNetCore.Mvc.Testing.WebApplicationFactory`1.CreateClient(WebApplicationFactoryClientOptions options)
[xUnit.net 00:00:09.45]            at Microsoft.AspNetCore.Mvc.Testing.WebApplicationFactory`1.CreateClient()
[xUnit.net 00:00:09.45]         C:\Users\Tamanna\Desktop\entnt\fleetmind-ai\backend\FleetMind.Api.IntegrationTests\TestHelpers\AuthenticatedClientHelper.cs(17,0): at FleetMind.Api.IntegrationTests.TestHelpers.AuthenticatedClientHelper.GetAuthenticatedClientAsync(WebApplicationFactory`1 factory, String email, String password)
[xUnit.net 00:00:09.46]         C:\Users\Tamanna\Desktop\entnt\fleetmind-ai\backend\FleetMind.Api.IntegrationTests\Controllers\FleetsControllerIntegrationTests.cs(51,0): at FleetMind.Api.IntegrationTests.Controllers.FleetsControllerIntegrationTests.GetFleet_AfterCreation_Returns200OK_WithMatchingData()
[xUnit.net 00:00:09.46]         --- End of stack trace from previous location ---
[xUnit.net 00:00:09.46]         ----- Inner Stack Trace -----
[xUnit.net 00:00:09.46]            at Microsoft.Data.Sqlite.SqliteException.ThrowExceptionForRC(Int32 rc, sqlite3 db)
[xUnit.net 00:00:09.46]            at Microsoft.Data.Sqlite.SqliteDataReader.NextResult()
[xUnit.net 00:00:09.46]            at Microsoft.Data.Sqlite.SqliteCommand.ExecuteReader(CommandBehavior behavior)
[xUnit.net 00:00:09.46]            at Microsoft.Data.Sqlite.SqliteCommand.ExecuteReaderAsync(CommandBehavior behavior, CancellationToken cancellationToken)
[xUnit.net 00:00:09.46]            at Microsoft.Data.Sqlite.SqliteCommand.ExecuteDbDataReaderAsync(CommandBehavior behavior, CancellationToken cancellationToken)
[xUnit.net 00:00:09.46]            at Microsoft.EntityFrameworkCore.Storage.RelationalCommand.ExecuteReaderAsync(RelationalCommandParameterObject parameterObject, CancellationToken cancellationToken)
[xUnit.net 00:00:09.46]            at Microsoft.EntityFrameworkCore.Storage.RelationalCommand.ExecuteReaderAsync(RelationalCommandParameterObject parameterObject, CancellationToken cancellationToken)
[xUnit.net 00:00:09.46]            at Microsoft.EntityFrameworkCore.Update.ReaderModificationCommandBatch.ExecuteAsync(IRelationalConnection connection, CancellationToken cancellationToken)
[xUnit.net 00:00:09.46]       Microsoft.EntityFrameworkCore.DbUpdateException : An error occurred while saving the entity changes. See the inner exception for details.
[xUnit.net 00:00:09.46]       ---- Microsoft.Data.Sqlite.SqliteException : SQLite Error 19: 'NOT NULL constraint failed: Ships.Type'.
[xUnit.net 00:00:09.46]       Stack Trace:
[xUnit.net 00:00:09.46]            at Microsoft.EntityFrameworkCore.Update.ReaderModificationCommandBatch.ExecuteAsync(IRelationalConnection connection, CancellationToken cancellationToken)
[xUnit.net 00:00:09.46]            at Microsoft.EntityFrameworkCore.Update.Internal.BatchExecutor.ExecuteAsync(IEnumerable`1 commandBatches, IRelationalConnection connection, CancellationToken cancellationToken)
[xUnit.net 00:00:09.46]            at Microsoft.EntityFrameworkCore.Update.Internal.BatchExecutor.ExecuteAsync(IEnumerable`1 commandBatches, IRelationalConnection connection, CancellationToken cancellationToken)
[xUnit.net 00:00:09.46]            at Microsoft.EntityFrameworkCore.Update.Internal.BatchExecutor.ExecuteAsync(IEnumerable`1 commandBatches, IRelationalConnection connection, CancellationToken cancellationToken)
[xUnit.net 00:00:09.46]            at Microsoft.EntityFrameworkCore.Storage.RelationalDatabase.SaveChangesAsync(IList`1 entries, CancellationToken cancellationToken)
[xUnit.net 00:00:09.46]            at Microsoft.EntityFrameworkCore.ChangeTracking.Internal.StateManager.SaveChangesAsync(IList`1 entriesToSave, CancellationToken cancellationToken)
[xUnit.net 00:00:09.46]            at Microsoft.EntityFrameworkCore.ChangeTracking.Internal.StateManager.SaveChangesAsync(StateManager stateManager, Boolean acceptAllChangesOnSuccess, CancellationToken cancellationToken)
[xUnit.net 00:00:09.46]            at Microsoft.EntityFrameworkCore.DbContext.SaveChangesAsync(Boolean acceptAllChangesOnSuccess, CancellationToken cancellationToken)
[xUnit.net 00:00:09.46]            at Microsoft.EntityFrameworkCore.DbContext.SaveChangesAsync(Boolean acceptAllChangesOnSuccess, CancellationToken cancellationToken)
[xUnit.net 00:00:09.46]         C:\Users\Tamanna\Desktop\entnt\fleetmind-ai\backend\FleetMind.Api\Data\FleetMindDbContext.cs(162,0): at FleetMind.Api.Data.FleetMindDbContext.SaveChangesAsync(CancellationToken cancellationToken)
[xUnit.net 00:00:09.46]         C:\Users\Tamanna\Desktop\entnt\fleetmind-ai\backend\FleetMind.Api\Data\FleetMindDbContext.cs(89,0): at FleetMind.Api.Data.FleetMindDbContext.SaveChanges()
[xUnit.net 00:00:09.46]         C:\Users\Tamanna\Desktop\entnt\fleetmind-ai\backend\FleetMind.Api.IntegrationTests\CustomWebApplicationFactory.cs(125,0): at FleetMind.Api.IntegrationTests.CustomWebApplicationFactory.<>c.<ConfigureWebHost>b__2_2(IServiceCollection services)
[xUnit.net 00:00:09.46]            at Microsoft.Extensions.Hosting.HostApplicationBuilder.HostBuilderAdapter.ApplyChanges()
[xUnit.net 00:00:09.46]            at Microsoft.Extensions.Hosting.HostApplicationBuilder.Build()
[xUnit.net 00:00:09.46]            at Microsoft.AspNetCore.Builder.WebApplicationBuilder.Build()
[xUnit.net 00:00:09.46]         C:\Users\Tamanna\Desktop\entnt\fleetmind-ai\backend\FleetMind.Api\Program.cs(205,0): at Program.<Main>$(String[] args)
[xUnit.net 00:00:09.46]            at Program.<Main>(String[] args)
[xUnit.net 00:00:09.46]            at InvokeStub_Program.<Main>(Object, Span`1)
[xUnit.net 00:00:09.47]            at System.Reflection.MethodBaseInvoker.InvokeWithOneArg(Object obj, BindingFlags invokeAttr, Binder binder, Object[] parameters, CultureInfo culture)
[xUnit.net 00:00:09.47]         --- End of stack trace from previous location ---
[xUnit.net 00:00:09.47]            at Microsoft.Extensions.Hosting.HostFactoryResolver.HostingListener.CreateHost()
[xUnit.net 00:00:09.47]            at Microsoft.Extensions.Hosting.HostFactoryResolver.<>c__DisplayClass10_0.<ResolveHostFactory>b__0(String[] args)
[xUnit.net 00:00:09.47]            at Microsoft.AspNetCore.Mvc.Testing.DeferredHostBuilder.Build()
[xUnit.net 00:00:09.47]            at Microsoft.AspNetCore.Mvc.Testing.WebApplicationFactory`1.CreateHost(IHostBuilder builder)
[xUnit.net 00:00:09.47]            at Microsoft.AspNetCore.Mvc.Testing.WebApplicationFactory`1.ConfigureHostBuilder(IHostBuilder hostBuilder)
[xUnit.net 00:00:09.47]            at Microsoft.AspNetCore.Mvc.Testing.WebApplicationFactory`1.EnsureServer()
[xUnit.net 00:00:09.47]            at Microsoft.AspNetCore.Mvc.Testing.WebApplicationFactory`1.CreateDefaultClient(DelegatingHandler[] handlers)
[xUnit.net 00:00:09.47]            at Microsoft.AspNetCore.Mvc.Testing.WebApplicationFactory`1.CreateDefaultClient(Uri baseAddress, DelegatingHandler[] handlers)
[xUnit.net 00:00:09.47]            at Microsoft.AspNetCore.Mvc.Testing.WebApplicationFactory`1.CreateClient(WebApplicationFactoryClientOptions options)
[xUnit.net 00:00:09.47]            at Microsoft.AspNetCore.Mvc.Testing.WebApplicationFactory`1.CreateClient()
[xUnit.net 00:00:09.47]         C:\Users\Tamanna\Desktop\entnt\fleetmind-ai\backend\FleetMind.Api.IntegrationTests\TestHelpers\AuthenticatedClientHelper.cs(17,0): at FleetMind.Api.IntegrationTests.TestHelpers.AuthenticatedClientHelper.GetAuthenticatedClientAsync(WebApplicationFactory`1 factory, String email, String password)
[xUnit.net 00:00:09.47]         C:\Users\Tamanna\Desktop\entnt\fleetmind-ai\backend\FleetMind.Api.IntegrationTests\Controllers\NotificationPipelineIntegrationTests.cs(27,0): at FleetMind.Api.IntegrationTests.Controllers.NotificationPipelineIntegrationTests.FuelAnomaly_TriggersNotification_AndIsRetrievableViaApi()
[xUnit.net 00:00:09.47]         --- End of stack trace from previous location ---
[xUnit.net 00:00:09.47]         ----- Inner Stack Trace -----
[xUnit.net 00:00:09.47]            at Microsoft.Data.Sqlite.SqliteException.ThrowExceptionForRC(Int32 rc, sqlite3 db)
[xUnit.net 00:00:09.47]            at Microsoft.Data.Sqlite.SqliteDataReader.NextResult()
[xUnit.net 00:00:09.47]            at Microsoft.Data.Sqlite.SqliteCommand.ExecuteReader(CommandBehavior behavior)
[xUnit.net 00:00:09.47]            at Microsoft.Data.Sqlite.SqliteCommand.ExecuteReaderAsync(CommandBehavior behavior, CancellationToken cancellationToken)
[xUnit.net 00:00:09.47]            at Microsoft.Data.Sqlite.SqliteCommand.ExecuteDbDataReaderAsync(CommandBehavior behavior, CancellationToken cancellationToken)
[xUnit.net 00:00:09.47]            at Microsoft.EntityFrameworkCore.Storage.RelationalCommand.ExecuteReaderAsync(RelationalCommandParameterObject parameterObject, CancellationToken cancellationToken)
[xUnit.net 00:00:09.47]            at Microsoft.EntityFrameworkCore.Storage.RelationalCommand.ExecuteReaderAsync(RelationalCommandParameterObject parameterObject, CancellationToken cancellationToken)
[xUnit.net 00:00:09.47]            at Microsoft.EntityFrameworkCore.Update.ReaderModificationCommandBatch.ExecuteAsync(IRelationalConnection connection, CancellationToken cancellationToken)
  Failed FleetMind.Api.IntegrationTests.Controllers.FleetsControllerIntegrationTests.GetFleet_AfterCreation_Returns200OK_WithMatchingData [3 s]
  Error Message:
   Microsoft.EntityFrameworkCore.DbUpdateException : An error occurred while saving the entity changes. See the inner exception for details.
---- Microsoft.Data.Sqlite.SqliteException : SQLite Error 19: 'NOT NULL constraint failed: Ships.Type'.
  Stack Trace:
     at Microsoft.EntityFrameworkCore.Update.ReaderModificationCommandBatch.ExecuteAsync(IRelationalConnection connection, CancellationToken cancellationToken)
   at Microsoft.EntityFrameworkCore.Update.Internal.BatchExecutor.ExecuteAsync(IEnumerable`1 commandBatches, IRelationalConnection connection, CancellationToken cancellationToken)
   at Microsoft.EntityFrameworkCore.Update.Internal.BatchExecutor.ExecuteAsync(IEnumerable`1 commandBatches, IRelationalConnection connection, CancellationToken cancellationToken)
   at Microsoft.EntityFrameworkCore.Update.Internal.BatchExecutor.ExecuteAsync(IEnumerable`1 commandBatches, IRelationalConnection connection, CancellationToken cancellationToken)
   at Microsoft.EntityFrameworkCore.Storage.RelationalDatabase.SaveChangesAsync(IList`1 entries, CancellationToken cancellationToken)
   at Microsoft.EntityFrameworkCore.ChangeTracking.Internal.StateManager.SaveChangesAsync(IList`1 entriesToSave, CancellationToken cancellationToken)
   at Microsoft.EntityFrameworkCore.ChangeTracking.Internal.StateManager.SaveChangesAsync(StateManager stateManager, Boolean acceptAllChangesOnSuccess, CancellationToken cancellationToken)
   at Microsoft.EntityFrameworkCore.DbContext.SaveChangesAsync(Boolean acceptAllChangesOnSuccess, CancellationToken cancellationToken)
   at Microsoft.EntityFrameworkCore.DbContext.SaveChangesAsync(Boolean acceptAllChangesOnSuccess, CancellationToken cancellationToken)
   at FleetMind.Api.Data.FleetMindDbContext.SaveChangesAsync(CancellationToken cancellationToken) in C:\Users\Tamanna\Desktop\entnt\fleetmind-ai\backend\FleetMind.Api\Data\FleetMindDbContext.cs:line 162
   at FleetMind.Api.Data.FleetMindDbContext.SaveChanges() in C:\Users\Tamanna\Desktop\entnt\fleetmind-ai\backend\FleetMind.Api\Data\FleetMindDbContext.cs:line 89
   at FleetMind.Api.IntegrationTests.CustomWebApplicationFactory.<>c.<ConfigureWebHost>b__2_2(IServiceCollection services) in C:\Users\Tamanna\Desktop\entnt\fleetmind-ai\backend\FleetMind.Api.IntegrationTests\CustomWebApplicationFactory.cs:line 125
   at Microsoft.Extensions.Hosting.HostApplicationBuilder.HostBuilderAdapter.ApplyChanges()
   at Microsoft.Extensions.Hosting.HostApplicationBuilder.Build()
   at Microsoft.AspNetCore.Builder.WebApplicationBuilder.Build()
   at Program.<Main>$(String[] args) in C:\Users\Tamanna\Desktop\entnt\fleetmind-ai\backend\FleetMind.Api\Program.cs:line 205
   at Program.<Main>(String[] args)
   at InvokeStub_Program.<Main>(Object, Span`1)
   at System.Reflection.MethodBaseInvoker.InvokeWithOneArg(Object obj, BindingFlags invokeAttr, Binder binder, Object[] parameters, CultureInfo culture)
--- End of stack trace from previous location ---
   at Microsoft.Extensions.Hosting.HostFactoryResolver.HostingListener.CreateHost()
   at Microsoft.Extensions.Hosting.HostFactoryResolver.<>c__DisplayClass10_0.<ResolveHostFactory>b__0(String[] args)
   at Microsoft.AspNetCore.Mvc.Testing.DeferredHostBuilder.Build()
   at Microsoft.AspNetCore.Mvc.Testing.WebApplicationFactory`1.CreateHost(IHostBuilder builder)
   at Microsoft.AspNetCore.Mvc.Testing.WebApplicationFactory`1.ConfigureHostBuilder(IHostBuilder hostBuilder)
   at Microsoft.AspNetCore.Mvc.Testing.WebApplicationFactory`1.EnsureServer()
   at Microsoft.AspNetCore.Mvc.Testing.WebApplicationFactory`1.CreateDefaultClient(DelegatingHandler[] handlers)
   at Microsoft.AspNetCore.Mvc.Testing.WebApplicationFactory`1.CreateDefaultClient(Uri baseAddress, DelegatingHandler[] handlers)
   at Microsoft.AspNetCore.Mvc.Testing.WebApplicationFactory`1.CreateClient(WebApplicationFactoryClientOptions options)
   at Microsoft.AspNetCore.Mvc.Testing.WebApplicationFactory`1.CreateClient()
   at FleetMind.Api.IntegrationTests.TestHelpers.AuthenticatedClientHelper.GetAuthenticatedClientAsync(WebApplicationFactory`1 factory, String email, String password) in C:\Users\Tamanna\Desktop\entnt\fleetmind-ai\backend\FleetMind.Api.IntegrationTests\TestHelpers\AuthenticatedClientHelper.cs:line 17
   at FleetMind.Api.IntegrationTests.Controllers.FleetsControllerIntegrationTests.GetFleet_AfterCreation_Returns200OK_WithMatchingData() in C:\Users\Tamanna\Desktop\entnt\fleetmind-ai\backend\FleetMind.Api.IntegrationTests\Controllers\FleetsControllerIntegrationTests.cs:line 51
--- End of stack trace from previous location ---
----- Inner Stack Trace -----
   at Microsoft.Data.Sqlite.SqliteException.ThrowExceptionForRC(Int32 rc, sqlite3 db)
   at Microsoft.Data.Sqlite.SqliteDataReader.NextResult()
   at Microsoft.Data.Sqlite.SqliteCommand.ExecuteReader(CommandBehavior behavior)
   at Microsoft.Data.Sqlite.SqliteCommand.ExecuteReaderAsync(CommandBehavior behavior, CancellationToken cancellationToken)
   at Microsoft.Data.Sqlite.SqliteCommand.ExecuteDbDataReaderAsync(CommandBehavior behavior, CancellationToken cancellationToken)
   at Microsoft.EntityFrameworkCore.Storage.RelationalCommand.ExecuteReaderAsync(RelationalCommandParameterObject parameterObject, CancellationToken cancellationToken)
   at Microsoft.EntityFrameworkCore.Storage.RelationalCommand.ExecuteReaderAsync(RelationalCommandParameterObject parameterObject, CancellationToken cancellationToken)
   at Microsoft.EntityFrameworkCore.Update.ReaderModificationCommandBatch.ExecuteAsync(IRelationalConnection connection, CancellationToken cancellationToken)
  Failed FleetMind.Api.IntegrationTests.Controllers.NotificationPipelineIntegrationTests.FuelAnomaly_TriggersNotification_AndIsRetrievableViaApi [3 s]
  Error Message:
   Microsoft.EntityFrameworkCore.DbUpdateException : An error occurred while saving the entity changes. See the inner exception for details.
---- Microsoft.Data.Sqlite.SqliteException : SQLite Error 19: 'NOT NULL constraint failed: Ships.Type'.
  Stack Trace:
     at Microsoft.EntityFrameworkCore.Update.ReaderModificationCommandBatch.ExecuteAsync(IRelationalConnection connection, CancellationToken cancellationToken)
   at Microsoft.EntityFrameworkCore.Update.Internal.BatchExecutor.ExecuteAsync(IEnumerable`1 commandBatches, IRelationalConnection connection, CancellationToken cancellationToken)
   at Microsoft.EntityFrameworkCore.Update.Internal.BatchExecutor.ExecuteAsync(IEnumerable`1 commandBatches, IRelationalConnection connection, CancellationToken cancellationToken)
   at Microsoft.EntityFrameworkCore.Update.Internal.BatchExecutor.ExecuteAsync(IEnumerable`1 commandBatches, IRelationalConnection connection, CancellationToken cancellationToken)
   at Microsoft.EntityFrameworkCore.Storage.RelationalDatabase.SaveChangesAsync(IList`1 entries, CancellationToken cancellationToken)
   at Microsoft.EntityFrameworkCore.ChangeTracking.Internal.StateManager.SaveChangesAsync(IList`1 entriesToSave, CancellationToken cancellationToken)
   at Microsoft.EntityFrameworkCore.ChangeTracking.Internal.StateManager.SaveChangesAsync(StateManager stateManager, Boolean acceptAllChangesOnSuccess, CancellationToken cancellationToken)
   at Microsoft.EntityFrameworkCore.DbContext.SaveChangesAsync(Boolean acceptAllChangesOnSuccess, CancellationToken cancellationToken)
   at Microsoft.EntityFrameworkCore.DbContext.SaveChangesAsync(Boolean acceptAllChangesOnSuccess, CancellationToken cancellationToken)
   at FleetMind.Api.Data.FleetMindDbContext.SaveChangesAsync(CancellationToken cancellationToken) in C:\Users\Tamanna\Desktop\entnt\fleetmind-ai\backend\FleetMind.Api\Data\FleetMindDbContext.cs:line 162
   at FleetMind.Api.Data.FleetMindDbContext.SaveChanges() in C:\Users\Tamanna\Desktop\entnt\fleetmind-ai\backend\FleetMind.Api\Data\FleetMindDbContext.cs:line 89
   at FleetMind.Api.IntegrationTests.CustomWebApplicationFactory.<>c.<ConfigureWebHost>b__2_2(IServiceCollection services) in C:\Users\Tamanna\Desktop\entnt\fleetmind-ai\backend\FleetMind.Api.IntegrationTests\CustomWebApplicationFactory.cs:line 125
   at Microsoft.Extensions.Hosting.HostApplicationBuilder.HostBuilderAdapter.ApplyChanges()
   at Microsoft.Extensions.Hosting.HostApplicationBuilder.Build()
   at Microsoft.AspNetCore.Builder.WebApplicationBuilder.Build()
   at Program.<Main>$(String[] args) in C:\Users\Tamanna\Desktop\entnt\fleetmind-ai\backend\FleetMind.Api\Program.cs:line 205
   at Program.<Main>(String[] args)
   at InvokeStub_Program.<Main>(Object, Span`1)
   at System.Reflection.MethodBaseInvoker.InvokeWithOneArg(Object obj, BindingFlags invokeAttr, Binder binder, Object[] parameters, CultureInfo culture)
--- End of stack trace from previous location ---
   at Microsoft.Extensions.Hosting.HostFactoryResolver.HostingListener.CreateHost()
   at Microsoft.Extensions.Hosting.HostFactoryResolver.<>c__DisplayClass10_0.<ResolveHostFactory>b__0(String[] args)
   at Microsoft.AspNetCore.Mvc.Testing.DeferredHostBuilder.Build()
   at Microsoft.AspNetCore.Mvc.Testing.WebApplicationFactory`1.CreateHost(IHostBuilder builder)
   at Microsoft.AspNetCore.Mvc.Testing.WebApplicationFactory`1.ConfigureHostBuilder(IHostBuilder hostBuilder)
   at Microsoft.AspNetCore.Mvc.Testing.WebApplicationFactory`1.EnsureServer()
   at Microsoft.AspNetCore.Mvc.Testing.WebApplicationFactory`1.CreateDefaultClient(DelegatingHandler[] handlers)
   at Microsoft.AspNetCore.Mvc.Testing.WebApplicationFactory`1.CreateDefaultClient(Uri baseAddress, DelegatingHandler[] handlers)
   at Microsoft.AspNetCore.Mvc.Testing.WebApplicationFactory`1.CreateClient(WebApplicationFactoryClientOptions options)
   at Microsoft.AspNetCore.Mvc.Testing.WebApplicationFactory`1.CreateClient()
   at FleetMind.Api.IntegrationTests.TestHelpers.AuthenticatedClientHelper.GetAuthenticatedClientAsync(WebApplicationFactory`1 factory, String email, String password) in C:\Users\Tamanna\Desktop\entnt\fleetmind-ai\backend\FleetMind.Api.IntegrationTests\TestHelpers\AuthenticatedClientHelper.cs:line 17
   at FleetMind.Api.IntegrationTests.Controllers.NotificationPipelineIntegrationTests.FuelAnomaly_TriggersNotification_AndIsRetrievableViaApi() in C:\Users\Tamanna\Desktop\entnt\fleetmind-ai\backend\FleetMind.Api.IntegrationTests\Controllers\NotificationPipelineIntegrationTests.cs:line 27
--- End of stack trace from previous location ---
----- Inner Stack Trace -----
   at Microsoft.Data.Sqlite.SqliteException.ThrowExceptionForRC(Int32 rc, sqlite3 db)
   at Microsoft.Data.Sqlite.SqliteDataReader.NextResult()
   at Microsoft.Data.Sqlite.SqliteCommand.ExecuteReader(CommandBehavior behavior)
   at Microsoft.Data.Sqlite.SqliteCommand.ExecuteReaderAsync(CommandBehavior behavior, CancellationToken cancellationToken)
   at Microsoft.Data.Sqlite.SqliteCommand.ExecuteDbDataReaderAsync(CommandBehavior behavior, CancellationToken cancellationToken)
   at Microsoft.EntityFrameworkCore.Storage.RelationalCommand.ExecuteReaderAsync(RelationalCommandParameterObject parameterObject, CancellationToken cancellationToken)
   at Microsoft.EntityFrameworkCore.Storage.RelationalCommand.ExecuteReaderAsync(RelationalCommandParameterObject parameterObject, CancellationToken cancellationToken)
   at Microsoft.EntityFrameworkCore.Update.ReaderModificationCommandBatch.ExecuteAsync(IRelationalConnection connection, CancellationToken cancellationToken)
[16:18:27 ERR] Failed executing DbCommand (0ms) [Parameters=[@p0='?' (DbType = Guid), @p1='?' (DbType = DateTime), @p2='?', @p3='?' (DbType = Guid), @p4='?' (DbType = Decimal), @p5='?' (Size = 7), @p6='?' (DbType = Boolean), @p7='?' (Size = 9), @p8='?' (DbType = Guid), @p9='?' (Size = 6), @p10='?', @p11='?' (DbType = DateTime), @p12='?' (DbType = Int32)], CommandType='Text', CommandTimeout='30']
INSERT INTO "Ships" ("Id", "CreatedAt", "Flag", "FleetId", "GrossTonnage", "IMO", "IsDeleted", "Name", "PrimaryPhotoAttachmentId", "Status", "Type", "UpdatedAt", "YearBuilt")
VALUES (@p0, @p1, @p2, @p3, @p4, @p5, @p6, @p7, @p8, @p9, @p10, @p11, @p12);
[16:18:27 ERR] Failed executing DbCommand (0ms) [Parameters=[@p0='?' (DbType = Guid), @p1='?' (DbType = DateTime), @p2='?', @p3='?' (DbType = Guid), @p4='?' (DbType = Decimal), @p5='?' (Size = 7), @p6='?' (DbType = Boolean), @p7='?' (Size = 9), @p8='?' (DbType = Guid), @p9='?' (Size = 6), @p10='?', @p11='?' (DbType = DateTime), @p12='?' (DbType = Int32)], CommandType='Text', CommandTimeout='30']
INSERT INTO "Ships" ("Id", "CreatedAt", "Flag", "FleetId", "GrossTonnage", "IMO", "IsDeleted", "Name", "PrimaryPhotoAttachmentId", "Status", "Type", "UpdatedAt", "YearBuilt")
VALUES (@p0, @p1, @p2, @p3, @p4, @p5, @p6, @p7, @p8, @p9, @p10, @p11, @p12);
[16:18:27 ERR] An exception occurred in the database while saving changes for context type 'FleetMind.Api.Data.FleetMindDbContext'.
Microsoft.EntityFrameworkCore.DbUpdateException: An error occurred while saving the entity changes. See the inner exception for details.
 ---> Microsoft.Data.Sqlite.SqliteException (0x80004005): SQLite Error 19: 'NOT NULL constraint failed: Ships.Type'.
   at Microsoft.Data.Sqlite.SqliteException.ThrowExceptionForRC(Int32 rc, sqlite3 db)
   at Microsoft.Data.Sqlite.SqliteDataReader.NextResult()
   at Microsoft.Data.Sqlite.SqliteCommand.ExecuteReader(CommandBehavior behavior)
   at Microsoft.Data.Sqlite.SqliteCommand.ExecuteDbDataReaderAsync(CommandBehavior behavior, CancellationToken cancellationToken)
   at Microsoft.EntityFrameworkCore.Storage.RelationalCommand.ExecuteReaderAsync(RelationalCommandParameterObject parameterObject, CancellationToken cancellationToken)
   at Microsoft.EntityFrameworkCore.Storage.RelationalCommand.ExecuteReaderAsync(RelationalCommandParameterObject parameterObject, CancellationToken cancellationToken)
   at Microsoft.EntityFrameworkCore.Update.ReaderModificationCommandBatch.ExecuteAsync(IRelationalConnection connection, CancellationToken cancellationToken)
   --- End of inner exception stack trace ---
   at Microsoft.EntityFrameworkCore.Update.ReaderModificationCommandBatch.ExecuteAsync(IRelationalConnection connection, CancellationToken cancellationToken)
   at Microsoft.EntityFrameworkCore.Update.Internal.BatchExecutor.ExecuteAsync(IEnumerable`1 commandBatches, IRelationalConnection connection, CancellationToken cancellationToken)
   at Microsoft.EntityFrameworkCore.Update.Internal.BatchExecutor.ExecuteAsync(IEnumerable`1 commandBatches, IRelationalConnection connection, CancellationToken cancellationToken)
   at Microsoft.EntityFrameworkCore.Update.Internal.BatchExecutor.ExecuteAsync(IEnumerable`1 commandBatches, IRelationalConnection connection, CancellationToken cancellationToken)
   at Microsoft.EntityFrameworkCore.Storage.RelationalDatabase.SaveChangesAsync(IList`1 entries, CancellationToken cancellationToken)
   at Microsoft.EntityFrameworkCore.ChangeTracking.Internal.StateManager.SaveChangesAsync(IList`1 entriesToSave, CancellationToken cancellationToken)
   at Microsoft.EntityFrameworkCore.ChangeTracking.Internal.StateManager.SaveChangesAsync(StateManager stateManager, Boolean acceptAllChangesOnSuccess, CancellationToken cancellationToken)
   at Microsoft.EntityFrameworkCore.DbContext.SaveChangesAsync(Boolean acceptAllChangesOnSuccess, CancellationToken cancellationToken)
Microsoft.EntityFrameworkCore.DbUpdateException: An error occurred while saving the entity changes. See the inner exception for details.
 ---> Microsoft.Data.Sqlite.SqliteException (0x80004005): SQLite Error 19: 'NOT NULL constraint failed: Ships.Type'.
   at Microsoft.Data.Sqlite.SqliteException.ThrowExceptionForRC(Int32 rc, sqlite3 db)
   at Microsoft.Data.Sqlite.SqliteDataReader.NextResult()
   at Microsoft.Data.Sqlite.SqliteCommand.ExecuteReader(CommandBehavior behavior)
   at Microsoft.Data.Sqlite.SqliteCommand.ExecuteDbDataReaderAsync(CommandBehavior behavior, CancellationToken cancellationToken)
   at Microsoft.EntityFrameworkCore.Storage.RelationalCommand.ExecuteReaderAsync(RelationalCommandParameterObject parameterObject, CancellationToken cancellationToken)
   at Microsoft.EntityFrameworkCore.Storage.RelationalCommand.ExecuteReaderAsync(RelationalCommandParameterObject parameterObject, CancellationToken cancellationToken)
   at Microsoft.EntityFrameworkCore.Update.ReaderModificationCommandBatch.ExecuteAsync(IRelationalConnection connection, CancellationToken cancellationToken)
   --- End of inner exception stack trace ---
   at Microsoft.EntityFrameworkCore.Update.ReaderModificationCommandBatch.ExecuteAsync(IRelationalConnection connection, CancellationToken cancellationToken)
   at Microsoft.EntityFrameworkCore.Update.Internal.BatchExecutor.ExecuteAsync(IEnumerable`1 commandBatches, IRelationalConnection connection, CancellationToken cancellationToken)
   at Microsoft.EntityFrameworkCore.Update.Internal.BatchExecutor.ExecuteAsync(IEnumerable`1 commandBatches, IRelationalConnection connection, CancellationToken cancellationToken)
   at Microsoft.EntityFrameworkCore.Update.Internal.BatchExecutor.ExecuteAsync(IEnumerable`1 commandBatches, IRelationalConnection connection, CancellationToken cancellationToken)
   at Microsoft.EntityFrameworkCore.Storage.RelationalDatabase.SaveChangesAsync(IList`1 entries, CancellationToken cancellationToken)
   at Microsoft.EntityFrameworkCore.ChangeTracking.Internal.StateManager.SaveChangesAsync(IList`1 entriesToSave, CancellationToken cancellationToken)
   at Microsoft.EntityFrameworkCore.ChangeTracking.Internal.StateManager.SaveChangesAsync(StateManager stateManager, Boolean acceptAllChangesOnSuccess, CancellationToken cancellationToken)
   at Microsoft.EntityFrameworkCore.DbContext.SaveChangesAsync(Boolean acceptAllChangesOnSuccess, CancellationToken cancellationToken)
[16:18:27 ERR] An exception occurred in the database while saving changes for context type 'FleetMind.Api.Data.FleetMindDbContext'.
Microsoft.EntityFrameworkCore.DbUpdateException: An error occurred while saving the entity changes. See the inner exception for details.
 ---> Microsoft.Data.Sqlite.SqliteException (0x80004005): SQLite Error 19: 'NOT NULL constraint failed: Ships.Type'.
   at Microsoft.Data.Sqlite.SqliteException.ThrowExceptionForRC(Int32 rc, sqlite3 db)
   at Microsoft.Data.Sqlite.SqliteDataReader.NextResult()
   at Microsoft.Data.Sqlite.SqliteCommand.ExecuteReader(CommandBehavior behavior)
   at Microsoft.Data.Sqlite.SqliteCommand.ExecuteDbDataReaderAsync(CommandBehavior behavior, CancellationToken cancellationToken)
   at Microsoft.EntityFrameworkCore.Storage.RelationalCommand.ExecuteReaderAsync(RelationalCommandParameterObject parameterObject, CancellationToken cancellationToken)
   at Microsoft.EntityFrameworkCore.Storage.RelationalCommand.ExecuteReaderAsync(RelationalCommandParameterObject parameterObject, CancellationToken cancellationToken)
   at Microsoft.EntityFrameworkCore.Update.ReaderModificationCommandBatch.ExecuteAsync(IRelationalConnection connection, CancellationToken cancellationToken)
   --- End of inner exception stack trace ---
   at Microsoft.EntityFrameworkCore.Update.ReaderModificationCommandBatch.ExecuteAsync(IRelationalConnection connection, CancellationToken cancellationToken)
   at Microsoft.EntityFrameworkCore.Update.Internal.BatchExecutor.ExecuteAsync(IEnumerable`1 commandBatches, IRelationalConnection connection, CancellationToken cancellationToken)
   at Microsoft.EntityFrameworkCore.Update.Internal.BatchExecutor.ExecuteAsync(IEnumerable`1 commandBatches, IRelationalConnection connection, CancellationToken cancellationToken)
   at Microsoft.EntityFrameworkCore.Update.Internal.BatchExecutor.ExecuteAsync(IEnumerable`1 commandBatches, IRelationalConnection connection, CancellationToken cancellationToken)
   at Microsoft.EntityFrameworkCore.Storage.RelationalDatabase.SaveChangesAsync(IList`1 entries, CancellationToken cancellationToken)
   at Microsoft.EntityFrameworkCore.ChangeTracking.Internal.StateManager.SaveChangesAsync(IList`1 entriesToSave, CancellationToken cancellationToken)
   at Microsoft.EntityFrameworkCore.ChangeTracking.Internal.StateManager.SaveChangesAsync(StateManager stateManager, Boolean acceptAllChangesOnSuccess, CancellationToken cancellationToken)
   at Microsoft.EntityFrameworkCore.DbContext.SaveChangesAsync(Boolean acceptAllChangesOnSuccess, CancellationToken cancellationToken)
Microsoft.EntityFrameworkCore.DbUpdateException: An error occurred while saving the entity changes. See the inner exception for details.
 ---> Microsoft.Data.Sqlite.SqliteException (0x80004005): SQLite Error 19: 'NOT NULL constraint failed: Ships.Type'.
   at Microsoft.Data.Sqlite.SqliteException.ThrowExceptionForRC(Int32 rc, sqlite3 db)
   at Microsoft.Data.Sqlite.SqliteDataReader.NextResult()
   at Microsoft.Data.Sqlite.SqliteCommand.ExecuteReader(CommandBehavior behavior)
   at Microsoft.Data.Sqlite.SqliteCommand.ExecuteDbDataReaderAsync(CommandBehavior behavior, CancellationToken cancellationToken)
   at Microsoft.EntityFrameworkCore.Storage.RelationalCommand.ExecuteReaderAsync(RelationalCommandParameterObject parameterObject, CancellationToken cancellationToken)
   at Microsoft.EntityFrameworkCore.Storage.RelationalCommand.ExecuteReaderAsync(RelationalCommandParameterObject parameterObject, CancellationToken cancellationToken)
   at Microsoft.EntityFrameworkCore.Update.ReaderModificationCommandBatch.ExecuteAsync(IRelationalConnection connection, CancellationToken cancellationToken)
   --- End of inner exception stack trace ---
   at Microsoft.EntityFrameworkCore.Update.ReaderModificationCommandBatch.ExecuteAsync(IRelationalConnection connection, CancellationToken cancellationToken)
   at Microsoft.EntityFrameworkCore.Update.Internal.BatchExecutor.ExecuteAsync(IEnumerable`1 commandBatches, IRelationalConnection connection, CancellationToken cancellationToken)
   at Microsoft.EntityFrameworkCore.Update.Internal.BatchExecutor.ExecuteAsync(IEnumerable`1 commandBatches, IRelationalConnection connection, CancellationToken cancellationToken)
   at Microsoft.EntityFrameworkCore.Update.Internal.BatchExecutor.ExecuteAsync(IEnumerable`1 commandBatches, IRelationalConnection connection, CancellationToken cancellationToken)
   at Microsoft.EntityFrameworkCore.Storage.RelationalDatabase.SaveChangesAsync(IList`1 entries, CancellationToken cancellationToken)
   at Microsoft.EntityFrameworkCore.ChangeTracking.Internal.StateManager.SaveChangesAsync(IList`1 entriesToSave, CancellationToken cancellationToken)
   at Microsoft.EntityFrameworkCore.ChangeTracking.Internal.StateManager.SaveChangesAsync(StateManager stateManager, Boolean acceptAllChangesOnSuccess, CancellationToken cancellationToken)
   at Microsoft.EntityFrameworkCore.DbContext.SaveChangesAsync(Boolean acceptAllChangesOnSuccess, CancellationToken cancellationToken)
[16:18:27 FTL] Application terminated unexpectedly
Microsoft.EntityFrameworkCore.DbUpdateException: An error occurred while saving the entity changes. See the inner exception for details.
 ---> Microsoft.Data.Sqlite.SqliteException (0x80004005): SQLite Error 19: 'NOT NULL constraint failed: Ships.Type'.
   at Microsoft.Data.Sqlite.SqliteException.ThrowExceptionForRC(Int32 rc, sqlite3 db)
   at Microsoft.Data.Sqlite.SqliteDataReader.NextResult()
   at Microsoft.Data.Sqlite.SqliteCommand.ExecuteReader(CommandBehavior behavior)
   at Microsoft.Data.Sqlite.SqliteCommand.ExecuteDbDataReaderAsync(CommandBehavior behavior, CancellationToken cancellationToken)
   at Microsoft.EntityFrameworkCore.Storage.RelationalCommand.ExecuteReaderAsync(RelationalCommandParameterObject parameterObject, CancellationToken cancellationToken)
   at Microsoft.EntityFrameworkCore.Storage.RelationalCommand.ExecuteReaderAsync(RelationalCommandParameterObject parameterObject, CancellationToken cancellationToken)
   at Microsoft.EntityFrameworkCore.Update.ReaderModificationCommandBatch.ExecuteAsync(IRelationalConnection connection, CancellationToken cancellationToken)
   --- End of inner exception stack trace ---
   at Microsoft.EntityFrameworkCore.Update.ReaderModificationCommandBatch.ExecuteAsync(IRelationalConnection connection, CancellationToken cancellationToken)
   at Microsoft.EntityFrameworkCore.Update.Internal.BatchExecutor.ExecuteAsync(IEnumerable`1 commandBatches, IRelationalConnection connection, CancellationToken cancellationToken)
   at Microsoft.EntityFrameworkCore.Update.Internal.BatchExecutor.ExecuteAsync(IEnumerable`1 commandBatches, IRelationalConnection connection, CancellationToken cancellationToken)
   at Microsoft.EntityFrameworkCore.Update.Internal.BatchExecutor.ExecuteAsync(IEnumerable`1 commandBatches, IRelationalConnection connection, CancellationToken cancellationToken)
   at Microsoft.EntityFrameworkCore.Storage.RelationalDatabase.SaveChangesAsync(IList`1 entries, CancellationToken cancellationToken)
   at Microsoft.EntityFrameworkCore.ChangeTracking.Internal.StateManager.SaveChangesAsync(IList`1 entriesToSave, CancellationToken cancellationToken)
   at Microsoft.EntityFrameworkCore.ChangeTracking.Internal.StateManager.SaveChangesAsync(StateManager stateManager, Boolean acceptAllChangesOnSuccess, CancellationToken cancellationToken)
   at Microsoft.EntityFrameworkCore.DbContext.SaveChangesAsync(Boolean acceptAllChangesOnSuccess, CancellationToken cancellationToken)
   at Microsoft.EntityFrameworkCore.DbContext.SaveChangesAsync(Boolean acceptAllChangesOnSuccess, CancellationToken cancellationToken)
   at FleetMind.Api.Data.FleetMindDbContext.SaveChangesAsync(CancellationToken cancellationToken) in C:\Users\Tamanna\Desktop\entnt\fleetmind-ai\backend\FleetMind.Api\Data\FleetMindDbContext.cs:line 162
   at FleetMind.Api.Data.FleetMindDbContext.SaveChanges() in C:\Users\Tamanna\Desktop\entnt\fleetmind-ai\backend\FleetMind.Api\Data\FleetMindDbContext.cs:line 89
   at FleetMind.Api.IntegrationTests.CustomWebApplicationFactory.<>c.<ConfigureWebHost>b__2_2(IServiceCollection services) in C:\Users\Tamanna\Desktop\entnt\fleetmind-ai\backend\FleetMind.Api.IntegrationTests\CustomWebApplicationFactory.cs:line 125
   at Microsoft.Extensions.Hosting.HostApplicationBuilder.HostBuilderAdapter.ApplyChanges()
   at Microsoft.Extensions.Hosting.HostApplicationBuilder.Build()
   at Microsoft.AspNetCore.Builder.WebApplicationBuilder.Build()
   at Program.<Main>$(String[] args) in C:\Users\Tamanna\Desktop\entnt\fleetmind-ai\backend\FleetMind.Api\Program.cs:line 205
[16:18:27 FTL] Application terminated unexpectedly
Microsoft.EntityFrameworkCore.DbUpdateException: An error occurred while saving the entity changes. See the inner exception for details.
 ---> Microsoft.Data.Sqlite.SqliteException (0x80004005): SQLite Error 19: 'NOT NULL constraint failed: Ships.Type'.
   at Microsoft.Data.Sqlite.SqliteException.ThrowExceptionForRC(Int32 rc, sqlite3 db)
   at Microsoft.Data.Sqlite.SqliteDataReader.NextResult()
   at Microsoft.Data.Sqlite.SqliteCommand.ExecuteReader(CommandBehavior behavior)
   at Microsoft.Data.Sqlite.SqliteCommand.ExecuteDbDataReaderAsync(CommandBehavior behavior, CancellationToken cancellationToken)
   at Microsoft.EntityFrameworkCore.Storage.RelationalCommand.ExecuteReaderAsync(RelationalCommandParameterObject parameterObject, CancellationToken cancellationToken)
   at Microsoft.EntityFrameworkCore.Storage.RelationalCommand.ExecuteReaderAsync(RelationalCommandParameterObject parameterObject, CancellationToken cancellationToken)
   at Microsoft.EntityFrameworkCore.Update.ReaderModificationCommandBatch.ExecuteAsync(IRelationalConnection connection, CancellationToken cancellationToken)
   --- End of inner exception stack trace ---
   at Microsoft.EntityFrameworkCore.Update.ReaderModificationCommandBatch.ExecuteAsync(IRelationalConnection connection, CancellationToken cancellationToken)
   at Microsoft.EntityFrameworkCore.Update.Internal.BatchExecutor.ExecuteAsync(IEnumerable`1 commandBatches, IRelationalConnection connection, CancellationToken cancellationToken)
   at Microsoft.EntityFrameworkCore.Update.Internal.BatchExecutor.ExecuteAsync(IEnumerable`1 commandBatches, IRelationalConnection connection, CancellationToken cancellationToken)
   at Microsoft.EntityFrameworkCore.Update.Internal.BatchExecutor.ExecuteAsync(IEnumerable`1 commandBatches, IRelationalConnection connection, CancellationToken cancellationToken)
   at Microsoft.EntityFrameworkCore.Storage.RelationalDatabase.SaveChangesAsync(IList`1 entries, CancellationToken cancellationToken)
   at Microsoft.EntityFrameworkCore.ChangeTracking.Internal.StateManager.SaveChangesAsync(IList`1 entriesToSave, CancellationToken cancellationToken)
   at Microsoft.EntityFrameworkCore.ChangeTracking.Internal.StateManager.SaveChangesAsync(StateManager stateManager, Boolean acceptAllChangesOnSuccess, CancellationToken cancellationToken)
   at Microsoft.EntityFrameworkCore.DbContext.SaveChangesAsync(Boolean acceptAllChangesOnSuccess, CancellationToken cancellationToken)
   at Microsoft.EntityFrameworkCore.DbContext.SaveChangesAsync(Boolean acceptAllChangesOnSuccess, CancellationToken cancellationToken)
   at FleetMind.Api.Data.FleetMindDbContext.SaveChangesAsync(CancellationToken cancellationToken) in C:\Users\Tamanna\Desktop\entnt\fleetmind-ai\backend\FleetMind.Api\Data\FleetMindDbContext.cs:line 162
   at FleetMind.Api.Data.FleetMindDbContext.SaveChanges() in C:\Users\Tamanna\Desktop\entnt\fleetmind-ai\backend\FleetMind.Api\Data\FleetMindDbContext.cs:line 89
   at FleetMind.Api.IntegrationTests.CustomWebApplicationFactory.<>c.<ConfigureWebHost>b__2_2(IServiceCollection services) in C:\Users\Tamanna\Desktop\entnt\fleetmind-ai\backend\FleetMind.Api.IntegrationTests\CustomWebApplicationFactory.cs:line 125
   at Microsoft.Extensions.Hosting.HostApplicationBuilder.HostBuilderAdapter.ApplyChanges()
   at Microsoft.Extensions.Hosting.HostApplicationBuilder.Build()
   at Microsoft.AspNetCore.Builder.WebApplicationBuilder.Build()
   at Program.<Main>$(String[] args) in C:\Users\Tamanna\Desktop\entnt\fleetmind-ai\backend\FleetMind.Api\Program.cs:line 205
[xUnit.net 00:00:16.20]       Microsoft.EntityFrameworkCore.DbUpdateException : An error occurred while saving the entity changes. See the inner exception for details.
[xUnit.net 00:00:16.20]       ---- Microsoft.Data.Sqlite.SqliteException : SQLite Error 19: 'NOT NULL constraint failed: Ships.Type'.
[xUnit.net 00:00:16.20]       Stack Trace:
[xUnit.net 00:00:16.20]            at Microsoft.EntityFrameworkCore.Update.ReaderModificationCommandBatch.ExecuteAsync(IRelationalConnection connection, CancellationToken cancellationToken)
[xUnit.net 00:00:16.20]            at Microsoft.EntityFrameworkCore.Update.Internal.BatchExecutor.ExecuteAsync(IEnumerable`1 commandBatches, IRelationalConnection connection, CancellationToken cancellationToken)
[xUnit.net 00:00:16.20]            at Microsoft.EntityFrameworkCore.Update.Internal.BatchExecutor.ExecuteAsync(IEnumerable`1 commandBatches, IRelationalConnection connection, CancellationToken cancellationToken)
[xUnit.net 00:00:16.20]            at Microsoft.EntityFrameworkCore.Update.Internal.BatchExecutor.ExecuteAsync(IEnumerable`1 commandBatches, IRelationalConnection connection, CancellationToken cancellationToken)
[xUnit.net 00:00:16.20]            at Microsoft.EntityFrameworkCore.Storage.RelationalDatabase.SaveChangesAsync(IList`1 entries, CancellationToken cancellationToken)
[xUnit.net 00:00:16.20]            at Microsoft.EntityFrameworkCore.ChangeTracking.Internal.StateManager.SaveChangesAsync(IList`1 entriesToSave, CancellationToken cancellationToken)
[xUnit.net 00:00:16.20]            at Microsoft.EntityFrameworkCore.ChangeTracking.Internal.StateManager.SaveChangesAsync(StateManager stateManager, Boolean acceptAllChangesOnSuccess, CancellationToken cancellationToken)
[xUnit.net 00:00:16.20]            at Microsoft.EntityFrameworkCore.DbContext.SaveChangesAsync(Boolean acceptAllChangesOnSuccess, CancellationToken cancellationToken)
[xUnit.net 00:00:16.20]            at Microsoft.EntityFrameworkCore.DbContext.SaveChangesAsync(Boolean acceptAllChangesOnSuccess, CancellationToken cancellationToken)
[xUnit.net 00:00:16.20]         C:\Users\Tamanna\Desktop\entnt\fleetmind-ai\backend\FleetMind.Api\Data\FleetMindDbContext.cs(162,0): at FleetMind.Api.Data.FleetMindDbContext.SaveChangesAsync(CancellationToken cancellationToken)
[xUnit.net 00:00:16.20]         C:\Users\Tamanna\Desktop\entnt\fleetmind-ai\backend\FleetMind.Api\Data\FleetMindDbContext.cs(89,0): at FleetMind.Api.Data.FleetMindDbContext.SaveChanges()
[xUnit.net 00:00:16.20]         C:\Users\Tamanna\Desktop\entnt\fleetmind-ai\backend\FleetMind.Api.IntegrationTests\CustomWebApplicationFactory.cs(125,0): at FleetMind.Api.IntegrationTests.CustomWebApplicationFactory.<>c.<ConfigureWebHost>b__2_2(IServiceCollection services)
[xUnit.net 00:00:16.20]            at Microsoft.Extensions.Hosting.HostApplicationBuilder.HostBuilderAdapter.ApplyChanges()
[xUnit.net 00:00:16.20]            at Microsoft.Extensions.Hosting.HostApplicationBuilder.Build()
[xUnit.net 00:00:16.20]            at Microsoft.AspNetCore.Builder.WebApplicationBuilder.Build()
[xUnit.net 00:00:16.20]         C:\Users\Tamanna\Desktop\entnt\fleetmind-ai\backend\FleetMind.Api\Program.cs(205,0): at Program.<Main>$(String[] args)
[xUnit.net 00:00:16.20]            at Program.<Main>(String[] args)
[xUnit.net 00:00:16.20]            at InvokeStub_Program.<Main>(Object, Span`1)
[xUnit.net 00:00:16.20]            at System.Reflection.MethodBaseInvoker.InvokeWithOneArg(Object obj, BindingFlags invokeAttr, Binder binder, Object[] parameters, CultureInfo culture)
[xUnit.net 00:00:16.20]         --- End of stack trace from previous location ---
[xUnit.net 00:00:16.20]            at Microsoft.Extensions.Hosting.HostFactoryResolver.HostingListener.CreateHost()
[xUnit.net 00:00:16.20]            at Microsoft.Extensions.Hosting.HostFactoryResolver.<>c__DisplayClass10_0.<ResolveHostFactory>b__0(String[] args)
[xUnit.net 00:00:16.20]            at Microsoft.AspNetCore.Mvc.Testing.DeferredHostBuilder.Build()
[xUnit.net 00:00:16.20]            at Microsoft.AspNetCore.Mvc.Testing.WebApplicationFactory`1.CreateHost(IHostBuilder builder)
[xUnit.net 00:00:16.20]            at Microsoft.AspNetCore.Mvc.Testing.WebApplicationFactory`1.ConfigureHostBuilder(IHostBuilder hostBuilder)
[xUnit.net 00:00:16.20]            at Microsoft.AspNetCore.Mvc.Testing.WebApplicationFactory`1.EnsureServer()
[xUnit.net 00:00:16.20]            at Microsoft.AspNetCore.Mvc.Testing.WebApplicationFactory`1.CreateDefaultClient(DelegatingHandler[] handlers)
[xUnit.net 00:00:16.20]            at Microsoft.AspNetCore.Mvc.Testing.WebApplicationFactory`1.CreateDefaultClient(Uri baseAddress, DelegatingHandler[] handlers)
[xUnit.net 00:00:16.20]            at Microsoft.AspNetCore.Mvc.Testing.WebApplicationFactory`1.CreateClient(WebApplicationFactoryClientOptions options)
[xUnit.net 00:00:16.20]            at Microsoft.AspNetCore.Mvc.Testing.WebApplicationFactory`1.CreateClient()
[xUnit.net 00:00:16.20]         C:\Users\Tamanna\Desktop\entnt\fleetmind-ai\backend\FleetMind.Api.IntegrationTests\TestHelpers\AuthenticatedClientHelper.cs(17,0): at FleetMind.Api.IntegrationTests.TestHelpers.AuthenticatedClientHelper.GetAuthenticatedClientAsync(WebApplicationFactory`1 factory, String email, String password)
[xUnit.net 00:00:16.20]         C:\Users\Tamanna\Desktop\entnt\fleetmind-ai\backend\FleetMind.Api.IntegrationTests\Controllers\RoleBasedAccessMatrixTests.cs(87,0): at FleetMind.Api.IntegrationTests.Controllers.RoleBasedAccessMatrixTests.RoleBasedAccessMatrix_Endpoint_ReturnsExpectedStatus(String email, String password, String role, String methodStr, String route, Object payload, HttpStatusCode expectedStatus)
[xUnit.net 00:00:16.20]         --- End of stack trace from previous location ---
[xUnit.net 00:00:16.20]         ----- Inner Stack Trace -----
[xUnit.net 00:00:16.20]            at Microsoft.Data.Sqlite.SqliteException.ThrowExceptionForRC(Int32 rc, sqlite3 db)
[xUnit.net 00:00:16.20]            at Microsoft.Data.Sqlite.SqliteDataReader.NextResult()
[xUnit.net 00:00:16.20]            at Microsoft.Data.Sqlite.SqliteCommand.ExecuteReader(CommandBehavior behavior)
[xUnit.net 00:00:16.20]            at Microsoft.Data.Sqlite.SqliteCommand.ExecuteDbDataReaderAsync(CommandBehavior behavior, CancellationToken cancellationToken)
[xUnit.net 00:00:16.20]            at Microsoft.EntityFrameworkCore.Storage.RelationalCommand.ExecuteReaderAsync(RelationalCommandParameterObject parameterObject, CancellationToken cancellationToken)
[xUnit.net 00:00:16.20]            at Microsoft.EntityFrameworkCore.Storage.RelationalCommand.ExecuteReaderAsync(RelationalCommandParameterObject parameterObject, CancellationToken cancellationToken)
[xUnit.net 00:00:16.20]            at Microsoft.EntityFrameworkCore.Update.ReaderModificationCommandBatch.ExecuteAsync(IRelationalConnection connection, CancellationToken cancellationToken)
[xUnit.net 00:00:16.20]       Microsoft.EntityFrameworkCore.DbUpdateException : An error occurred while saving the entity changes. See the inner exception for details.
[xUnit.net 00:00:16.20]       ---- Microsoft.Data.Sqlite.SqliteException : SQLite Error 19: 'NOT NULL constraint failed: Ships.Type'.
[xUnit.net 00:00:16.20]       Stack Trace:
[xUnit.net 00:00:16.20]            at Microsoft.EntityFrameworkCore.Update.ReaderModificationCommandBatch.ExecuteAsync(IRelationalConnection connection, CancellationToken cancellationToken)
[xUnit.net 00:00:16.21]            at Microsoft.EntityFrameworkCore.Update.Internal.BatchExecutor.ExecuteAsync(IEnumerable`1 commandBatches, IRelationalConnection connection, CancellationToken cancellationToken)
[xUnit.net 00:00:16.21]            at Microsoft.EntityFrameworkCore.Update.Internal.BatchExecutor.ExecuteAsync(IEnumerable`1 commandBatches, IRelationalConnection connection, CancellationToken cancellationToken)
[xUnit.net 00:00:16.21]            at Microsoft.EntityFrameworkCore.Update.Internal.BatchExecutor.ExecuteAsync(IEnumerable`1 commandBatches, IRelationalConnection connection, CancellationToken cancellationToken)
[xUnit.net 00:00:16.21]            at Microsoft.EntityFrameworkCore.Storage.RelationalDatabase.SaveChangesAsync(IList`1 entries, CancellationToken cancellationToken)
[xUnit.net 00:00:16.21]            at Microsoft.EntityFrameworkCore.ChangeTracking.Internal.StateManager.SaveChangesAsync(IList`1 entriesToSave, CancellationToken cancellationToken)
[xUnit.net 00:00:16.21]            at Microsoft.EntityFrameworkCore.ChangeTracking.Internal.StateManager.SaveChangesAsync(StateManager stateManager, Boolean acceptAllChangesOnSuccess, CancellationToken cancellationToken)
[xUnit.net 00:00:16.21]            at Microsoft.EntityFrameworkCore.DbContext.SaveChangesAsync(Boolean acceptAllChangesOnSuccess, CancellationToken cancellationToken)
[xUnit.net 00:00:16.21]            at Microsoft.EntityFrameworkCore.DbContext.SaveChangesAsync(Boolean acceptAllChangesOnSuccess, CancellationToken cancellationToken)
[xUnit.net 00:00:16.21]         C:\Users\Tamanna\Desktop\entnt\fleetmind-ai\backend\FleetMind.Api\Data\FleetMindDbContext.cs(162,0): at FleetMind.Api.Data.FleetMindDbContext.SaveChangesAsync(CancellationToken cancellationToken)
[xUnit.net 00:00:16.21]         C:\Users\Tamanna\Desktop\entnt\fleetmind-ai\backend\FleetMind.Api\Data\FleetMindDbContext.cs(89,0): at FleetMind.Api.Data.FleetMindDbContext.SaveChanges()
[xUnit.net 00:00:16.21]         C:\Users\Tamanna\Desktop\entnt\fleetmind-ai\backend\FleetMind.Api.IntegrationTests\CustomWebApplicationFactory.cs(125,0): at FleetMind.Api.IntegrationTests.CustomWebApplicationFactory.<>c.<ConfigureWebHost>b__2_2(IServiceCollection services)
[xUnit.net 00:00:16.21]            at Microsoft.Extensions.Hosting.HostApplicationBuilder.HostBuilderAdapter.ApplyChanges()
[xUnit.net 00:00:16.21]            at Microsoft.Extensions.Hosting.HostApplicationBuilder.Build()
[xUnit.net 00:00:16.21]            at Microsoft.AspNetCore.Builder.WebApplicationBuilder.Build()
[xUnit.net 00:00:16.21]         C:\Users\Tamanna\Desktop\entnt\fleetmind-ai\backend\FleetMind.Api\Program.cs(205,0): at Program.<Main>$(String[] args)
[xUnit.net 00:00:16.21]            at Program.<Main>(String[] args)
[xUnit.net 00:00:16.21]            at InvokeStub_Program.<Main>(Object, Span`1)
[xUnit.net 00:00:16.21]            at System.Reflection.MethodBaseInvoker.InvokeWithOneArg(Object obj, BindingFlags invokeAttr, Binder binder, Object[] parameters, CultureInfo culture)
[xUnit.net 00:00:16.21]         --- End of stack trace from previous location ---
[xUnit.net 00:00:16.21]            at Microsoft.Extensions.Hosting.HostFactoryResolver.HostingListener.CreateHost()
[xUnit.net 00:00:16.21]            at Microsoft.Extensions.Hosting.HostFactoryResolver.<>c__DisplayClass10_0.<ResolveHostFactory>b__0(String[] args)
[xUnit.net 00:00:16.21]            at Microsoft.AspNetCore.Mvc.Testing.DeferredHostBuilder.Build()
[xUnit.net 00:00:16.21]            at Microsoft.AspNetCore.Mvc.Testing.WebApplicationFactory`1.CreateHost(IHostBuilder builder)
[xUnit.net 00:00:16.21]            at Microsoft.AspNetCore.Mvc.Testing.WebApplicationFactory`1.ConfigureHostBuilder(IHostBuilder hostBuilder)
[xUnit.net 00:00:16.21]            at Microsoft.AspNetCore.Mvc.Testing.WebApplicationFactory`1.EnsureServer()
[xUnit.net 00:00:16.21]            at Microsoft.AspNetCore.Mvc.Testing.WebApplicationFactory`1.CreateDefaultClient(DelegatingHandler[] handlers)
[xUnit.net 00:00:16.21]            at Microsoft.AspNetCore.Mvc.Testing.WebApplicationFactory`1.CreateDefaultClient(Uri baseAddress, DelegatingHandler[] handlers)
[xUnit.net 00:00:16.21]            at Microsoft.AspNetCore.Mvc.Testing.WebApplicationFactory`1.CreateClient(WebApplicationFactoryClientOptions options)
[xUnit.net 00:00:16.21]            at Microsoft.AspNetCore.Mvc.Testing.WebApplicationFactory`1.CreateClient()
[xUnit.net 00:00:16.21]         C:\Users\Tamanna\Desktop\entnt\fleetmind-ai\backend\FleetMind.Api.IntegrationTests\TestHelpers\AuthenticatedClientHelper.cs(17,0): at FleetMind.Api.IntegrationTests.TestHelpers.AuthenticatedClientHelper.GetAuthenticatedClientAsync(WebApplicationFactory`1 factory, String email, String password)
[xUnit.net 00:00:16.21]         C:\Users\Tamanna\Desktop\entnt\fleetmind-ai\backend\FleetMind.Api.IntegrationTests\Controllers\FleetsControllerIntegrationTests.cs(119,0): at FleetMind.Api.IntegrationTests.Controllers.FleetsControllerIntegrationTests.DeleteFleet_Returns204NoContent_AndSubsequentGetReturns404()
[xUnit.net 00:00:16.21]         --- End of stack trace from previous location ---
[xUnit.net 00:00:16.21]         ----- Inner Stack Trace -----
[xUnit.net 00:00:16.21]            at Microsoft.Data.Sqlite.SqliteException.ThrowExceptionForRC(Int32 rc, sqlite3 db)
[xUnit.net 00:00:16.21]            at Microsoft.Data.Sqlite.SqliteDataReader.NextResult()
[xUnit.net 00:00:16.21]            at Microsoft.Data.Sqlite.SqliteCommand.ExecuteReader(CommandBehavior behavior)
[xUnit.net 00:00:16.21]            at Microsoft.Data.Sqlite.SqliteCommand.ExecuteDbDataReaderAsync(CommandBehavior behavior, CancellationToken cancellationToken)
[xUnit.net 00:00:16.21]            at Microsoft.EntityFrameworkCore.Storage.RelationalCommand.ExecuteReaderAsync(RelationalCommandParameterObject parameterObject, CancellationToken cancellationToken)
[xUnit.net 00:00:16.21]            at Microsoft.EntityFrameworkCore.Storage.RelationalCommand.ExecuteReaderAsync(RelationalCommandParameterObject parameterObject, CancellationToken cancellationToken)
[xUnit.net 00:00:16.21]            at Microsoft.EntityFrameworkCore.Update.ReaderModificationCommandBatch.ExecuteAsync(IRelationalConnection connection, CancellationToken cancellationToken)
  Failed FleetMind.Api.IntegrationTests.Controllers.RoleBasedAccessMatrixTests.RoleBasedAccessMatrix_Endpoint_ReturnsExpectedStatus(email: "admin@test.com", password: "AdminPass123!", role: "Admin", methodStr: "POST", route: "/api/v1/fleets", payload: CreateFleetDto { Description = null, HomePortId = 00000000-0000-0000-0000-000000000001, Name = "Matrix Fleet", Status = "Active" }, expectedStatus: Created) [6 s]
  Error Message:
   Microsoft.EntityFrameworkCore.DbUpdateException : An error occurred while saving the entity changes. See the inner exception for details.
---- Microsoft.Data.Sqlite.SqliteException : SQLite Error 19: 'NOT NULL constraint failed: Ships.Type'.
  Stack Trace:
     at Microsoft.EntityFrameworkCore.Update.ReaderModificationCommandBatch.ExecuteAsync(IRelationalConnection connection, CancellationToken cancellationToken)
   at Microsoft.EntityFrameworkCore.Update.Internal.BatchExecutor.ExecuteAsync(IEnumerable`1 commandBatches, IRelationalConnection connection, CancellationToken cancellationToken)
   at Microsoft.EntityFrameworkCore.Update.Internal.BatchExecutor.ExecuteAsync(IEnumerable`1 commandBatches, IRelationalConnection connection, CancellationToken cancellationToken)
   at Microsoft.EntityFrameworkCore.Update.Internal.BatchExecutor.ExecuteAsync(IEnumerable`1 commandBatches, IRelationalConnection connection, CancellationToken cancellationToken)
   at Microsoft.EntityFrameworkCore.Storage.RelationalDatabase.SaveChangesAsync(IList`1 entries, CancellationToken cancellationToken)
   at Microsoft.EntityFrameworkCore.ChangeTracking.Internal.StateManager.SaveChangesAsync(IList`1 entriesToSave, CancellationToken cancellationToken)
   at Microsoft.EntityFrameworkCore.ChangeTracking.Internal.StateManager.SaveChangesAsync(StateManager stateManager, Boolean acceptAllChangesOnSuccess, CancellationToken cancellationToken)
   at Microsoft.EntityFrameworkCore.DbContext.SaveChangesAsync(Boolean acceptAllChangesOnSuccess, CancellationToken cancellationToken)
   at Microsoft.EntityFrameworkCore.DbContext.SaveChangesAsync(Boolean acceptAllChangesOnSuccess, CancellationToken cancellationToken)
   at FleetMind.Api.Data.FleetMindDbContext.SaveChangesAsync(CancellationToken cancellationToken) in C:\Users\Tamanna\Desktop\entnt\fleetmind-ai\backend\FleetMind.Api\Data\FleetMindDbContext.cs:line 162
   at FleetMind.Api.Data.FleetMindDbContext.SaveChanges() in C:\Users\Tamanna\Desktop\entnt\fleetmind-ai\backend\FleetMind.Api\Data\FleetMindDbContext.cs:line 89
   at FleetMind.Api.IntegrationTests.CustomWebApplicationFactory.<>c.<ConfigureWebHost>b__2_2(IServiceCollection services) in C:\Users\Tamanna\Desktop\entnt\fleetmind-ai\backend\FleetMind.Api.IntegrationTests\CustomWebApplicationFactory.cs:line 125
   at Microsoft.Extensions.Hosting.HostApplicationBuilder.HostBuilderAdapter.ApplyChanges()
   at Microsoft.Extensions.Hosting.HostApplicationBuilder.Build()
   at Microsoft.AspNetCore.Builder.WebApplicationBuilder.Build()
   at Program.<Main>$(String[] args) in C:\Users\Tamanna\Desktop\entnt\fleetmind-ai\backend\FleetMind.Api\Program.cs:line 205
   at Program.<Main>(String[] args)
   at InvokeStub_Program.<Main>(Object, Span`1)
   at System.Reflection.MethodBaseInvoker.InvokeWithOneArg(Object obj, BindingFlags invokeAttr, Binder binder, Object[] parameters, CultureInfo culture)
--- End of stack trace from previous location ---
   at Microsoft.Extensions.Hosting.HostFactoryResolver.HostingListener.CreateHost()
   at Microsoft.Extensions.Hosting.HostFactoryResolver.<>c__DisplayClass10_0.<ResolveHostFactory>b__0(String[] args)
   at Microsoft.AspNetCore.Mvc.Testing.DeferredHostBuilder.Build()
   at Microsoft.AspNetCore.Mvc.Testing.WebApplicationFactory`1.CreateHost(IHostBuilder builder)
   at Microsoft.AspNetCore.Mvc.Testing.WebApplicationFactory`1.ConfigureHostBuilder(IHostBuilder hostBuilder)
   at Microsoft.AspNetCore.Mvc.Testing.WebApplicationFactory`1.EnsureServer()
   at Microsoft.AspNetCore.Mvc.Testing.WebApplicationFactory`1.CreateDefaultClient(DelegatingHandler[] handlers)
   at Microsoft.AspNetCore.Mvc.Testing.WebApplicationFactory`1.CreateDefaultClient(Uri baseAddress, DelegatingHandler[] handlers)
   at Microsoft.AspNetCore.Mvc.Testing.WebApplicationFactory`1.CreateClient(WebApplicationFactoryClientOptions options)
   at Microsoft.AspNetCore.Mvc.Testing.WebApplicationFactory`1.CreateClient()
   at FleetMind.Api.IntegrationTests.TestHelpers.AuthenticatedClientHelper.GetAuthenticatedClientAsync(WebApplicationFactory`1 factory, String email, String password) in C:\Users\Tamanna\Desktop\entnt\fleetmind-ai\backend\FleetMind.Api.IntegrationTests\TestHelpers\AuthenticatedClientHelper.cs:line 17
   at FleetMind.Api.IntegrationTests.Controllers.RoleBasedAccessMatrixTests.RoleBasedAccessMatrix_Endpoint_ReturnsExpectedStatus(String email, String password, String role, String methodStr, String route, Object payload, HttpStatusCode expectedStatus) in C:\Users\Tamanna\Desktop\entnt\fleetmind-ai\backend\FleetMind.Api.IntegrationTests\Controllers\RoleBasedAccessMatrixTests.cs:line 87
--- End of stack trace from previous location ---
----- Inner Stack Trace -----
   at Microsoft.Data.Sqlite.SqliteException.ThrowExceptionForRC(Int32 rc, sqlite3 db)
   at Microsoft.Data.Sqlite.SqliteDataReader.NextResult()
   at Microsoft.Data.Sqlite.SqliteCommand.ExecuteReader(CommandBehavior behavior)
   at Microsoft.Data.Sqlite.SqliteCommand.ExecuteDbDataReaderAsync(CommandBehavior behavior, CancellationToken cancellationToken)
   at Microsoft.EntityFrameworkCore.Storage.RelationalCommand.ExecuteReaderAsync(RelationalCommandParameterObject parameterObject, CancellationToken cancellationToken)
   at Microsoft.EntityFrameworkCore.Storage.RelationalCommand.ExecuteReaderAsync(RelationalCommandParameterObject parameterObject, CancellationToken cancellationToken)
   at Microsoft.EntityFrameworkCore.Update.ReaderModificationCommandBatch.ExecuteAsync(IRelationalConnection connection, CancellationToken cancellationToken)
  Failed FleetMind.Api.IntegrationTests.Controllers.FleetsControllerIntegrationTests.DeleteFleet_Returns204NoContent_AndSubsequentGetReturns404 [6 s]
  Error Message:
   Microsoft.EntityFrameworkCore.DbUpdateException : An error occurred while saving the entity changes. See the inner exception for details.
---- Microsoft.Data.Sqlite.SqliteException : SQLite Error 19: 'NOT NULL constraint failed: Ships.Type'.
  Stack Trace:
     at Microsoft.EntityFrameworkCore.Update.ReaderModificationCommandBatch.ExecuteAsync(IRelationalConnection connection, CancellationToken cancellationToken)
   at Microsoft.EntityFrameworkCore.Update.Internal.BatchExecutor.ExecuteAsync(IEnumerable`1 commandBatches, IRelationalConnection connection, CancellationToken cancellationToken)
   at Microsoft.EntityFrameworkCore.Update.Internal.BatchExecutor.ExecuteAsync(IEnumerable`1 commandBatches, IRelationalConnection connection, CancellationToken cancellationToken)
   at Microsoft.EntityFrameworkCore.Update.Internal.BatchExecutor.ExecuteAsync(IEnumerable`1 commandBatches, IRelationalConnection connection, CancellationToken cancellationToken)
   at Microsoft.EntityFrameworkCore.Storage.RelationalDatabase.SaveChangesAsync(IList`1 entries, CancellationToken cancellationToken)
   at Microsoft.EntityFrameworkCore.ChangeTracking.Internal.StateManager.SaveChangesAsync(IList`1 entriesToSave, CancellationToken cancellationToken)
   at Microsoft.EntityFrameworkCore.ChangeTracking.Internal.StateManager.SaveChangesAsync(StateManager stateManager, Boolean acceptAllChangesOnSuccess, CancellationToken cancellationToken)
   at Microsoft.EntityFrameworkCore.DbContext.SaveChangesAsync(Boolean acceptAllChangesOnSuccess, CancellationToken cancellationToken)
   at Microsoft.EntityFrameworkCore.DbContext.SaveChangesAsync(Boolean acceptAllChangesOnSuccess, CancellationToken cancellationToken)
   at FleetMind.Api.Data.FleetMindDbContext.SaveChangesAsync(CancellationToken cancellationToken) in C:\Users\Tamanna\Desktop\entnt\fleetmind-ai\backend\FleetMind.Api\Data\FleetMindDbContext.cs:line 162
   at FleetMind.Api.Data.FleetMindDbContext.SaveChanges() in C:\Users\Tamanna\Desktop\entnt\fleetmind-ai\backend\FleetMind.Api\Data\FleetMindDbContext.cs:line 89
   at FleetMind.Api.IntegrationTests.CustomWebApplicationFactory.<>c.<ConfigureWebHost>b__2_2(IServiceCollection services) in C:\Users\Tamanna\Desktop\entnt\fleetmind-ai\backend\FleetMind.Api.IntegrationTests\CustomWebApplicationFactory.cs:line 125
   at Microsoft.Extensions.Hosting.HostApplicationBuilder.HostBuilderAdapter.ApplyChanges()
   at Microsoft.Extensions.Hosting.HostApplicationBuilder.Build()
   at Microsoft.AspNetCore.Builder.WebApplicationBuilder.Build()
   at Program.<Main>$(String[] args) in C:\Users\Tamanna\Desktop\entnt\fleetmind-ai\backend\FleetMind.Api\Program.cs:line 205
   at Program.<Main>(String[] args)
   at InvokeStub_Program.<Main>(Object, Span`1)
   at System.Reflection.MethodBaseInvoker.InvokeWithOneArg(Object obj, BindingFlags invokeAttr, Binder binder, Object[] parameters, CultureInfo culture)
--- End of stack trace from previous location ---
   at Microsoft.Extensions.Hosting.HostFactoryResolver.HostingListener.CreateHost()
   at Microsoft.Extensions.Hosting.HostFactoryResolver.<>c__DisplayClass10_0.<ResolveHostFactory>b__0(String[] args)
   at Microsoft.AspNetCore.Mvc.Testing.DeferredHostBuilder.Build()
   at Microsoft.AspNetCore.Mvc.Testing.WebApplicationFactory`1.CreateHost(IHostBuilder builder)
   at Microsoft.AspNetCore.Mvc.Testing.WebApplicationFactory`1.ConfigureHostBuilder(IHostBuilder hostBuilder)
   at Microsoft.AspNetCore.Mvc.Testing.WebApplicationFactory`1.EnsureServer()
   at Microsoft.AspNetCore.Mvc.Testing.WebApplicationFactory`1.CreateDefaultClient(DelegatingHandler[] handlers)
   at Microsoft.AspNetCore.Mvc.Testing.WebApplicationFactory`1.CreateDefaultClient(Uri baseAddress, DelegatingHandler[] handlers)
   at Microsoft.AspNetCore.Mvc.Testing.WebApplicationFactory`1.CreateClient(WebApplicationFactoryClientOptions options)
   at Microsoft.AspNetCore.Mvc.Testing.WebApplicationFactory`1.CreateClient()
   at FleetMind.Api.IntegrationTests.TestHelpers.AuthenticatedClientHelper.GetAuthenticatedClientAsync(WebApplicationFactory`1 factory, String email, String password) in C:\Users\Tamanna\Desktop\entnt\fleetmind-ai\backend\FleetMind.Api.IntegrationTests\TestHelpers\AuthenticatedClientHelper.cs:line 17
   at FleetMind.Api.IntegrationTests.Controllers.FleetsControllerIntegrationTests.DeleteFleet_Returns204NoContent_AndSubsequentGetReturns404() in C:\Users\Tamanna\Desktop\entnt\fleetmind-ai\backend\FleetMind.Api.IntegrationTests\Controllers\FleetsControllerIntegrationTests.cs:line 119
--- End of stack trace from previous location ---
----- Inner Stack Trace -----
   at Microsoft.Data.Sqlite.SqliteException.ThrowExceptionForRC(Int32 rc, sqlite3 db)
   at Microsoft.Data.Sqlite.SqliteDataReader.NextResult()
   at Microsoft.Data.Sqlite.SqliteCommand.ExecuteReader(CommandBehavior behavior)
   at Microsoft.Data.Sqlite.SqliteCommand.ExecuteDbDataReaderAsync(CommandBehavior behavior, CancellationToken cancellationToken)
   at Microsoft.EntityFrameworkCore.Storage.RelationalCommand.ExecuteReaderAsync(RelationalCommandParameterObject parameterObject, CancellationToken cancellationToken)
   at Microsoft.EntityFrameworkCore.Storage.RelationalCommand.ExecuteReaderAsync(RelationalCommandParameterObject parameterObject, CancellationToken cancellationToken)
   at Microsoft.EntityFrameworkCore.Update.ReaderModificationCommandBatch.ExecuteAsync(IRelationalConnection connection, CancellationToken cancellationToken)
[16:18:29 ERR] Failed executing DbCommand (0ms) [Parameters=[@p0='?' (DbType = Guid), @p1='?' (DbType = DateTime), @p2='?', @p3='?' (DbType = Guid), @p4='?' (DbType = Decimal), @p5='?' (Size = 7), @p6='?' (DbType = Boolean), @p7='?' (Size = 9), @p8='?' (DbType = Guid), @p9='?' (Size = 6), @p10='?', @p11='?' (DbType = DateTime), @p12='?' (DbType = Int32)], CommandType='Text', CommandTimeout='30']
INSERT INTO "Ships" ("Id", "CreatedAt", "Flag", "FleetId", "GrossTonnage", "IMO", "IsDeleted", "Name", "PrimaryPhotoAttachmentId", "Status", "Type", "UpdatedAt", "YearBuilt")
VALUES (@p0, @p1, @p2, @p3, @p4, @p5, @p6, @p7, @p8, @p9, @p10, @p11, @p12);
[16:18:29 ERR] Failed executing DbCommand (0ms) [Parameters=[@p0='?' (DbType = Guid), @p1='?' (DbType = DateTime), @p2='?', @p3='?' (DbType = Guid), @p4='?' (DbType = Decimal), @p5='?' (Size = 7), @p6='?' (DbType = Boolean), @p7='?' (Size = 9), @p8='?' (DbType = Guid), @p9='?' (Size = 6), @p10='?', @p11='?' (DbType = DateTime), @p12='?' (DbType = Int32)], CommandType='Text', CommandTimeout='30']
INSERT INTO "Ships" ("Id", "CreatedAt", "Flag", "FleetId", "GrossTonnage", "IMO", "IsDeleted", "Name", "PrimaryPhotoAttachmentId", "Status", "Type", "UpdatedAt", "YearBuilt")
VALUES (@p0, @p1, @p2, @p3, @p4, @p5, @p6, @p7, @p8, @p9, @p10, @p11, @p12);
[16:18:29 ERR] An exception occurred in the database while saving changes for context type 'FleetMind.Api.Data.FleetMindDbContext'.
Microsoft.EntityFrameworkCore.DbUpdateException: An error occurred while saving the entity changes. See the inner exception for details.
 ---> Microsoft.Data.Sqlite.SqliteException (0x80004005): SQLite Error 19: 'NOT NULL constraint failed: Ships.Type'.
   at Microsoft.Data.Sqlite.SqliteException.ThrowExceptionForRC(Int32 rc, sqlite3 db)
   at Microsoft.Data.Sqlite.SqliteDataReader.NextResult()
   at Microsoft.Data.Sqlite.SqliteCommand.ExecuteReader(CommandBehavior behavior)
   at Microsoft.Data.Sqlite.SqliteCommand.ExecuteDbDataReaderAsync(CommandBehavior behavior, CancellationToken cancellationToken)
   at Microsoft.EntityFrameworkCore.Storage.RelationalCommand.ExecuteReaderAsync(RelationalCommandParameterObject parameterObject, CancellationToken cancellationToken)
   at Microsoft.EntityFrameworkCore.Storage.RelationalCommand.ExecuteReaderAsync(RelationalCommandParameterObject parameterObject, CancellationToken cancellationToken)
   at Microsoft.EntityFrameworkCore.Update.ReaderModificationCommandBatch.ExecuteAsync(IRelationalConnection connection, CancellationToken cancellationToken)
   --- End of inner exception stack trace ---
   at Microsoft.EntityFrameworkCore.Update.ReaderModificationCommandBatch.ExecuteAsync(IRelationalConnection connection, CancellationToken cancellationToken)
   at Microsoft.EntityFrameworkCore.Update.Internal.BatchExecutor.ExecuteAsync(IEnumerable`1 commandBatches, IRelationalConnection connection, CancellationToken cancellationToken)
   at Microsoft.EntityFrameworkCore.Update.Internal.BatchExecutor.ExecuteAsync(IEnumerable`1 commandBatches, IRelationalConnection connection, CancellationToken cancellationToken)
   at Microsoft.EntityFrameworkCore.Update.Internal.BatchExecutor.ExecuteAsync(IEnumerable`1 commandBatches, IRelationalConnection connection, CancellationToken cancellationToken)
   at Microsoft.EntityFrameworkCore.Storage.RelationalDatabase.SaveChangesAsync(IList`1 entries, CancellationToken cancellationToken)
   at Microsoft.EntityFrameworkCore.ChangeTracking.Internal.StateManager.SaveChangesAsync(IList`1 entriesToSave, CancellationToken cancellationToken)
   at Microsoft.EntityFrameworkCore.ChangeTracking.Internal.StateManager.SaveChangesAsync(StateManager stateManager, Boolean acceptAllChangesOnSuccess, CancellationToken cancellationToken)
   at Microsoft.EntityFrameworkCore.DbContext.SaveChangesAsync(Boolean acceptAllChangesOnSuccess, CancellationToken cancellationToken)
Microsoft.EntityFrameworkCore.DbUpdateException: An error occurred while saving the entity changes. See the inner exception for details.
 ---> Microsoft.Data.Sqlite.SqliteException (0x80004005): SQLite Error 19: 'NOT NULL constraint failed: Ships.Type'.
   at Microsoft.Data.Sqlite.SqliteException.ThrowExceptionForRC(Int32 rc, sqlite3 db)
   at Microsoft.Data.Sqlite.SqliteDataReader.NextResult()
   at Microsoft.Data.Sqlite.SqliteCommand.ExecuteReader(CommandBehavior behavior)
   at Microsoft.Data.Sqlite.SqliteCommand.ExecuteDbDataReaderAsync(CommandBehavior behavior, CancellationToken cancellationToken)
   at Microsoft.EntityFrameworkCore.Storage.RelationalCommand.ExecuteReaderAsync(RelationalCommandParameterObject parameterObject, CancellationToken cancellationToken)
   at Microsoft.EntityFrameworkCore.Storage.RelationalCommand.ExecuteReaderAsync(RelationalCommandParameterObject parameterObject, CancellationToken cancellationToken)
   at Microsoft.EntityFrameworkCore.Update.ReaderModificationCommandBatch.ExecuteAsync(IRelationalConnection connection, CancellationToken cancellationToken)
   --- End of inner exception stack trace ---
   at Microsoft.EntityFrameworkCore.Update.ReaderModificationCommandBatch.ExecuteAsync(IRelationalConnection connection, CancellationToken cancellationToken)
   at Microsoft.EntityFrameworkCore.Update.Internal.BatchExecutor.ExecuteAsync(IEnumerable`1 commandBatches, IRelationalConnection connection, CancellationToken cancellationToken)
   at Microsoft.EntityFrameworkCore.Update.Internal.BatchExecutor.ExecuteAsync(IEnumerable`1 commandBatches, IRelationalConnection connection, CancellationToken cancellationToken)
   at Microsoft.EntityFrameworkCore.Update.Internal.BatchExecutor.ExecuteAsync(IEnumerable`1 commandBatches, IRelationalConnection connection, CancellationToken cancellationToken)
   at Microsoft.EntityFrameworkCore.Storage.RelationalDatabase.SaveChangesAsync(IList`1 entries, CancellationToken cancellationToken)
   at Microsoft.EntityFrameworkCore.ChangeTracking.Internal.StateManager.SaveChangesAsync(IList`1 entriesToSave, CancellationToken cancellationToken)
   at Microsoft.EntityFrameworkCore.ChangeTracking.Internal.StateManager.SaveChangesAsync(StateManager stateManager, Boolean acceptAllChangesOnSuccess, CancellationToken cancellationToken)
   at Microsoft.EntityFrameworkCore.DbContext.SaveChangesAsync(Boolean acceptAllChangesOnSuccess, CancellationToken cancellationToken)
[16:18:29 ERR] An exception occurred in the database while saving changes for context type 'FleetMind.Api.Data.FleetMindDbContext'.
Microsoft.EntityFrameworkCore.DbUpdateException: An error occurred while saving the entity changes. See the inner exception for details.
 ---> Microsoft.Data.Sqlite.SqliteException (0x80004005): SQLite Error 19: 'NOT NULL constraint failed: Ships.Type'.
   at Microsoft.Data.Sqlite.SqliteException.ThrowExceptionForRC(Int32 rc, sqlite3 db)
   at Microsoft.Data.Sqlite.SqliteDataReader.NextResult()
   at Microsoft.Data.Sqlite.SqliteCommand.ExecuteReader(CommandBehavior behavior)
   at Microsoft.Data.Sqlite.SqliteCommand.ExecuteDbDataReaderAsync(CommandBehavior behavior, CancellationToken cancellationToken)
   at Microsoft.EntityFrameworkCore.Storage.RelationalCommand.ExecuteReaderAsync(RelationalCommandParameterObject parameterObject, CancellationToken cancellationToken)
   at Microsoft.EntityFrameworkCore.Storage.RelationalCommand.ExecuteReaderAsync(RelationalCommandParameterObject parameterObject, CancellationToken cancellationToken)
   at Microsoft.EntityFrameworkCore.Update.ReaderModificationCommandBatch.ExecuteAsync(IRelationalConnection connection, CancellationToken cancellationToken)
   --- End of inner exception stack trace ---
   at Microsoft.EntityFrameworkCore.Update.ReaderModificationCommandBatch.ExecuteAsync(IRelationalConnection connection, CancellationToken cancellationToken)
   at Microsoft.EntityFrameworkCore.Update.Internal.BatchExecutor.ExecuteAsync(IEnumerable`1 commandBatches, IRelationalConnection connection, CancellationToken cancellationToken)
   at Microsoft.EntityFrameworkCore.Update.Internal.BatchExecutor.ExecuteAsync(IEnumerable`1 commandBatches, IRelationalConnection connection, CancellationToken cancellationToken)
   at Microsoft.EntityFrameworkCore.Update.Internal.BatchExecutor.ExecuteAsync(IEnumerable`1 commandBatches, IRelationalConnection connection, CancellationToken cancellationToken)
   at Microsoft.EntityFrameworkCore.Storage.RelationalDatabase.SaveChangesAsync(IList`1 entries, CancellationToken cancellationToken)
   at Microsoft.EntityFrameworkCore.ChangeTracking.Internal.StateManager.SaveChangesAsync(IList`1 entriesToSave, CancellationToken cancellationToken)
   at Microsoft.EntityFrameworkCore.ChangeTracking.Internal.StateManager.SaveChangesAsync(StateManager stateManager, Boolean acceptAllChangesOnSuccess, CancellationToken cancellationToken)
   at Microsoft.EntityFrameworkCore.DbContext.SaveChangesAsync(Boolean acceptAllChangesOnSuccess, CancellationToken cancellationToken)
Microsoft.EntityFrameworkCore.DbUpdateException: An error occurred while saving the entity changes. See the inner exception for details.
 ---> Microsoft.Data.Sqlite.SqliteException (0x80004005): SQLite Error 19: 'NOT NULL constraint failed: Ships.Type'.
   at Microsoft.Data.Sqlite.SqliteException.ThrowExceptionForRC(Int32 rc, sqlite3 db)
   at Microsoft.Data.Sqlite.SqliteDataReader.NextResult()
   at Microsoft.Data.Sqlite.SqliteCommand.ExecuteReader(CommandBehavior behavior)
   at Microsoft.Data.Sqlite.SqliteCommand.ExecuteDbDataReaderAsync(CommandBehavior behavior, CancellationToken cancellationToken)
   at Microsoft.EntityFrameworkCore.Storage.RelationalCommand.ExecuteReaderAsync(RelationalCommandParameterObject parameterObject, CancellationToken cancellationToken)
   at Microsoft.EntityFrameworkCore.Storage.RelationalCommand.ExecuteReaderAsync(RelationalCommandParameterObject parameterObject, CancellationToken cancellationToken)
   at Microsoft.EntityFrameworkCore.Update.ReaderModificationCommandBatch.ExecuteAsync(IRelationalConnection connection, CancellationToken cancellationToken)
   --- End of inner exception stack trace ---
   at Microsoft.EntityFrameworkCore.Update.ReaderModificationCommandBatch.ExecuteAsync(IRelationalConnection connection, CancellationToken cancellationToken)
   at Microsoft.EntityFrameworkCore.Update.Internal.BatchExecutor.ExecuteAsync(IEnumerable`1 commandBatches, IRelationalConnection connection, CancellationToken cancellationToken)
   at Microsoft.EntityFrameworkCore.Update.Internal.BatchExecutor.ExecuteAsync(IEnumerable`1 commandBatches, IRelationalConnection connection, CancellationToken cancellationToken)
   at Microsoft.EntityFrameworkCore.Update.Internal.BatchExecutor.ExecuteAsync(IEnumerable`1 commandBatches, IRelationalConnection connection, CancellationToken cancellationToken)
   at Microsoft.EntityFrameworkCore.Storage.RelationalDatabase.SaveChangesAsync(IList`1 entries, CancellationToken cancellationToken)
   at Microsoft.EntityFrameworkCore.ChangeTracking.Internal.StateManager.SaveChangesAsync(IList`1 entriesToSave, CancellationToken cancellationToken)
   at Microsoft.EntityFrameworkCore.ChangeTracking.Internal.StateManager.SaveChangesAsync(StateManager stateManager, Boolean acceptAllChangesOnSuccess, CancellationToken cancellationToken)
   at Microsoft.EntityFrameworkCore.DbContext.SaveChangesAsync(Boolean acceptAllChangesOnSuccess, CancellationToken cancellationToken)
[16:18:29 FTL] Application terminated unexpectedly
Microsoft.EntityFrameworkCore.DbUpdateException: An error occurred while saving the entity changes. See the inner exception for details.
 ---> Microsoft.Data.Sqlite.SqliteException (0x80004005): SQLite Error 19: 'NOT NULL constraint failed: Ships.Type'.
   at Microsoft.Data.Sqlite.SqliteException.ThrowExceptionForRC(Int32 rc, sqlite3 db)
   at Microsoft.Data.Sqlite.SqliteDataReader.NextResult()
   at Microsoft.Data.Sqlite.SqliteCommand.ExecuteReader(CommandBehavior behavior)
   at Microsoft.Data.Sqlite.SqliteCommand.ExecuteDbDataReaderAsync(CommandBehavior behavior, CancellationToken cancellationToken)
   at Microsoft.EntityFrameworkCore.Storage.RelationalCommand.ExecuteReaderAsync(RelationalCommandParameterObject parameterObject, CancellationToken cancellationToken)
   at Microsoft.EntityFrameworkCore.Storage.RelationalCommand.ExecuteReaderAsync(RelationalCommandParameterObject parameterObject, CancellationToken cancellationToken)
   at Microsoft.EntityFrameworkCore.Update.ReaderModificationCommandBatch.ExecuteAsync(IRelationalConnection connection, CancellationToken cancellationToken)
   --- End of inner exception stack trace ---
   at Microsoft.EntityFrameworkCore.Update.ReaderModificationCommandBatch.ExecuteAsync(IRelationalConnection connection, CancellationToken cancellationToken)
   at Microsoft.EntityFrameworkCore.Update.Internal.BatchExecutor.ExecuteAsync(IEnumerable`1 commandBatches, IRelationalConnection connection, CancellationToken cancellationToken)
   at Microsoft.EntityFrameworkCore.Update.Internal.BatchExecutor.ExecuteAsync(IEnumerable`1 commandBatches, IRelationalConnection connection, CancellationToken cancellationToken)
   at Microsoft.EntityFrameworkCore.Update.Internal.BatchExecutor.ExecuteAsync(IEnumerable`1 commandBatches, IRelationalConnection connection, CancellationToken cancellationToken)
   at Microsoft.EntityFrameworkCore.Storage.RelationalDatabase.SaveChangesAsync(IList`1 entries, CancellationToken cancellationToken)
   at Microsoft.EntityFrameworkCore.ChangeTracking.Internal.StateManager.SaveChangesAsync(IList`1 entriesToSave, CancellationToken cancellationToken)
   at Microsoft.EntityFrameworkCore.ChangeTracking.Internal.StateManager.SaveChangesAsync(StateManager stateManager, Boolean acceptAllChangesOnSuccess, CancellationToken cancellationToken)
   at Microsoft.EntityFrameworkCore.DbContext.SaveChangesAsync(Boolean acceptAllChangesOnSuccess, CancellationToken cancellationToken)
   at Microsoft.EntityFrameworkCore.DbContext.SaveChangesAsync(Boolean acceptAllChangesOnSuccess, CancellationToken cancellationToken)
   at FleetMind.Api.Data.FleetMindDbContext.SaveChangesAsync(CancellationToken cancellationToken) in C:\Users\Tamanna\Desktop\entnt\fleetmind-ai\backend\FleetMind.Api\Data\FleetMindDbContext.cs:line 162
   at FleetMind.Api.Data.FleetMindDbContext.SaveChanges() in C:\Users\Tamanna\Desktop\entnt\fleetmind-ai\backend\FleetMind.Api\Data\FleetMindDbContext.cs:line 89
   at FleetMind.Api.IntegrationTests.CustomWebApplicationFactory.<>c.<ConfigureWebHost>b__2_2(IServiceCollection services) in C:\Users\Tamanna\Desktop\entnt\fleetmind-ai\backend\FleetMind.Api.IntegrationTests\CustomWebApplicationFactory.cs:line 125
   at Microsoft.Extensions.Hosting.HostApplicationBuilder.HostBuilderAdapter.ApplyChanges()
   at Microsoft.Extensions.Hosting.HostApplicationBuilder.Build()
   at Microsoft.AspNetCore.Builder.WebApplicationBuilder.Build()
   at Program.<Main>$(String[] args) in C:\Users\Tamanna\Desktop\entnt\fleetmind-ai\backend\FleetMind.Api\Program.cs:line 205
[16:18:29 FTL] Application terminated unexpectedly
Microsoft.EntityFrameworkCore.DbUpdateException: An error occurred while saving the entity changes. See the inner exception for details.
 ---> Microsoft.Data.Sqlite.SqliteException (0x80004005): SQLite Error 19: 'NOT NULL constraint failed: Ships.Type'.
   at Microsoft.Data.Sqlite.SqliteException.ThrowExceptionForRC(Int32 rc, sqlite3 db)
   at Microsoft.Data.Sqlite.SqliteDataReader.NextResult()
   at Microsoft.Data.Sqlite.SqliteCommand.ExecuteReader(CommandBehavior behavior)
   at Microsoft.Data.Sqlite.SqliteCommand.ExecuteDbDataReaderAsync(CommandBehavior behavior, CancellationToken cancellationToken)
   at Microsoft.EntityFrameworkCore.Storage.RelationalCommand.ExecuteReaderAsync(RelationalCommandParameterObject parameterObject, CancellationToken cancellationToken)
   at Microsoft.EntityFrameworkCore.Storage.RelationalCommand.ExecuteReaderAsync(RelationalCommandParameterObject parameterObject, CancellationToken cancellationToken)
   at Microsoft.EntityFrameworkCore.Update.ReaderModificationCommandBatch.ExecuteAsync(IRelationalConnection connection, CancellationToken cancellationToken)
   --- End of inner exception stack trace ---
   at Microsoft.EntityFrameworkCore.Update.ReaderModificationCommandBatch.ExecuteAsync(IRelationalConnection connection, CancellationToken cancellationToken)
   at Microsoft.EntityFrameworkCore.Update.Internal.BatchExecutor.ExecuteAsync(IEnumerable`1 commandBatches, IRelationalConnection connection, CancellationToken cancellationToken)
   at Microsoft.EntityFrameworkCore.Update.Internal.BatchExecutor.ExecuteAsync(IEnumerable`1 commandBatches, IRelationalConnection connection, CancellationToken cancellationToken)
   at Microsoft.EntityFrameworkCore.Update.Internal.BatchExecutor.ExecuteAsync(IEnumerable`1 commandBatches, IRelationalConnection connection, CancellationToken cancellationToken)
   at Microsoft.EntityFrameworkCore.Storage.RelationalDatabase.SaveChangesAsync(IList`1 entries, CancellationToken cancellationToken)
   at Microsoft.EntityFrameworkCore.ChangeTracking.Internal.StateManager.SaveChangesAsync(IList`1 entriesToSave, CancellationToken cancellationToken)
   at Microsoft.EntityFrameworkCore.ChangeTracking.Internal.StateManager.SaveChangesAsync(StateManager stateManager, Boolean acceptAllChangesOnSuccess, CancellationToken cancellationToken)
   at Microsoft.EntityFrameworkCore.DbContext.SaveChangesAsync(Boolean acceptAllChangesOnSuccess, CancellationToken cancellationToken)
   at Microsoft.EntityFrameworkCore.DbContext.SaveChangesAsync(Boolean acceptAllChangesOnSuccess, CancellationToken cancellationToken)
   at FleetMind.Api.Data.FleetMindDbContext.SaveChangesAsync(CancellationToken cancellationToken) in C:\Users\Tamanna\Desktop\entnt\fleetmind-ai\backend\FleetMind.Api\Data\FleetMindDbContext.cs:line 162
   at FleetMind.Api.Data.FleetMindDbContext.SaveChanges() in C:\Users\Tamanna\Desktop\entnt\fleetmind-ai\backend\FleetMind.Api\Data\FleetMindDbContext.cs:line 89
   at FleetMind.Api.IntegrationTests.CustomWebApplicationFactory.<>c.<ConfigureWebHost>b__2_2(IServiceCollection services) in C:\Users\Tamanna\Desktop\entnt\fleetmind-ai\backend\FleetMind.Api.IntegrationTests\CustomWebApplicationFactory.cs:line 125
   at Microsoft.Extensions.Hosting.HostApplicationBuilder.HostBuilderAdapter.ApplyChanges()
   at Microsoft.Extensions.Hosting.HostApplicationBuilder.Build()
   at Microsoft.AspNetCore.Builder.WebApplicationBuilder.Build()
   at Program.<Main>$(String[] args) in C:\Users\Tamanna\Desktop\entnt\fleetmind-ai\backend\FleetMind.Api\Program.cs:line 205
[xUnit.net 00:00:18.43]       Microsoft.EntityFrameworkCore.DbUpdateException : An error occurred while saving the entity changes. See the inner exception for details.
[xUnit.net 00:00:18.43]       ---- Microsoft.Data.Sqlite.SqliteException : SQLite Error 19: 'NOT NULL constraint failed: Ships.Type'.
[xUnit.net 00:00:18.43]       Stack Trace:
[xUnit.net 00:00:18.43]            at Microsoft.EntityFrameworkCore.Update.ReaderModificationCommandBatch.ExecuteAsync(IRelationalConnection connection, CancellationToken cancellationToken)
[xUnit.net 00:00:18.43]            at Microsoft.EntityFrameworkCore.Update.Internal.BatchExecutor.ExecuteAsync(IEnumerable`1 commandBatches, IRelationalConnection connection, CancellationToken cancellationToken)
[xUnit.net 00:00:18.43]            at Microsoft.EntityFrameworkCore.Update.Internal.BatchExecutor.ExecuteAsync(IEnumerable`1 commandBatches, IRelationalConnection connection, CancellationToken cancellationToken)
[xUnit.net 00:00:18.43]            at Microsoft.EntityFrameworkCore.Update.Internal.BatchExecutor.ExecuteAsync(IEnumerable`1 commandBatches, IRelationalConnection connection, CancellationToken cancellationToken)
[xUnit.net 00:00:18.43]            at Microsoft.EntityFrameworkCore.Storage.RelationalDatabase.SaveChangesAsync(IList`1 entries, CancellationToken cancellationToken)
[xUnit.net 00:00:18.43]            at Microsoft.EntityFrameworkCore.ChangeTracking.Internal.StateManager.SaveChangesAsync(IList`1 entriesToSave, CancellationToken cancellationToken)
[xUnit.net 00:00:18.43]            at Microsoft.EntityFrameworkCore.ChangeTracking.Internal.StateManager.SaveChangesAsync(StateManager stateManager, Boolean acceptAllChangesOnSuccess, CancellationToken cancellationToken)
[xUnit.net 00:00:18.43]            at Microsoft.EntityFrameworkCore.DbContext.SaveChangesAsync(Boolean acceptAllChangesOnSuccess, CancellationToken cancellationToken)
[xUnit.net 00:00:18.43]            at Microsoft.EntityFrameworkCore.DbContext.SaveChangesAsync(Boolean acceptAllChangesOnSuccess, CancellationToken cancellationToken)
[xUnit.net 00:00:18.43]         C:\Users\Tamanna\Desktop\entnt\fleetmind-ai\backend\FleetMind.Api\Data\FleetMindDbContext.cs(162,0): at FleetMind.Api.Data.FleetMindDbContext.SaveChangesAsync(CancellationToken cancellationToken)
[xUnit.net 00:00:18.43]         C:\Users\Tamanna\Desktop\entnt\fleetmind-ai\backend\FleetMind.Api\Data\FleetMindDbContext.cs(89,0): at FleetMind.Api.Data.FleetMindDbContext.SaveChanges()
[xUnit.net 00:00:18.43]         C:\Users\Tamanna\Desktop\entnt\fleetmind-ai\backend\FleetMind.Api.IntegrationTests\CustomWebApplicationFactory.cs(125,0): at FleetMind.Api.IntegrationTests.CustomWebApplicationFactory.<>c.<ConfigureWebHost>b__2_2(IServiceCollection services)
[xUnit.net 00:00:18.43]            at Microsoft.Extensions.Hosting.HostApplicationBuilder.HostBuilderAdapter.ApplyChanges()
[xUnit.net 00:00:18.43]            at Microsoft.Extensions.Hosting.HostApplicationBuilder.Build()
[xUnit.net 00:00:18.43]            at Microsoft.AspNetCore.Builder.WebApplicationBuilder.Build()
[xUnit.net 00:00:18.43]         C:\Users\Tamanna\Desktop\entnt\fleetmind-ai\backend\FleetMind.Api\Program.cs(205,0): at Program.<Main>$(String[] args)
[xUnit.net 00:00:18.43]            at Program.<Main>(String[] args)
[xUnit.net 00:00:18.43]            at InvokeStub_Program.<Main>(Object, Span`1)
[xUnit.net 00:00:18.43]            at System.Reflection.MethodBaseInvoker.InvokeWithOneArg(Object obj, BindingFlags invokeAttr, Binder binder, Object[] parameters, CultureInfo culture)
[xUnit.net 00:00:18.44]         --- End of stack trace from previous location ---
[xUnit.net 00:00:18.44]            at Microsoft.Extensions.Hosting.HostFactoryResolver.HostingListener.CreateHost()
[xUnit.net 00:00:18.44]            at Microsoft.Extensions.Hosting.HostFactoryResolver.<>c__DisplayClass10_0.<ResolveHostFactory>b__0(String[] args)
[xUnit.net 00:00:18.44]            at Microsoft.AspNetCore.Mvc.Testing.DeferredHostBuilder.Build()
[xUnit.net 00:00:18.44]            at Microsoft.AspNetCore.Mvc.Testing.WebApplicationFactory`1.CreateHost(IHostBuilder builder)
[xUnit.net 00:00:18.44]            at Microsoft.AspNetCore.Mvc.Testing.WebApplicationFactory`1.ConfigureHostBuilder(IHostBuilder hostBuilder)
[xUnit.net 00:00:18.44]            at Microsoft.AspNetCore.Mvc.Testing.WebApplicationFactory`1.EnsureServer()
[xUnit.net 00:00:18.44]            at Microsoft.AspNetCore.Mvc.Testing.WebApplicationFactory`1.CreateDefaultClient(DelegatingHandler[] handlers)
[xUnit.net 00:00:18.44]            at Microsoft.AspNetCore.Mvc.Testing.WebApplicationFactory`1.CreateDefaultClient(Uri baseAddress, DelegatingHandler[] handlers)
[xUnit.net 00:00:18.44]            at Microsoft.AspNetCore.Mvc.Testing.WebApplicationFactory`1.CreateClient(WebApplicationFactoryClientOptions options)
[xUnit.net 00:00:18.44]            at Microsoft.AspNetCore.Mvc.Testing.WebApplicationFactory`1.CreateClient()
[xUnit.net 00:00:18.44]         C:\Users\Tamanna\Desktop\entnt\fleetmind-ai\backend\FleetMind.Api.IntegrationTests\TestHelpers\AuthenticatedClientHelper.cs(17,0): at FleetMind.Api.IntegrationTests.TestHelpers.AuthenticatedClientHelper.GetAuthenticatedClientAsync(WebApplicationFactory`1 factory, String email, String password)
[xUnit.net 00:00:18.44]         C:\Users\Tamanna\Desktop\entnt\fleetmind-ai\backend\FleetMind.Api.IntegrationTests\Controllers\RoleBasedAccessMatrixTests.cs(87,0): at FleetMind.Api.IntegrationTests.Controllers.RoleBasedAccessMatrixTests.RoleBasedAccessMatrix_Endpoint_ReturnsExpectedStatus(String email, String password, String role, String methodStr, String route, Object payload, HttpStatusCode expectedStatus)
[xUnit.net 00:00:18.44]         --- End of stack trace from previous location ---
[xUnit.net 00:00:18.44]         ----- Inner Stack Trace -----
[xUnit.net 00:00:18.44]            at Microsoft.Data.Sqlite.SqliteException.ThrowExceptionForRC(Int32 rc, sqlite3 db)
[xUnit.net 00:00:18.44]            at Microsoft.Data.Sqlite.SqliteDataReader.NextResult()
[xUnit.net 00:00:18.44]            at Microsoft.Data.Sqlite.SqliteCommand.ExecuteReader(CommandBehavior behavior)
[xUnit.net 00:00:18.44]            at Microsoft.Data.Sqlite.SqliteCommand.ExecuteDbDataReaderAsync(CommandBehavior behavior, CancellationToken cancellationToken)
[xUnit.net 00:00:18.44]            at Microsoft.EntityFrameworkCore.Storage.RelationalCommand.ExecuteReaderAsync(RelationalCommandParameterObject parameterObject, CancellationToken cancellationToken)
[xUnit.net 00:00:18.44]            at Microsoft.EntityFrameworkCore.Storage.RelationalCommand.ExecuteReaderAsync(RelationalCommandParameterObject parameterObject, CancellationToken cancellationToken)
[xUnit.net 00:00:18.44]            at Microsoft.EntityFrameworkCore.Update.ReaderModificationCommandBatch.ExecuteAsync(IRelationalConnection connection, CancellationToken cancellationToken)
[xUnit.net 00:00:18.44]       Microsoft.EntityFrameworkCore.DbUpdateException : An error occurred while saving the entity changes. See the inner exception for details.
[xUnit.net 00:00:18.44]       ---- Microsoft.Data.Sqlite.SqliteException : SQLite Error 19: 'NOT NULL constraint failed: Ships.Type'.
[xUnit.net 00:00:18.45]       Stack Trace:
[xUnit.net 00:00:18.45]            at Microsoft.EntityFrameworkCore.Update.ReaderModificationCommandBatch.ExecuteAsync(IRelationalConnection connection, CancellationToken cancellationToken)
[xUnit.net 00:00:18.45]            at Microsoft.EntityFrameworkCore.Update.Internal.BatchExecutor.ExecuteAsync(IEnumerable`1 commandBatches, IRelationalConnection connection, CancellationToken cancellationToken)
[xUnit.net 00:00:18.45]            at Microsoft.EntityFrameworkCore.Update.Internal.BatchExecutor.ExecuteAsync(IEnumerable`1 commandBatches, IRelationalConnection connection, CancellationToken cancellationToken)
[xUnit.net 00:00:18.45]            at Microsoft.EntityFrameworkCore.Update.Internal.BatchExecutor.ExecuteAsync(IEnumerable`1 commandBatches, IRelationalConnection connection, CancellationToken cancellationToken)
[xUnit.net 00:00:18.45]            at Microsoft.EntityFrameworkCore.Storage.RelationalDatabase.SaveChangesAsync(IList`1 entries, CancellationToken cancellationToken)
[xUnit.net 00:00:18.45]            at Microsoft.EntityFrameworkCore.ChangeTracking.Internal.StateManager.SaveChangesAsync(IList`1 entriesToSave, CancellationToken cancellationToken)
[xUnit.net 00:00:18.45]            at Microsoft.EntityFrameworkCore.ChangeTracking.Internal.StateManager.SaveChangesAsync(StateManager stateManager, Boolean acceptAllChangesOnSuccess, CancellationToken cancellationToken)
[xUnit.net 00:00:18.45]            at Microsoft.EntityFrameworkCore.DbContext.SaveChangesAsync(Boolean acceptAllChangesOnSuccess, CancellationToken cancellationToken)
[xUnit.net 00:00:18.45]            at Microsoft.EntityFrameworkCore.DbContext.SaveChangesAsync(Boolean acceptAllChangesOnSuccess, CancellationToken cancellationToken)
[xUnit.net 00:00:18.45]         C:\Users\Tamanna\Desktop\entnt\fleetmind-ai\backend\FleetMind.Api\Data\FleetMindDbContext.cs(162,0): at FleetMind.Api.Data.FleetMindDbContext.SaveChangesAsync(CancellationToken cancellationToken)
[xUnit.net 00:00:18.45]         C:\Users\Tamanna\Desktop\entnt\fleetmind-ai\backend\FleetMind.Api\Data\FleetMindDbContext.cs(89,0): at FleetMind.Api.Data.FleetMindDbContext.SaveChanges()
[xUnit.net 00:00:18.45]         C:\Users\Tamanna\Desktop\entnt\fleetmind-ai\backend\FleetMind.Api.IntegrationTests\CustomWebApplicationFactory.cs(125,0): at FleetMind.Api.IntegrationTests.CustomWebApplicationFactory.<>c.<ConfigureWebHost>b__2_2(IServiceCollection services)
[xUnit.net 00:00:18.45]            at Microsoft.Extensions.Hosting.HostApplicationBuilder.HostBuilderAdapter.ApplyChanges()
[xUnit.net 00:00:18.45]            at Microsoft.Extensions.Hosting.HostApplicationBuilder.Build()
[xUnit.net 00:00:18.45]            at Microsoft.AspNetCore.Builder.WebApplicationBuilder.Build()
[xUnit.net 00:00:18.45]         C:\Users\Tamanna\Desktop\entnt\fleetmind-ai\backend\FleetMind.Api\Program.cs(205,0): at Program.<Main>$(String[] args)
[xUnit.net 00:00:18.45]            at Program.<Main>(String[] args)
[xUnit.net 00:00:18.45]            at InvokeStub_Program.<Main>(Object, Span`1)
[xUnit.net 00:00:18.45]            at System.Reflection.MethodBaseInvoker.InvokeWithOneArg(Object obj, BindingFlags invokeAttr, Binder binder, Object[] parameters, CultureInfo culture)
[xUnit.net 00:00:18.45]         --- End of stack trace from previous location ---
[xUnit.net 00:00:18.45]            at Microsoft.Extensions.Hosting.HostFactoryResolver.HostingListener.CreateHost()
[xUnit.net 00:00:18.45]            at Microsoft.Extensions.Hosting.HostFactoryResolver.<>c__DisplayClass10_0.<ResolveHostFactory>b__0(String[] args)
[xUnit.net 00:00:18.45]            at Microsoft.AspNetCore.Mvc.Testing.DeferredHostBuilder.Build()
[xUnit.net 00:00:18.45]            at Microsoft.AspNetCore.Mvc.Testing.WebApplicationFactory`1.CreateHost(IHostBuilder builder)
[xUnit.net 00:00:18.45]            at Microsoft.AspNetCore.Mvc.Testing.WebApplicationFactory`1.ConfigureHostBuilder(IHostBuilder hostBuilder)
[xUnit.net 00:00:18.45]            at Microsoft.AspNetCore.Mvc.Testing.WebApplicationFactory`1.EnsureServer()
[xUnit.net 00:00:18.45]            at Microsoft.AspNetCore.Mvc.Testing.WebApplicationFactory`1.CreateDefaultClient(DelegatingHandler[] handlers)
[xUnit.net 00:00:18.45]            at Microsoft.AspNetCore.Mvc.Testing.WebApplicationFactory`1.CreateDefaultClient(Uri baseAddress, DelegatingHandler[] handlers)
[xUnit.net 00:00:18.45]            at Microsoft.AspNetCore.Mvc.Testing.WebApplicationFactory`1.CreateClient(WebApplicationFactoryClientOptions options)
[xUnit.net 00:00:18.45]            at Microsoft.AspNetCore.Mvc.Testing.WebApplicationFactory`1.CreateClient()
[xUnit.net 00:00:18.45]         C:\Users\Tamanna\Desktop\entnt\fleetmind-ai\backend\FleetMind.Api.IntegrationTests\Controllers\FleetsControllerIntegrationTests.cs(148,0): at FleetMind.Api.IntegrationTests.Controllers.FleetsControllerIntegrationTests.CreateFleet_NoAuthHeader_Returns401Unauthorized()
[xUnit.net 00:00:18.45]         --- End of stack trace from previous location ---
[xUnit.net 00:00:18.45]         ----- Inner Stack Trace -----
[xUnit.net 00:00:18.45]            at Microsoft.Data.Sqlite.SqliteException.ThrowExceptionForRC(Int32 rc, sqlite3 db)
[xUnit.net 00:00:18.45]            at Microsoft.Data.Sqlite.SqliteDataReader.NextResult()
[xUnit.net 00:00:18.45]            at Microsoft.Data.Sqlite.SqliteCommand.ExecuteReader(CommandBehavior behavior)
[xUnit.net 00:00:18.45]            at Microsoft.Data.Sqlite.SqliteCommand.ExecuteDbDataReaderAsync(CommandBehavior behavior, CancellationToken cancellationToken)
[xUnit.net 00:00:18.45]            at Microsoft.EntityFrameworkCore.Storage.RelationalCommand.ExecuteReaderAsync(RelationalCommandParameterObject parameterObject, CancellationToken cancellationToken)
[xUnit.net 00:00:18.45]            at Microsoft.EntityFrameworkCore.Storage.RelationalCommand.ExecuteReaderAsync(RelationalCommandParameterObject parameterObject, CancellationToken cancellationToken)
[xUnit.net 00:00:18.45]            at Microsoft.EntityFrameworkCore.Update.ReaderModificationCommandBatch.ExecuteAsync(IRelationalConnection connection, CancellationToken cancellationToken)
  Failed FleetMind.Api.IntegrationTests.Controllers.RoleBasedAccessMatrixTests.RoleBasedAccessMatrix_Endpoint_ReturnsExpectedStatus(email: "admin@test.com", password: "AdminPass123!", role: "Admin", methodStr: "POST", route: "/api/v1/maintenance", payload: CreateMaintenanceRecordDto { Description = "Test", EstimatedCost = 100, PerformedBy = null, ScheduledDate = 2026-07-09T10:48:20.9941537Z, ShipId = 00000000-0000-0000-0000-000000000003, ··· }, expectedStatus: Created) [2 s]
  Error Message:
   Microsoft.EntityFrameworkCore.DbUpdateException : An error occurred while saving the entity changes. See the inner exception for details.
---- Microsoft.Data.Sqlite.SqliteException : SQLite Error 19: 'NOT NULL constraint failed: Ships.Type'.
  Stack Trace:
     at Microsoft.EntityFrameworkCore.Update.ReaderModificationCommandBatch.ExecuteAsync(IRelationalConnection connection, CancellationToken cancellationToken)
   at Microsoft.EntityFrameworkCore.Update.Internal.BatchExecutor.ExecuteAsync(IEnumerable`1 commandBatches, IRelationalConnection connection, CancellationToken cancellationToken)
   at Microsoft.EntityFrameworkCore.Update.Internal.BatchExecutor.ExecuteAsync(IEnumerable`1 commandBatches, IRelationalConnection connection, CancellationToken cancellationToken)
   at Microsoft.EntityFrameworkCore.Update.Internal.BatchExecutor.ExecuteAsync(IEnumerable`1 commandBatches, IRelationalConnection connection, CancellationToken cancellationToken)
   at Microsoft.EntityFrameworkCore.Storage.RelationalDatabase.SaveChangesAsync(IList`1 entries, CancellationToken cancellationToken)
   at Microsoft.EntityFrameworkCore.ChangeTracking.Internal.StateManager.SaveChangesAsync(IList`1 entriesToSave, CancellationToken cancellationToken)
   at Microsoft.EntityFrameworkCore.ChangeTracking.Internal.StateManager.SaveChangesAsync(StateManager stateManager, Boolean acceptAllChangesOnSuccess, CancellationToken cancellationToken)
   at Microsoft.EntityFrameworkCore.DbContext.SaveChangesAsync(Boolean acceptAllChangesOnSuccess, CancellationToken cancellationToken)
   at Microsoft.EntityFrameworkCore.DbContext.SaveChangesAsync(Boolean acceptAllChangesOnSuccess, CancellationToken cancellationToken)
   at FleetMind.Api.Data.FleetMindDbContext.SaveChangesAsync(CancellationToken cancellationToken) in C:\Users\Tamanna\Desktop\entnt\fleetmind-ai\backend\FleetMind.Api\Data\FleetMindDbContext.cs:line 162
   at FleetMind.Api.Data.FleetMindDbContext.SaveChanges() in C:\Users\Tamanna\Desktop\entnt\fleetmind-ai\backend\FleetMind.Api\Data\FleetMindDbContext.cs:line 89
   at FleetMind.Api.IntegrationTests.CustomWebApplicationFactory.<>c.<ConfigureWebHost>b__2_2(IServiceCollection services) in C:\Users\Tamanna\Desktop\entnt\fleetmind-ai\backend\FleetMind.Api.IntegrationTests\CustomWebApplicationFactory.cs:line 125
   at Microsoft.Extensions.Hosting.HostApplicationBuilder.HostBuilderAdapter.ApplyChanges()
   at Microsoft.Extensions.Hosting.HostApplicationBuilder.Build()
   at Microsoft.AspNetCore.Builder.WebApplicationBuilder.Build()
   at Program.<Main>$(String[] args) in C:\Users\Tamanna\Desktop\entnt\fleetmind-ai\backend\FleetMind.Api\Program.cs:line 205
   at Program.<Main>(String[] args)
   at InvokeStub_Program.<Main>(Object, Span`1)
   at System.Reflection.MethodBaseInvoker.InvokeWithOneArg(Object obj, BindingFlags invokeAttr, Binder binder, Object[] parameters, CultureInfo culture)
--- End of stack trace from previous location ---
   at Microsoft.Extensions.Hosting.HostFactoryResolver.HostingListener.CreateHost()
   at Microsoft.Extensions.Hosting.HostFactoryResolver.<>c__DisplayClass10_0.<ResolveHostFactory>b__0(String[] args)
   at Microsoft.AspNetCore.Mvc.Testing.DeferredHostBuilder.Build()
   at Microsoft.AspNetCore.Mvc.Testing.WebApplicationFactory`1.CreateHost(IHostBuilder builder)
   at Microsoft.AspNetCore.Mvc.Testing.WebApplicationFactory`1.ConfigureHostBuilder(IHostBuilder hostBuilder)
   at Microsoft.AspNetCore.Mvc.Testing.WebApplicationFactory`1.EnsureServer()
   at Microsoft.AspNetCore.Mvc.Testing.WebApplicationFactory`1.CreateDefaultClient(DelegatingHandler[] handlers)
   at Microsoft.AspNetCore.Mvc.Testing.WebApplicationFactory`1.CreateDefaultClient(Uri baseAddress, DelegatingHandler[] handlers)
   at Microsoft.AspNetCore.Mvc.Testing.WebApplicationFactory`1.CreateClient(WebApplicationFactoryClientOptions options)
   at Microsoft.AspNetCore.Mvc.Testing.WebApplicationFactory`1.CreateClient()
   at FleetMind.Api.IntegrationTests.TestHelpers.AuthenticatedClientHelper.GetAuthenticatedClientAsync(WebApplicationFactory`1 factory, String email, String password) in C:\Users\Tamanna\Desktop\entnt\fleetmind-ai\backend\FleetMind.Api.IntegrationTests\TestHelpers\AuthenticatedClientHelper.cs:line 17
   at FleetMind.Api.IntegrationTests.Controllers.RoleBasedAccessMatrixTests.RoleBasedAccessMatrix_Endpoint_ReturnsExpectedStatus(String email, String password, String role, String methodStr, String route, Object payload, HttpStatusCode expectedStatus) in C:\Users\Tamanna\Desktop\entnt\fleetmind-ai\backend\FleetMind.Api.IntegrationTests\Controllers\RoleBasedAccessMatrixTests.cs:line 87
--- End of stack trace from previous location ---
----- Inner Stack Trace -----
   at Microsoft.Data.Sqlite.SqliteException.ThrowExceptionForRC(Int32 rc, sqlite3 db)
   at Microsoft.Data.Sqlite.SqliteDataReader.NextResult()
   at Microsoft.Data.Sqlite.SqliteCommand.ExecuteReader(CommandBehavior behavior)
   at Microsoft.Data.Sqlite.SqliteCommand.ExecuteDbDataReaderAsync(CommandBehavior behavior, CancellationToken cancellationToken)
   at Microsoft.EntityFrameworkCore.Storage.RelationalCommand.ExecuteReaderAsync(RelationalCommandParameterObject parameterObject, CancellationToken cancellationToken)
   at Microsoft.EntityFrameworkCore.Storage.RelationalCommand.ExecuteReaderAsync(RelationalCommandParameterObject parameterObject, CancellationToken cancellationToken)
   at Microsoft.EntityFrameworkCore.Update.ReaderModificationCommandBatch.ExecuteAsync(IRelationalConnection connection, CancellationToken cancellationToken)
  Failed FleetMind.Api.IntegrationTests.Controllers.FleetsControllerIntegrationTests.CreateFleet_NoAuthHeader_Returns401Unauthorized [2 s]
  Error Message:
   Microsoft.EntityFrameworkCore.DbUpdateException : An error occurred while saving the entity changes. See the inner exception for details.
---- Microsoft.Data.Sqlite.SqliteException : SQLite Error 19: 'NOT NULL constraint failed: Ships.Type'.
  Stack Trace:
     at Microsoft.EntityFrameworkCore.Update.ReaderModificationCommandBatch.ExecuteAsync(IRelationalConnection connection, CancellationToken cancellationToken)
   at Microsoft.EntityFrameworkCore.Update.Internal.BatchExecutor.ExecuteAsync(IEnumerable`1 commandBatches, IRelationalConnection connection, CancellationToken cancellationToken)
   at Microsoft.EntityFrameworkCore.Update.Internal.BatchExecutor.ExecuteAsync(IEnumerable`1 commandBatches, IRelationalConnection connection, CancellationToken cancellationToken)
   at Microsoft.EntityFrameworkCore.Update.Internal.BatchExecutor.ExecuteAsync(IEnumerable`1 commandBatches, IRelationalConnection connection, CancellationToken cancellationToken)
   at Microsoft.EntityFrameworkCore.Storage.RelationalDatabase.SaveChangesAsync(IList`1 entries, CancellationToken cancellationToken)
   at Microsoft.EntityFrameworkCore.ChangeTracking.Internal.StateManager.SaveChangesAsync(IList`1 entriesToSave, CancellationToken cancellationToken)
   at Microsoft.EntityFrameworkCore.ChangeTracking.Internal.StateManager.SaveChangesAsync(StateManager stateManager, Boolean acceptAllChangesOnSuccess, CancellationToken cancellationToken)
   at Microsoft.EntityFrameworkCore.DbContext.SaveChangesAsync(Boolean acceptAllChangesOnSuccess, CancellationToken cancellationToken)
   at Microsoft.EntityFrameworkCore.DbContext.SaveChangesAsync(Boolean acceptAllChangesOnSuccess, CancellationToken cancellationToken)
   at FleetMind.Api.Data.FleetMindDbContext.SaveChangesAsync(CancellationToken cancellationToken) in C:\Users\Tamanna\Desktop\entnt\fleetmind-ai\backend\FleetMind.Api\Data\FleetMindDbContext.cs:line 162
   at FleetMind.Api.Data.FleetMindDbContext.SaveChanges() in C:\Users\Tamanna\Desktop\entnt\fleetmind-ai\backend\FleetMind.Api\Data\FleetMindDbContext.cs:line 89
   at FleetMind.Api.IntegrationTests.CustomWebApplicationFactory.<>c.<ConfigureWebHost>b__2_2(IServiceCollection services) in C:\Users\Tamanna\Desktop\entnt\fleetmind-ai\backend\FleetMind.Api.IntegrationTests\CustomWebApplicationFactory.cs:line 125
   at Microsoft.Extensions.Hosting.HostApplicationBuilder.HostBuilderAdapter.ApplyChanges()
   at Microsoft.Extensions.Hosting.HostApplicationBuilder.Build()
   at Microsoft.AspNetCore.Builder.WebApplicationBuilder.Build()
   at Program.<Main>$(String[] args) in C:\Users\Tamanna\Desktop\entnt\fleetmind-ai\backend\FleetMind.Api\Program.cs:line 205
   at Program.<Main>(String[] args)
   at InvokeStub_Program.<Main>(Object, Span`1)
   at System.Reflection.MethodBaseInvoker.InvokeWithOneArg(Object obj, BindingFlags invokeAttr, Binder binder, Object[] parameters, CultureInfo culture)
--- End of stack trace from previous location ---
   at Microsoft.Extensions.Hosting.HostFactoryResolver.HostingListener.CreateHost()
   at Microsoft.Extensions.Hosting.HostFactoryResolver.<>c__DisplayClass10_0.<ResolveHostFactory>b__0(String[] args)
   at Microsoft.AspNetCore.Mvc.Testing.DeferredHostBuilder.Build()
   at Microsoft.AspNetCore.Mvc.Testing.WebApplicationFactory`1.CreateHost(IHostBuilder builder)
   at Microsoft.AspNetCore.Mvc.Testing.WebApplicationFactory`1.ConfigureHostBuilder(IHostBuilder hostBuilder)
   at Microsoft.AspNetCore.Mvc.Testing.WebApplicationFactory`1.EnsureServer()
   at Microsoft.AspNetCore.Mvc.Testing.WebApplicationFactory`1.CreateDefaultClient(DelegatingHandler[] handlers)
   at Microsoft.AspNetCore.Mvc.Testing.WebApplicationFactory`1.CreateDefaultClient(Uri baseAddress, DelegatingHandler[] handlers)
   at Microsoft.AspNetCore.Mvc.Testing.WebApplicationFactory`1.CreateClient(WebApplicationFactoryClientOptions options)
   at Microsoft.AspNetCore.Mvc.Testing.WebApplicationFactory`1.CreateClient()
   at FleetMind.Api.IntegrationTests.Controllers.FleetsControllerIntegrationTests.CreateFleet_NoAuthHeader_Returns401Unauthorized() in C:\Users\Tamanna\Desktop\entnt\fleetmind-ai\backend\FleetMind.Api.IntegrationTests\Controllers\FleetsControllerIntegrationTests.cs:line 148
--- End of stack trace from previous location ---
----- Inner Stack Trace -----
   at Microsoft.Data.Sqlite.SqliteException.ThrowExceptionForRC(Int32 rc, sqlite3 db)
   at Microsoft.Data.Sqlite.SqliteDataReader.NextResult()
   at Microsoft.Data.Sqlite.SqliteCommand.ExecuteReader(CommandBehavior behavior)
   at Microsoft.Data.Sqlite.SqliteCommand.ExecuteDbDataReaderAsync(CommandBehavior behavior, CancellationToken cancellationToken)
   at Microsoft.EntityFrameworkCore.Storage.RelationalCommand.ExecuteReaderAsync(RelationalCommandParameterObject parameterObject, CancellationToken cancellationToken)
   at Microsoft.EntityFrameworkCore.Storage.RelationalCommand.ExecuteReaderAsync(RelationalCommandParameterObject parameterObject, CancellationToken cancellationToken)
   at Microsoft.EntityFrameworkCore.Update.ReaderModificationCommandBatch.ExecuteAsync(IRelationalConnection connection, CancellationToken cancellationToken)
[16:18:33 ERR] Failed executing DbCommand (0ms) [Parameters=[@p0='?' (DbType = Guid), @p1='?' (DbType = DateTime), @p2='?', @p3='?' (DbType = Guid), @p4='?' (DbType = Decimal), @p5='?' (Size = 7), @p6='?' (DbType = Boolean), @p7='?' (Size = 9), @p8='?' (DbType = Guid), @p9='?' (Size = 6), @p10='?', @p11='?' (DbType = DateTime), @p12='?' (DbType = Int32)], CommandType='Text', CommandTimeout='30']
INSERT INTO "Ships" ("Id", "CreatedAt", "Flag", "FleetId", "GrossTonnage", "IMO", "IsDeleted", "Name", "PrimaryPhotoAttachmentId", "Status", "Type", "UpdatedAt", "YearBuilt")
VALUES (@p0, @p1, @p2, @p3, @p4, @p5, @p6, @p7, @p8, @p9, @p10, @p11, @p12);
[16:18:33 ERR] An exception occurred in the database while saving changes for context type 'FleetMind.Api.Data.FleetMindDbContext'.
Microsoft.EntityFrameworkCore.DbUpdateException: An error occurred while saving the entity changes. See the inner exception for details.
 ---> Microsoft.Data.Sqlite.SqliteException (0x80004005): SQLite Error 19: 'NOT NULL constraint failed: Ships.Type'.
   at Microsoft.Data.Sqlite.SqliteException.ThrowExceptionForRC(Int32 rc, sqlite3 db)
   at Microsoft.Data.Sqlite.SqliteDataReader.NextResult()
   at Microsoft.Data.Sqlite.SqliteCommand.ExecuteReader(CommandBehavior behavior)
   at Microsoft.Data.Sqlite.SqliteCommand.ExecuteDbDataReaderAsync(CommandBehavior behavior, CancellationToken cancellationToken)
   at Microsoft.EntityFrameworkCore.Storage.RelationalCommand.ExecuteReaderAsync(RelationalCommandParameterObject parameterObject, CancellationToken cancellationToken)
   at Microsoft.EntityFrameworkCore.Storage.RelationalCommand.ExecuteReaderAsync(RelationalCommandParameterObject parameterObject, CancellationToken cancellationToken)
   at Microsoft.EntityFrameworkCore.Update.ReaderModificationCommandBatch.ExecuteAsync(IRelationalConnection connection, CancellationToken cancellationToken)
   --- End of inner exception stack trace ---
   at Microsoft.EntityFrameworkCore.Update.ReaderModificationCommandBatch.ExecuteAsync(IRelationalConnection connection, CancellationToken cancellationToken)
   at Microsoft.EntityFrameworkCore.Update.Internal.BatchExecutor.ExecuteAsync(IEnumerable`1 commandBatches, IRelationalConnection connection, CancellationToken cancellationToken)
   at Microsoft.EntityFrameworkCore.Update.Internal.BatchExecutor.ExecuteAsync(IEnumerable`1 commandBatches, IRelationalConnection connection, CancellationToken cancellationToken)
   at Microsoft.EntityFrameworkCore.Update.Internal.BatchExecutor.ExecuteAsync(IEnumerable`1 commandBatches, IRelationalConnection connection, CancellationToken cancellationToken)
   at Microsoft.EntityFrameworkCore.Storage.RelationalDatabase.SaveChangesAsync(IList`1 entries, CancellationToken cancellationToken)
   at Microsoft.EntityFrameworkCore.ChangeTracking.Internal.StateManager.SaveChangesAsync(IList`1 entriesToSave, CancellationToken cancellationToken)
   at Microsoft.EntityFrameworkCore.ChangeTracking.Internal.StateManager.SaveChangesAsync(StateManager stateManager, Boolean acceptAllChangesOnSuccess, CancellationToken cancellationToken)
   at Microsoft.EntityFrameworkCore.DbContext.SaveChangesAsync(Boolean acceptAllChangesOnSuccess, CancellationToken cancellationToken)
Microsoft.EntityFrameworkCore.DbUpdateException: An error occurred while saving the entity changes. See the inner exception for details.
 ---> Microsoft.Data.Sqlite.SqliteException (0x80004005): SQLite Error 19: 'NOT NULL constraint failed: Ships.Type'.
   at Microsoft.Data.Sqlite.SqliteException.ThrowExceptionForRC(Int32 rc, sqlite3 db)
   at Microsoft.Data.Sqlite.SqliteDataReader.NextResult()
   at Microsoft.Data.Sqlite.SqliteCommand.ExecuteReader(CommandBehavior behavior)
   at Microsoft.Data.Sqlite.SqliteCommand.ExecuteDbDataReaderAsync(CommandBehavior behavior, CancellationToken cancellationToken)
   at Microsoft.EntityFrameworkCore.Storage.RelationalCommand.ExecuteReaderAsync(RelationalCommandParameterObject parameterObject, CancellationToken cancellationToken)
   at Microsoft.EntityFrameworkCore.Storage.RelationalCommand.ExecuteReaderAsync(RelationalCommandParameterObject parameterObject, CancellationToken cancellationToken)
   at Microsoft.EntityFrameworkCore.Update.ReaderModificationCommandBatch.ExecuteAsync(IRelationalConnection connection, CancellationToken cancellationToken)
   --- End of inner exception stack trace ---
   at Microsoft.EntityFrameworkCore.Update.ReaderModificationCommandBatch.ExecuteAsync(IRelationalConnection connection, CancellationToken cancellationToken)
   at Microsoft.EntityFrameworkCore.Update.Internal.BatchExecutor.ExecuteAsync(IEnumerable`1 commandBatches, IRelationalConnection connection, CancellationToken cancellationToken)
   at Microsoft.EntityFrameworkCore.Update.Internal.BatchExecutor.ExecuteAsync(IEnumerable`1 commandBatches, IRelationalConnection connection, CancellationToken cancellationToken)
   at Microsoft.EntityFrameworkCore.Update.Internal.BatchExecutor.ExecuteAsync(IEnumerable`1 commandBatches, IRelationalConnection connection, CancellationToken cancellationToken)
   at Microsoft.EntityFrameworkCore.Storage.RelationalDatabase.SaveChangesAsync(IList`1 entries, CancellationToken cancellationToken)
   at Microsoft.EntityFrameworkCore.ChangeTracking.Internal.StateManager.SaveChangesAsync(IList`1 entriesToSave, CancellationToken cancellationToken)
   at Microsoft.EntityFrameworkCore.ChangeTracking.Internal.StateManager.SaveChangesAsync(StateManager stateManager, Boolean acceptAllChangesOnSuccess, CancellationToken cancellationToken)
   at Microsoft.EntityFrameworkCore.DbContext.SaveChangesAsync(Boolean acceptAllChangesOnSuccess, CancellationToken cancellationToken)
[16:18:33 ERR] Failed executing DbCommand (0ms) [Parameters=[@p0='?' (DbType = Guid), @p1='?' (DbType = DateTime), @p2='?', @p3='?' (DbType = Guid), @p4='?' (DbType = Decimal), @p5='?' (Size = 7), @p6='?' (DbType = Boolean), @p7='?' (Size = 9), @p8='?' (DbType = Guid), @p9='?' (Size = 6), @p10='?', @p11='?' (DbType = DateTime), @p12='?' (DbType = Int32)], CommandType='Text', CommandTimeout='30']
INSERT INTO "Ships" ("Id", "CreatedAt", "Flag", "FleetId", "GrossTonnage", "IMO", "IsDeleted", "Name", "PrimaryPhotoAttachmentId", "Status", "Type", "UpdatedAt", "YearBuilt")
VALUES (@p0, @p1, @p2, @p3, @p4, @p5, @p6, @p7, @p8, @p9, @p10, @p11, @p12);
[16:18:33 FTL] Application terminated unexpectedly
Microsoft.EntityFrameworkCore.DbUpdateException: An error occurred while saving the entity changes. See the inner exception for details.
 ---> Microsoft.Data.Sqlite.SqliteException (0x80004005): SQLite Error 19: 'NOT NULL constraint failed: Ships.Type'.
   at Microsoft.Data.Sqlite.SqliteException.ThrowExceptionForRC(Int32 rc, sqlite3 db)
   at Microsoft.Data.Sqlite.SqliteDataReader.NextResult()
   at Microsoft.Data.Sqlite.SqliteCommand.ExecuteReader(CommandBehavior behavior)
   at Microsoft.Data.Sqlite.SqliteCommand.ExecuteDbDataReaderAsync(CommandBehavior behavior, CancellationToken cancellationToken)
   at Microsoft.EntityFrameworkCore.Storage.RelationalCommand.ExecuteReaderAsync(RelationalCommandParameterObject parameterObject, CancellationToken cancellationToken)
   at Microsoft.EntityFrameworkCore.Storage.RelationalCommand.ExecuteReaderAsync(RelationalCommandParameterObject parameterObject, CancellationToken cancellationToken)
   at Microsoft.EntityFrameworkCore.Update.ReaderModificationCommandBatch.ExecuteAsync(IRelationalConnection connection, CancellationToken cancellationToken)
   --- End of inner exception stack trace ---
   at Microsoft.EntityFrameworkCore.Update.ReaderModificationCommandBatch.ExecuteAsync(IRelationalConnection connection, CancellationToken cancellationToken)
   at Microsoft.EntityFrameworkCore.Update.Internal.BatchExecutor.ExecuteAsync(IEnumerable`1 commandBatches, IRelationalConnection connection, CancellationToken cancellationToken)
   at Microsoft.EntityFrameworkCore.Update.Internal.BatchExecutor.ExecuteAsync(IEnumerable`1 commandBatches, IRelationalConnection connection, CancellationToken cancellationToken)
   at Microsoft.EntityFrameworkCore.Update.Internal.BatchExecutor.ExecuteAsync(IEnumerable`1 commandBatches, IRelationalConnection connection, CancellationToken cancellationToken)
   at Microsoft.EntityFrameworkCore.Storage.RelationalDatabase.SaveChangesAsync(IList`1 entries, CancellationToken cancellationToken)
   at Microsoft.EntityFrameworkCore.ChangeTracking.Internal.StateManager.SaveChangesAsync(IList`1 entriesToSave, CancellationToken cancellationToken)
   at Microsoft.EntityFrameworkCore.ChangeTracking.Internal.StateManager.SaveChangesAsync(StateManager stateManager, Boolean acceptAllChangesOnSuccess, CancellationToken cancellationToken)
   at Microsoft.EntityFrameworkCore.DbContext.SaveChangesAsync(Boolean acceptAllChangesOnSuccess, CancellationToken cancellationToken)
   at Microsoft.EntityFrameworkCore.DbContext.SaveChangesAsync(Boolean acceptAllChangesOnSuccess, CancellationToken cancellationToken)
   at FleetMind.Api.Data.FleetMindDbContext.SaveChangesAsync(CancellationToken cancellationToken) in C:\Users\Tamanna\Desktop\entnt\fleetmind-ai\backend\FleetMind.Api\Data\FleetMindDbContext.cs:line 162
   at FleetMind.Api.Data.FleetMindDbContext.SaveChanges() in C:\Users\Tamanna\Desktop\entnt\fleetmind-ai\backend\FleetMind.Api\Data\FleetMindDbContext.cs:line 89
   at FleetMind.Api.IntegrationTests.CustomWebApplicationFactory.<>c.<ConfigureWebHost>b__2_2(IServiceCollection services) in C:\Users\Tamanna\Desktop\entnt\fleetmind-ai\backend\FleetMind.Api.IntegrationTests\CustomWebApplicationFactory.cs:line 125
   at Microsoft.Extensions.Hosting.HostApplicationBuilder.HostBuilderAdapter.ApplyChanges()
   at Microsoft.Extensions.Hosting.HostApplicationBuilder.Build()
   at Microsoft.AspNetCore.Builder.WebApplicationBuilder.Build()
   at Program.<Main>$(String[] args) in C:\Users\Tamanna\Desktop\entnt\fleetmind-ai\backend\FleetMind.Api\Program.cs:line 205
[xUnit.net 00:00:21.55]       Microsoft.EntityFrameworkCore.DbUpdateException : An error occurred while saving the entity changes. See the inner exception for details.
[xUnit.net 00:00:21.55]       ---- Microsoft.Data.Sqlite.SqliteException : SQLite Error 19: 'NOT NULL constraint failed: Ships.Type'.
[xUnit.net 00:00:21.55]       Stack Trace:
[xUnit.net 00:00:21.55]            at Microsoft.EntityFrameworkCore.Update.ReaderModificationCommandBatch.ExecuteAsync(IRelationalConnection connection, CancellationToken cancellationToken)
[xUnit.net 00:00:21.55]            at Microsoft.EntityFrameworkCore.Update.Internal.BatchExecutor.ExecuteAsync(IEnumerable`1 commandBatches, IRelationalConnection connection, CancellationToken cancellationToken)
[xUnit.net 00:00:21.55]            at Microsoft.EntityFrameworkCore.Update.Internal.BatchExecutor.ExecuteAsync(IEnumerable`1 commandBatches, IRelationalConnection connection, CancellationToken cancellationToken)
[xUnit.net 00:00:21.55]            at Microsoft.EntityFrameworkCore.Update.Internal.BatchExecutor.ExecuteAsync(IEnumerable`1 commandBatches, IRelationalConnection connection, CancellationToken cancellationToken)
[xUnit.net 00:00:21.55]            at Microsoft.EntityFrameworkCore.Storage.RelationalDatabase.SaveChangesAsync(IList`1 entries, CancellationToken cancellationToken)
[xUnit.net 00:00:21.55]            at Microsoft.EntityFrameworkCore.ChangeTracking.Internal.StateManager.SaveChangesAsync(IList`1 entriesToSave, CancellationToken cancellationToken)
[xUnit.net 00:00:21.55]            at Microsoft.EntityFrameworkCore.ChangeTracking.Internal.StateManager.SaveChangesAsync(StateManager stateManager, Boolean acceptAllChangesOnSuccess, CancellationToken cancellationToken)
[xUnit.net 00:00:21.55]            at Microsoft.EntityFrameworkCore.DbContext.SaveChangesAsync(Boolean acceptAllChangesOnSuccess, CancellationToken cancellationToken)
[xUnit.net 00:00:21.55]            at Microsoft.EntityFrameworkCore.DbContext.SaveChangesAsync(Boolean acceptAllChangesOnSuccess, CancellationToken cancellationToken)
[xUnit.net 00:00:21.55]         C:\Users\Tamanna\Desktop\entnt\fleetmind-ai\backend\FleetMind.Api\Data\FleetMindDbContext.cs(162,0): at FleetMind.Api.Data.FleetMindDbContext.SaveChangesAsync(CancellationToken cancellationToken)
[xUnit.net 00:00:21.55]         C:\Users\Tamanna\Desktop\entnt\fleetmind-ai\backend\FleetMind.Api\Data\FleetMindDbContext.cs(89,0): at FleetMind.Api.Data.FleetMindDbContext.SaveChanges()
[xUnit.net 00:00:21.55]         C:\Users\Tamanna\Desktop\entnt\fleetmind-ai\backend\FleetMind.Api.IntegrationTests\CustomWebApplicationFactory.cs(125,0): at FleetMind.Api.IntegrationTests.CustomWebApplicationFactory.<>c.<ConfigureWebHost>b__2_2(IServiceCollection services)
[xUnit.net 00:00:21.55]            at Microsoft.Extensions.Hosting.HostApplicationBuilder.HostBuilderAdapter.ApplyChanges()
[xUnit.net 00:00:21.55]            at Microsoft.Extensions.Hosting.HostApplicationBuilder.Build()
[xUnit.net 00:00:21.55]            at Microsoft.AspNetCore.Builder.WebApplicationBuilder.Build()
[xUnit.net 00:00:21.56]         C:\Users\Tamanna\Desktop\entnt\fleetmind-ai\backend\FleetMind.Api\Program.cs(205,0): at Program.<Main>$(String[] args)
[xUnit.net 00:00:21.56]            at Program.<Main>(String[] args)
[xUnit.net 00:00:21.56]            at InvokeStub_Program.<Main>(Object, Span`1)
[xUnit.net 00:00:21.56]            at System.Reflection.MethodBaseInvoker.InvokeWithOneArg(Object obj, BindingFlags invokeAttr, Binder binder, Object[] parameters, CultureInfo culture)
[xUnit.net 00:00:21.56]         --- End of stack trace from previous location ---
[xUnit.net 00:00:21.56]            at Microsoft.Extensions.Hosting.HostFactoryResolver.HostingListener.CreateHost()
[xUnit.net 00:00:21.56]            at Microsoft.Extensions.Hosting.HostFactoryResolver.<>c__DisplayClass10_0.<ResolveHostFactory>b__0(String[] args)
[xUnit.net 00:00:21.56]            at Microsoft.AspNetCore.Mvc.Testing.DeferredHostBuilder.Build()
[xUnit.net 00:00:21.56]            at Microsoft.AspNetCore.Mvc.Testing.WebApplicationFactory`1.CreateHost(IHostBuilder builder)
[xUnit.net 00:00:21.56]            at Microsoft.AspNetCore.Mvc.Testing.WebApplicationFactory`1.ConfigureHostBuilder(IHostBuilder hostBuilder)
[xUnit.net 00:00:21.56]            at Microsoft.AspNetCore.Mvc.Testing.WebApplicationFactory`1.EnsureServer()
[xUnit.net 00:00:21.56]            at Microsoft.AspNetCore.Mvc.Testing.WebApplicationFactory`1.CreateDefaultClient(DelegatingHandler[] handlers)
[xUnit.net 00:00:21.56]            at Microsoft.AspNetCore.Mvc.Testing.WebApplicationFactory`1.CreateDefaultClient(Uri baseAddress, DelegatingHandler[] handlers)
[xUnit.net 00:00:21.56]            at Microsoft.AspNetCore.Mvc.Testing.WebApplicationFactory`1.CreateClient(WebApplicationFactoryClientOptions options)
[xUnit.net 00:00:21.56]            at Microsoft.AspNetCore.Mvc.Testing.WebApplicationFactory`1.CreateClient()
[xUnit.net 00:00:21.56]         C:\Users\Tamanna\Desktop\entnt\fleetmind-ai\backend\FleetMind.Api.IntegrationTests\TestHelpers\AuthenticatedClientHelper.cs(17,0): at FleetMind.Api.IntegrationTests.TestHelpers.AuthenticatedClientHelper.GetAuthenticatedClientAsync(WebApplicationFactory`1 factory, String email, String password)
[xUnit.net 00:00:21.56]         C:\Users\Tamanna\Desktop\entnt\fleetmind-ai\backend\FleetMind.Api.IntegrationTests\Controllers\RoleBasedAccessMatrixTests.cs(87,0): at FleetMind.Api.IntegrationTests.Controllers.RoleBasedAccessMatrixTests.RoleBasedAccessMatrix_Endpoint_ReturnsExpectedStatus(String email, String password, String role, String methodStr, String route, Object payload, HttpStatusCode expectedStatus)
[xUnit.net 00:00:21.56]         --- End of stack trace from previous location ---
[xUnit.net 00:00:21.56]         ----- Inner Stack Trace -----
[xUnit.net 00:00:21.56]            at Microsoft.Data.Sqlite.SqliteException.ThrowExceptionForRC(Int32 rc, sqlite3 db)
[xUnit.net 00:00:21.56]            at Microsoft.Data.Sqlite.SqliteDataReader.NextResult()
[xUnit.net 00:00:21.56]            at Microsoft.Data.Sqlite.SqliteCommand.ExecuteReader(CommandBehavior behavior)
[xUnit.net 00:00:21.56]            at Microsoft.Data.Sqlite.SqliteCommand.ExecuteDbDataReaderAsync(CommandBehavior behavior, CancellationToken cancellationToken)
[xUnit.net 00:00:21.56]            at Microsoft.EntityFrameworkCore.Storage.RelationalCommand.ExecuteReaderAsync(RelationalCommandParameterObject parameterObject, CancellationToken cancellationToken)
[xUnit.net 00:00:21.56]            at Microsoft.EntityFrameworkCore.Storage.RelationalCommand.ExecuteReaderAsync(RelationalCommandParameterObject parameterObject, CancellationToken cancellationToken)
[xUnit.net 00:00:21.56]            at Microsoft.EntityFrameworkCore.Update.ReaderModificationCommandBatch.ExecuteAsync(IRelationalConnection connection, CancellationToken cancellationToken)
[16:18:33 ERR] An exception occurred in the database while saving changes for context type 'FleetMind.Api.Data.FleetMindDbContext'.
Microsoft.EntityFrameworkCore.DbUpdateException: An error occurred while saving the entity changes. See the inner exception for details.
 ---> Microsoft.Data.Sqlite.SqliteException (0x80004005): SQLite Error 19: 'NOT NULL constraint failed: Ships.Type'.
   at Microsoft.Data.Sqlite.SqliteException.ThrowExceptionForRC(Int32 rc, sqlite3 db)
   at Microsoft.Data.Sqlite.SqliteDataReader.NextResult()
   at Microsoft.Data.Sqlite.SqliteCommand.ExecuteReader(CommandBehavior behavior)
   at Microsoft.Data.Sqlite.SqliteCommand.ExecuteDbDataReaderAsync(CommandBehavior behavior, CancellationToken cancellationToken)
   at Microsoft.EntityFrameworkCore.Storage.RelationalCommand.ExecuteReaderAsync(RelationalCommandParameterObject parameterObject, CancellationToken cancellationToken)
   at Microsoft.EntityFrameworkCore.Storage.RelationalCommand.ExecuteReaderAsync(RelationalCommandParameterObject parameterObject, CancellationToken cancellationToken)
   at Microsoft.EntityFrameworkCore.Update.ReaderModificationCommandBatch.ExecuteAsync(IRelationalConnection connection, CancellationToken cancellationToken)
   --- End of inner exception stack trace ---
   at Microsoft.EntityFrameworkCore.Update.ReaderModificationCommandBatch.ExecuteAsync(IRelationalConnection connection, CancellationToken cancellationToken)
   at Microsoft.EntityFrameworkCore.Update.Internal.BatchExecutor.ExecuteAsync(IEnumerable`1 commandBatches, IRelationalConnection connection, CancellationToken cancellationToken)
   at Microsoft.EntityFrameworkCore.Update.Internal.BatchExecutor.ExecuteAsync(IEnumerable`1 commandBatches, IRelationalConnection connection, CancellationToken cancellationToken)
   at Microsoft.EntityFrameworkCore.Update.Internal.BatchExecutor.ExecuteAsync(IEnumerable`1 commandBatches, IRelationalConnection connection, CancellationToken cancellationToken)
   at Microsoft.EntityFrameworkCore.Storage.RelationalDatabase.SaveChangesAsync(IList`1 entries, CancellationToken cancellationToken)
   at Microsoft.EntityFrameworkCore.ChangeTracking.Internal.StateManager.SaveChangesAsync(IList`1 entriesToSave, CancellationToken cancellationToken)
   at Microsoft.EntityFrameworkCore.ChangeTracking.Internal.StateManager.SaveChangesAsync(StateManager stateManager, Boolean acceptAllChangesOnSuccess, CancellationToken cancellationToken)
   at Microsoft.EntityFrameworkCore.DbContext.SaveChangesAsync(Boolean acceptAllChangesOnSuccess, CancellationToken cancellationToken)
Microsoft.EntityFrameworkCore.DbUpdateException: An error occurred while saving the entity changes. See the inner exception for details.
 ---> Microsoft.Data.Sqlite.SqliteException (0x80004005): SQLite Error 19: 'NOT NULL constraint failed: Ships.Type'.
   at Microsoft.Data.Sqlite.SqliteException.ThrowExceptionForRC(Int32 rc, sqlite3 db)
   at Microsoft.Data.Sqlite.SqliteDataReader.NextResult()
   at Microsoft.Data.Sqlite.SqliteCommand.ExecuteReader(CommandBehavior behavior)
   at Microsoft.Data.Sqlite.SqliteCommand.ExecuteDbDataReaderAsync(CommandBehavior behavior, CancellationToken cancellationToken)
   at Microsoft.EntityFrameworkCore.Storage.RelationalCommand.ExecuteReaderAsync(RelationalCommandParameterObject parameterObject, CancellationToken cancellationToken)
   at Microsoft.EntityFrameworkCore.Storage.RelationalCommand.ExecuteReaderAsync(RelationalCommandParameterObject parameterObject, CancellationToken cancellationToken)
   at Microsoft.EntityFrameworkCore.Update.ReaderModificationCommandBatch.ExecuteAsync(IRelationalConnection connection, CancellationToken cancellationToken)
   --- End of inner exception stack trace ---
   at Microsoft.EntityFrameworkCore.Update.ReaderModificationCommandBatch.ExecuteAsync(IRelationalConnection connection, CancellationToken cancellationToken)
   at Microsoft.EntityFrameworkCore.Update.Internal.BatchExecutor.ExecuteAsync(IEnumerable`1 commandBatches, IRelationalConnection connection, CancellationToken cancellationToken)
   at Microsoft.EntityFrameworkCore.Update.Internal.BatchExecutor.ExecuteAsync(IEnumerable`1 commandBatches, IRelationalConnection connection, CancellationToken cancellationToken)
   at Microsoft.EntityFrameworkCore.Update.Internal.BatchExecutor.ExecuteAsync(IEnumerable`1 commandBatches, IRelationalConnection connection, CancellationToken cancellationToken)
   at Microsoft.EntityFrameworkCore.Storage.RelationalDatabase.SaveChangesAsync(IList`1 entries, CancellationToken cancellationToken)
   at Microsoft.EntityFrameworkCore.ChangeTracking.Internal.StateManager.SaveChangesAsync(IList`1 entriesToSave, CancellationToken cancellationToken)
   at Microsoft.EntityFrameworkCore.ChangeTracking.Internal.StateManager.SaveChangesAsync(StateManager stateManager, Boolean acceptAllChangesOnSuccess, CancellationToken cancellationToken)
   at Microsoft.EntityFrameworkCore.DbContext.SaveChangesAsync(Boolean acceptAllChangesOnSuccess, CancellationToken cancellationToken)
[16:18:33 FTL] Application terminated unexpectedly
Microsoft.EntityFrameworkCore.DbUpdateException: An error occurred while saving the entity changes. See the inner exception for details.
 ---> Microsoft.Data.Sqlite.SqliteException (0x80004005): SQLite Error 19: 'NOT NULL constraint failed: Ships.Type'.
   at Microsoft.Data.Sqlite.SqliteException.ThrowExceptionForRC(Int32 rc, sqlite3 db)
   at Microsoft.Data.Sqlite.SqliteDataReader.NextResult()
   at Microsoft.Data.Sqlite.SqliteCommand.ExecuteReader(CommandBehavior behavior)
   at Microsoft.Data.Sqlite.SqliteCommand.ExecuteDbDataReaderAsync(CommandBehavior behavior, CancellationToken cancellationToken)
   at Microsoft.EntityFrameworkCore.Storage.RelationalCommand.ExecuteReaderAsync(RelationalCommandParameterObject parameterObject, CancellationToken cancellationToken)
   at Microsoft.EntityFrameworkCore.Storage.RelationalCommand.ExecuteReaderAsync(RelationalCommandParameterObject parameterObject, CancellationToken cancellationToken)
   at Microsoft.EntityFrameworkCore.Update.ReaderModificationCommandBatch.ExecuteAsync(IRelationalConnection connection, CancellationToken cancellationToken)
   --- End of inner exception stack trace ---
   at Microsoft.EntityFrameworkCore.Update.ReaderModificationCommandBatch.ExecuteAsync(IRelationalConnection connection, CancellationToken cancellationToken)
   at Microsoft.EntityFrameworkCore.Update.Internal.BatchExecutor.ExecuteAsync(IEnumerable`1 commandBatches, IRelationalConnection connection, CancellationToken cancellationToken)
   at Microsoft.EntityFrameworkCore.Update.Internal.BatchExecutor.ExecuteAsync(IEnumerable`1 commandBatches, IRelationalConnection connection, CancellationToken cancellationToken)
   at Microsoft.EntityFrameworkCore.Update.Internal.BatchExecutor.ExecuteAsync(IEnumerable`1 commandBatches, IRelationalConnection connection, CancellationToken cancellationToken)
   at Microsoft.EntityFrameworkCore.Storage.RelationalDatabase.SaveChangesAsync(IList`1 entries, CancellationToken cancellationToken)
   at Microsoft.EntityFrameworkCore.ChangeTracking.Internal.StateManager.SaveChangesAsync(IList`1 entriesToSave, CancellationToken cancellationToken)
   at Microsoft.EntityFrameworkCore.ChangeTracking.Internal.StateManager.SaveChangesAsync(StateManager stateManager, Boolean acceptAllChangesOnSuccess, CancellationToken cancellationToken)
   at Microsoft.EntityFrameworkCore.DbContext.SaveChangesAsync(Boolean acceptAllChangesOnSuccess, CancellationToken cancellationToken)
   at Microsoft.EntityFrameworkCore.DbContext.SaveChangesAsync(Boolean acceptAllChangesOnSuccess, CancellationToken cancellationToken)
   at FleetMind.Api.Data.FleetMindDbContext.SaveChangesAsync(CancellationToken cancellationToken) in C:\Users\Tamanna\Desktop\entnt\fleetmind-ai\backend\FleetMind.Api\Data\FleetMindDbContext.cs:line 162
   at FleetMind.Api.Data.FleetMindDbContext.SaveChanges() in C:\Users\Tamanna\Desktop\entnt\fleetmind-ai\backend\FleetMind.Api\Data\FleetMindDbContext.cs:line 89
   at FleetMind.Api.IntegrationTests.CustomWebApplicationFactory.<>c.<ConfigureWebHost>b__2_2(IServiceCollection services) in C:\Users\Tamanna\Desktop\entnt\fleetmind-ai\backend\FleetMind.Api.IntegrationTests\CustomWebApplicationFactory.cs:line 125
   at Microsoft.Extensions.Hosting.HostApplicationBuilder.HostBuilderAdapter.ApplyChanges()
   at Microsoft.Extensions.Hosting.HostApplicationBuilder.Build()
   at Microsoft.AspNetCore.Builder.WebApplicationBuilder.Build()
   at Program.<Main>$(String[] args) in C:\Users\Tamanna\Desktop\entnt\fleetmind-ai\backend\FleetMind.Api\Program.cs:line 205
[xUnit.net 00:00:21.58]       Microsoft.EntityFrameworkCore.DbUpdateException : An error occurred while saving the entity changes. See the inner exception for details.
[xUnit.net 00:00:21.58]       ---- Microsoft.Data.Sqlite.SqliteException : SQLite Error 19: 'NOT NULL constraint failed: Ships.Type'.
[xUnit.net 00:00:21.58]       Stack Trace:
[xUnit.net 00:00:21.58]            at Microsoft.EntityFrameworkCore.Update.ReaderModificationCommandBatch.ExecuteAsync(IRelationalConnection connection, CancellationToken cancellationToken)
[xUnit.net 00:00:21.58]            at Microsoft.EntityFrameworkCore.Update.Internal.BatchExecutor.ExecuteAsync(IEnumerable`1 commandBatches, IRelationalConnection connection, CancellationToken cancellationToken)
[xUnit.net 00:00:21.58]            at Microsoft.EntityFrameworkCore.Update.Internal.BatchExecutor.ExecuteAsync(IEnumerable`1 commandBatches, IRelationalConnection connection, CancellationToken cancellationToken)
[xUnit.net 00:00:21.58]            at Microsoft.EntityFrameworkCore.Update.Internal.BatchExecutor.ExecuteAsync(IEnumerable`1 commandBatches, IRelationalConnection connection, CancellationToken cancellationToken)
[xUnit.net 00:00:21.58]            at Microsoft.EntityFrameworkCore.Storage.RelationalDatabase.SaveChangesAsync(IList`1 entries, CancellationToken cancellationToken)
[xUnit.net 00:00:21.58]            at Microsoft.EntityFrameworkCore.ChangeTracking.Internal.StateManager.SaveChangesAsync(IList`1 entriesToSave, CancellationToken cancellationToken)
[xUnit.net 00:00:21.58]            at Microsoft.EntityFrameworkCore.ChangeTracking.Internal.StateManager.SaveChangesAsync(StateManager stateManager, Boolean acceptAllChangesOnSuccess, CancellationToken cancellationToken)
[xUnit.net 00:00:21.58]            at Microsoft.EntityFrameworkCore.DbContext.SaveChangesAsync(Boolean acceptAllChangesOnSuccess, CancellationToken cancellationToken)
[xUnit.net 00:00:21.58]            at Microsoft.EntityFrameworkCore.DbContext.SaveChangesAsync(Boolean acceptAllChangesOnSuccess, CancellationToken cancellationToken)
[xUnit.net 00:00:21.58]         C:\Users\Tamanna\Desktop\entnt\fleetmind-ai\backend\FleetMind.Api\Data\FleetMindDbContext.cs(162,0): at FleetMind.Api.Data.FleetMindDbContext.SaveChangesAsync(CancellationToken cancellationToken)
[xUnit.net 00:00:21.58]         C:\Users\Tamanna\Desktop\entnt\fleetmind-ai\backend\FleetMind.Api\Data\FleetMindDbContext.cs(89,0): at FleetMind.Api.Data.FleetMindDbContext.SaveChanges()
[xUnit.net 00:00:21.58]         C:\Users\Tamanna\Desktop\entnt\fleetmind-ai\backend\FleetMind.Api.IntegrationTests\CustomWebApplicationFactory.cs(125,0): at FleetMind.Api.IntegrationTests.CustomWebApplicationFactory.<>c.<ConfigureWebHost>b__2_2(IServiceCollection services)
[xUnit.net 00:00:21.58]            at Microsoft.Extensions.Hosting.HostApplicationBuilder.HostBuilderAdapter.ApplyChanges()
[xUnit.net 00:00:21.58]            at Microsoft.Extensions.Hosting.HostApplicationBuilder.Build()
[xUnit.net 00:00:21.58]            at Microsoft.AspNetCore.Builder.WebApplicationBuilder.Build()
[xUnit.net 00:00:21.58]         C:\Users\Tamanna\Desktop\entnt\fleetmind-ai\backend\FleetMind.Api\Program.cs(205,0): at Program.<Main>$(String[] args)
[xUnit.net 00:00:21.58]            at Program.<Main>(String[] args)
[xUnit.net 00:00:21.58]            at InvokeStub_Program.<Main>(Object, Span`1)
[xUnit.net 00:00:21.58]            at System.Reflection.MethodBaseInvoker.InvokeWithOneArg(Object obj, BindingFlags invokeAttr, Binder binder, Object[] parameters, CultureInfo culture)
[xUnit.net 00:00:21.59]         --- End of stack trace from previous location ---
[xUnit.net 00:00:21.59]            at Microsoft.Extensions.Hosting.HostFactoryResolver.HostingListener.CreateHost()
[xUnit.net 00:00:21.59]            at Microsoft.Extensions.Hosting.HostFactoryResolver.<>c__DisplayClass10_0.<ResolveHostFactory>b__0(String[] args)
[xUnit.net 00:00:21.59]            at Microsoft.AspNetCore.Mvc.Testing.DeferredHostBuilder.Build()
[xUnit.net 00:00:21.59]            at Microsoft.AspNetCore.Mvc.Testing.WebApplicationFactory`1.CreateHost(IHostBuilder builder)
[xUnit.net 00:00:21.59]            at Microsoft.AspNetCore.Mvc.Testing.WebApplicationFactory`1.ConfigureHostBuilder(IHostBuilder hostBuilder)
[xUnit.net 00:00:21.59]            at Microsoft.AspNetCore.Mvc.Testing.WebApplicationFactory`1.EnsureServer()
[xUnit.net 00:00:21.59]            at Microsoft.AspNetCore.Mvc.Testing.WebApplicationFactory`1.CreateDefaultClient(DelegatingHandler[] handlers)
[xUnit.net 00:00:21.59]            at Microsoft.AspNetCore.Mvc.Testing.WebApplicationFactory`1.CreateDefaultClient(Uri baseAddress, DelegatingHandler[] handlers)
[xUnit.net 00:00:21.59]            at Microsoft.AspNetCore.Mvc.Testing.WebApplicationFactory`1.CreateClient(WebApplicationFactoryClientOptions options)
[xUnit.net 00:00:21.59]            at Microsoft.AspNetCore.Mvc.Testing.WebApplicationFactory`1.CreateClient()
[xUnit.net 00:00:21.59]         C:\Users\Tamanna\Desktop\entnt\fleetmind-ai\backend\FleetMind.Api.IntegrationTests\TestHelpers\AuthenticatedClientHelper.cs(17,0): at FleetMind.Api.IntegrationTests.TestHelpers.AuthenticatedClientHelper.GetAuthenticatedClientAsync(WebApplicationFactory`1 factory, String email, String password)
[xUnit.net 00:00:21.59]         C:\Users\Tamanna\Desktop\entnt\fleetmind-ai\backend\FleetMind.Api.IntegrationTests\Controllers\FleetsControllerIntegrationTests.cs(26,0): at FleetMind.Api.IntegrationTests.Controllers.FleetsControllerIntegrationTests.CreateFleet_AsAdmin_Returns201Created_WithFleetDto()
[xUnit.net 00:00:21.59]         --- End of stack trace from previous location ---
[xUnit.net 00:00:21.59]         ----- Inner Stack Trace -----
[xUnit.net 00:00:21.59]            at Microsoft.Data.Sqlite.SqliteException.ThrowExceptionForRC(Int32 rc, sqlite3 db)
[xUnit.net 00:00:21.59]            at Microsoft.Data.Sqlite.SqliteDataReader.NextResult()
[xUnit.net 00:00:21.59]            at Microsoft.Data.Sqlite.SqliteCommand.ExecuteReader(CommandBehavior behavior)
[xUnit.net 00:00:21.59]            at Microsoft.Data.Sqlite.SqliteCommand.ExecuteDbDataReaderAsync(CommandBehavior behavior, CancellationToken cancellationToken)
[xUnit.net 00:00:21.59]            at Microsoft.EntityFrameworkCore.Storage.RelationalCommand.ExecuteReaderAsync(RelationalCommandParameterObject parameterObject, CancellationToken cancellationToken)
[xUnit.net 00:00:21.59]            at Microsoft.EntityFrameworkCore.Storage.RelationalCommand.ExecuteReaderAsync(RelationalCommandParameterObject parameterObject, CancellationToken cancellationToken)
[xUnit.net 00:00:21.59]            at Microsoft.EntityFrameworkCore.Update.ReaderModificationCommandBatch.ExecuteAsync(IRelationalConnection connection, CancellationToken cancellationToken)
  Failed FleetMind.Api.IntegrationTests.Controllers.RoleBasedAccessMatrixTests.RoleBasedAccessMatrix_Endpoint_ReturnsExpectedStatus(email: "admin@test.com", password: "AdminPass123!", role: "Admin", methodStr: "GET", route: "/api/v1/audit-logs", payload: null, expectedStatus: OK) [3 s]
  Error Message:
   Microsoft.EntityFrameworkCore.DbUpdateException : An error occurred while saving the entity changes. See the inner exception for details.
---- Microsoft.Data.Sqlite.SqliteException : SQLite Error 19: 'NOT NULL constraint failed: Ships.Type'.
  Stack Trace:
     at Microsoft.EntityFrameworkCore.Update.ReaderModificationCommandBatch.ExecuteAsync(IRelationalConnection connection, CancellationToken cancellationToken)
   at Microsoft.EntityFrameworkCore.Update.Internal.BatchExecutor.ExecuteAsync(IEnumerable`1 commandBatches, IRelationalConnection connection, CancellationToken cancellationToken)
   at Microsoft.EntityFrameworkCore.Update.Internal.BatchExecutor.ExecuteAsync(IEnumerable`1 commandBatches, IRelationalConnection connection, CancellationToken cancellationToken)
   at Microsoft.EntityFrameworkCore.Update.Internal.BatchExecutor.ExecuteAsync(IEnumerable`1 commandBatches, IRelationalConnection connection, CancellationToken cancellationToken)
   at Microsoft.EntityFrameworkCore.Storage.RelationalDatabase.SaveChangesAsync(IList`1 entries, CancellationToken cancellationToken)
   at Microsoft.EntityFrameworkCore.ChangeTracking.Internal.StateManager.SaveChangesAsync(IList`1 entriesToSave, CancellationToken cancellationToken)
   at Microsoft.EntityFrameworkCore.ChangeTracking.Internal.StateManager.SaveChangesAsync(StateManager stateManager, Boolean acceptAllChangesOnSuccess, CancellationToken cancellationToken)
   at Microsoft.EntityFrameworkCore.DbContext.SaveChangesAsync(Boolean acceptAllChangesOnSuccess, CancellationToken cancellationToken)
   at Microsoft.EntityFrameworkCore.DbContext.SaveChangesAsync(Boolean acceptAllChangesOnSuccess, CancellationToken cancellationToken)
   at FleetMind.Api.Data.FleetMindDbContext.SaveChangesAsync(CancellationToken cancellationToken) in C:\Users\Tamanna\Desktop\entnt\fleetmind-ai\backend\FleetMind.Api\Data\FleetMindDbContext.cs:line 162
   at FleetMind.Api.Data.FleetMindDbContext.SaveChanges() in C:\Users\Tamanna\Desktop\entnt\fleetmind-ai\backend\FleetMind.Api\Data\FleetMindDbContext.cs:line 89
   at FleetMind.Api.IntegrationTests.CustomWebApplicationFactory.<>c.<ConfigureWebHost>b__2_2(IServiceCollection services) in C:\Users\Tamanna\Desktop\entnt\fleetmind-ai\backend\FleetMind.Api.IntegrationTests\CustomWebApplicationFactory.cs:line 125
   at Microsoft.Extensions.Hosting.HostApplicationBuilder.HostBuilderAdapter.ApplyChanges()
   at Microsoft.Extensions.Hosting.HostApplicationBuilder.Build()
   at Microsoft.AspNetCore.Builder.WebApplicationBuilder.Build()
   at Program.<Main>$(String[] args) in C:\Users\Tamanna\Desktop\entnt\fleetmind-ai\backend\FleetMind.Api\Program.cs:line 205
   at Program.<Main>(String[] args)
   at InvokeStub_Program.<Main>(Object, Span`1)
   at System.Reflection.MethodBaseInvoker.InvokeWithOneArg(Object obj, BindingFlags invokeAttr, Binder binder, Object[] parameters, CultureInfo culture)
--- End of stack trace from previous location ---
   at Microsoft.Extensions.Hosting.HostFactoryResolver.HostingListener.CreateHost()
   at Microsoft.Extensions.Hosting.HostFactoryResolver.<>c__DisplayClass10_0.<ResolveHostFactory>b__0(String[] args)
   at Microsoft.AspNetCore.Mvc.Testing.DeferredHostBuilder.Build()
   at Microsoft.AspNetCore.Mvc.Testing.WebApplicationFactory`1.CreateHost(IHostBuilder builder)
   at Microsoft.AspNetCore.Mvc.Testing.WebApplicationFactory`1.ConfigureHostBuilder(IHostBuilder hostBuilder)
   at Microsoft.AspNetCore.Mvc.Testing.WebApplicationFactory`1.EnsureServer()
   at Microsoft.AspNetCore.Mvc.Testing.WebApplicationFactory`1.CreateDefaultClient(DelegatingHandler[] handlers)
   at Microsoft.AspNetCore.Mvc.Testing.WebApplicationFactory`1.CreateDefaultClient(Uri baseAddress, DelegatingHandler[] handlers)
   at Microsoft.AspNetCore.Mvc.Testing.WebApplicationFactory`1.CreateClient(WebApplicationFactoryClientOptions options)
   at Microsoft.AspNetCore.Mvc.Testing.WebApplicationFactory`1.CreateClient()
   at FleetMind.Api.IntegrationTests.TestHelpers.AuthenticatedClientHelper.GetAuthenticatedClientAsync(WebApplicationFactory`1 factory, String email, String password) in C:\Users\Tamanna\Desktop\entnt\fleetmind-ai\backend\FleetMind.Api.IntegrationTests\TestHelpers\AuthenticatedClientHelper.cs:line 17
   at FleetMind.Api.IntegrationTests.Controllers.RoleBasedAccessMatrixTests.RoleBasedAccessMatrix_Endpoint_ReturnsExpectedStatus(String email, String password, String role, String methodStr, String route, Object payload, HttpStatusCode expectedStatus) in C:\Users\Tamanna\Desktop\entnt\fleetmind-ai\backend\FleetMind.Api.IntegrationTests\Controllers\RoleBasedAccessMatrixTests.cs:line 87
--- End of stack trace from previous location ---
----- Inner Stack Trace -----
   at Microsoft.Data.Sqlite.SqliteException.ThrowExceptionForRC(Int32 rc, sqlite3 db)
   at Microsoft.Data.Sqlite.SqliteDataReader.NextResult()
   at Microsoft.Data.Sqlite.SqliteCommand.ExecuteReader(CommandBehavior behavior)
   at Microsoft.Data.Sqlite.SqliteCommand.ExecuteDbDataReaderAsync(CommandBehavior behavior, CancellationToken cancellationToken)
   at Microsoft.EntityFrameworkCore.Storage.RelationalCommand.ExecuteReaderAsync(RelationalCommandParameterObject parameterObject, CancellationToken cancellationToken)
   at Microsoft.EntityFrameworkCore.Storage.RelationalCommand.ExecuteReaderAsync(RelationalCommandParameterObject parameterObject, CancellationToken cancellationToken)
   at Microsoft.EntityFrameworkCore.Update.ReaderModificationCommandBatch.ExecuteAsync(IRelationalConnection connection, CancellationToken cancellationToken)
  Failed FleetMind.Api.IntegrationTests.Controllers.FleetsControllerIntegrationTests.CreateFleet_AsAdmin_Returns201Created_WithFleetDto [3 s]
  Error Message:
   Microsoft.EntityFrameworkCore.DbUpdateException : An error occurred while saving the entity changes. See the inner exception for details.
---- Microsoft.Data.Sqlite.SqliteException : SQLite Error 19: 'NOT NULL constraint failed: Ships.Type'.
  Stack Trace:
     at Microsoft.EntityFrameworkCore.Update.ReaderModificationCommandBatch.ExecuteAsync(IRelationalConnection connection, CancellationToken cancellationToken)
   at Microsoft.EntityFrameworkCore.Update.Internal.BatchExecutor.ExecuteAsync(IEnumerable`1 commandBatches, IRelationalConnection connection, CancellationToken cancellationToken)
   at Microsoft.EntityFrameworkCore.Update.Internal.BatchExecutor.ExecuteAsync(IEnumerable`1 commandBatches, IRelationalConnection connection, CancellationToken cancellationToken)
   at Microsoft.EntityFrameworkCore.Update.Internal.BatchExecutor.ExecuteAsync(IEnumerable`1 commandBatches, IRelationalConnection connection, CancellationToken cancellationToken)
   at Microsoft.EntityFrameworkCore.Storage.RelationalDatabase.SaveChangesAsync(IList`1 entries, CancellationToken cancellationToken)
   at Microsoft.EntityFrameworkCore.ChangeTracking.Internal.StateManager.SaveChangesAsync(IList`1 entriesToSave, CancellationToken cancellationToken)
   at Microsoft.EntityFrameworkCore.ChangeTracking.Internal.StateManager.SaveChangesAsync(StateManager stateManager, Boolean acceptAllChangesOnSuccess, CancellationToken cancellationToken)
   at Microsoft.EntityFrameworkCore.DbContext.SaveChangesAsync(Boolean acceptAllChangesOnSuccess, CancellationToken cancellationToken)
   at Microsoft.EntityFrameworkCore.DbContext.SaveChangesAsync(Boolean acceptAllChangesOnSuccess, CancellationToken cancellationToken)
   at FleetMind.Api.Data.FleetMindDbContext.SaveChangesAsync(CancellationToken cancellationToken) in C:\Users\Tamanna\Desktop\entnt\fleetmind-ai\backend\FleetMind.Api\Data\FleetMindDbContext.cs:line 162
   at FleetMind.Api.Data.FleetMindDbContext.SaveChanges() in C:\Users\Tamanna\Desktop\entnt\fleetmind-ai\backend\FleetMind.Api\Data\FleetMindDbContext.cs:line 89
   at FleetMind.Api.IntegrationTests.CustomWebApplicationFactory.<>c.<ConfigureWebHost>b__2_2(IServiceCollection services) in C:\Users\Tamanna\Desktop\entnt\fleetmind-ai\backend\FleetMind.Api.IntegrationTests\CustomWebApplicationFactory.cs:line 125
   at Microsoft.Extensions.Hosting.HostApplicationBuilder.HostBuilderAdapter.ApplyChanges()
   at Microsoft.Extensions.Hosting.HostApplicationBuilder.Build()
   at Microsoft.AspNetCore.Builder.WebApplicationBuilder.Build()
   at Program.<Main>$(String[] args) in C:\Users\Tamanna\Desktop\entnt\fleetmind-ai\backend\FleetMind.Api\Program.cs:line 205
   at Program.<Main>(String[] args)
   at InvokeStub_Program.<Main>(Object, Span`1)
   at System.Reflection.MethodBaseInvoker.InvokeWithOneArg(Object obj, BindingFlags invokeAttr, Binder binder, Object[] parameters, CultureInfo culture)
--- End of stack trace from previous location ---
   at Microsoft.Extensions.Hosting.HostFactoryResolver.HostingListener.CreateHost()
   at Microsoft.Extensions.Hosting.HostFactoryResolver.<>c__DisplayClass10_0.<ResolveHostFactory>b__0(String[] args)
   at Microsoft.AspNetCore.Mvc.Testing.DeferredHostBuilder.Build()
   at Microsoft.AspNetCore.Mvc.Testing.WebApplicationFactory`1.CreateHost(IHostBuilder builder)
   at Microsoft.AspNetCore.Mvc.Testing.WebApplicationFactory`1.ConfigureHostBuilder(IHostBuilder hostBuilder)
   at Microsoft.AspNetCore.Mvc.Testing.WebApplicationFactory`1.EnsureServer()
   at Microsoft.AspNetCore.Mvc.Testing.WebApplicationFactory`1.CreateDefaultClient(DelegatingHandler[] handlers)
   at Microsoft.AspNetCore.Mvc.Testing.WebApplicationFactory`1.CreateDefaultClient(Uri baseAddress, DelegatingHandler[] handlers)
   at Microsoft.AspNetCore.Mvc.Testing.WebApplicationFactory`1.CreateClient(WebApplicationFactoryClientOptions options)
   at Microsoft.AspNetCore.Mvc.Testing.WebApplicationFactory`1.CreateClient()
   at FleetMind.Api.IntegrationTests.TestHelpers.AuthenticatedClientHelper.GetAuthenticatedClientAsync(WebApplicationFactory`1 factory, String email, String password) in C:\Users\Tamanna\Desktop\entnt\fleetmind-ai\backend\FleetMind.Api.IntegrationTests\TestHelpers\AuthenticatedClientHelper.cs:line 17
   at FleetMind.Api.IntegrationTests.Controllers.FleetsControllerIntegrationTests.CreateFleet_AsAdmin_Returns201Created_WithFleetDto() in C:\Users\Tamanna\Desktop\entnt\fleetmind-ai\backend\FleetMind.Api.IntegrationTests\Controllers\FleetsControllerIntegrationTests.cs:line 26
--- End of stack trace from previous location ---
----- Inner Stack Trace -----
   at Microsoft.Data.Sqlite.SqliteException.ThrowExceptionForRC(Int32 rc, sqlite3 db)
   at Microsoft.Data.Sqlite.SqliteDataReader.NextResult()
   at Microsoft.Data.Sqlite.SqliteCommand.ExecuteReader(CommandBehavior behavior)
   at Microsoft.Data.Sqlite.SqliteCommand.ExecuteDbDataReaderAsync(CommandBehavior behavior, CancellationToken cancellationToken)
   at Microsoft.EntityFrameworkCore.Storage.RelationalCommand.ExecuteReaderAsync(RelationalCommandParameterObject parameterObject, CancellationToken cancellationToken)
   at Microsoft.EntityFrameworkCore.Storage.RelationalCommand.ExecuteReaderAsync(RelationalCommandParameterObject parameterObject, CancellationToken cancellationToken)
   at Microsoft.EntityFrameworkCore.Update.ReaderModificationCommandBatch.ExecuteAsync(IRelationalConnection connection, CancellationToken cancellationToken)
[16:18:37 ERR] Failed executing DbCommand (0ms) [Parameters=[@p0='?' (DbType = Guid), @p1='?' (DbType = DateTime), @p2='?', @p3='?' (DbType = Guid), @p4='?' (DbType = Decimal), @p5='?' (Size = 7), @p6='?' (DbType = Boolean), @p7='?' (Size = 9), @p8='?' (DbType = Guid), @p9='?' (Size = 6), @p10='?', @p11='?' (DbType = DateTime), @p12='?' (DbType = Int32)], CommandType='Text', CommandTimeout='30']
INSERT INTO "Ships" ("Id", "CreatedAt", "Flag", "FleetId", "GrossTonnage", "IMO", "IsDeleted", "Name", "PrimaryPhotoAttachmentId", "Status", "Type", "UpdatedAt", "YearBuilt")
VALUES (@p0, @p1, @p2, @p3, @p4, @p5, @p6, @p7, @p8, @p9, @p10, @p11, @p12);
[16:18:37 ERR] An exception occurred in the database while saving changes for context type 'FleetMind.Api.Data.FleetMindDbContext'.
Microsoft.EntityFrameworkCore.DbUpdateException: An error occurred while saving the entity changes. See the inner exception for details.
 ---> Microsoft.Data.Sqlite.SqliteException (0x80004005): SQLite Error 19: 'NOT NULL constraint failed: Ships.Type'.
   at Microsoft.Data.Sqlite.SqliteException.ThrowExceptionForRC(Int32 rc, sqlite3 db)
   at Microsoft.Data.Sqlite.SqliteDataReader.NextResult()
   at Microsoft.Data.Sqlite.SqliteCommand.ExecuteReader(CommandBehavior behavior)
   at Microsoft.Data.Sqlite.SqliteCommand.ExecuteDbDataReaderAsync(CommandBehavior behavior, CancellationToken cancellationToken)
   at Microsoft.EntityFrameworkCore.Storage.RelationalCommand.ExecuteReaderAsync(RelationalCommandParameterObject parameterObject, CancellationToken cancellationToken)
   at Microsoft.EntityFrameworkCore.Storage.RelationalCommand.ExecuteReaderAsync(RelationalCommandParameterObject parameterObject, CancellationToken cancellationToken)
   at Microsoft.EntityFrameworkCore.Update.ReaderModificationCommandBatch.ExecuteAsync(IRelationalConnection connection, CancellationToken cancellationToken)
   --- End of inner exception stack trace ---
   at Microsoft.EntityFrameworkCore.Update.ReaderModificationCommandBatch.ExecuteAsync(IRelationalConnection connection, CancellationToken cancellationToken)
   at Microsoft.EntityFrameworkCore.Update.Internal.BatchExecutor.ExecuteAsync(IEnumerable`1 commandBatches, IRelationalConnection connection, CancellationToken cancellationToken)
   at Microsoft.EntityFrameworkCore.Update.Internal.BatchExecutor.ExecuteAsync(IEnumerable`1 commandBatches, IRelationalConnection connection, CancellationToken cancellationToken)
   at Microsoft.EntityFrameworkCore.Update.Internal.BatchExecutor.ExecuteAsync(IEnumerable`1 commandBatches, IRelationalConnection connection, CancellationToken cancellationToken)
   at Microsoft.EntityFrameworkCore.Storage.RelationalDatabase.SaveChangesAsync(IList`1 entries, CancellationToken cancellationToken)
   at Microsoft.EntityFrameworkCore.ChangeTracking.Internal.StateManager.SaveChangesAsync(IList`1 entriesToSave, CancellationToken cancellationToken)
   at Microsoft.EntityFrameworkCore.ChangeTracking.Internal.StateManager.SaveChangesAsync(StateManager stateManager, Boolean acceptAllChangesOnSuccess, CancellationToken cancellationToken)
   at Microsoft.EntityFrameworkCore.DbContext.SaveChangesAsync(Boolean acceptAllChangesOnSuccess, CancellationToken cancellationToken)
Microsoft.EntityFrameworkCore.DbUpdateException: An error occurred while saving the entity changes. See the inner exception for details.
 ---> Microsoft.Data.Sqlite.SqliteException (0x80004005): SQLite Error 19: 'NOT NULL constraint failed: Ships.Type'.
   at Microsoft.Data.Sqlite.SqliteException.ThrowExceptionForRC(Int32 rc, sqlite3 db)
   at Microsoft.Data.Sqlite.SqliteDataReader.NextResult()
   at Microsoft.Data.Sqlite.SqliteCommand.ExecuteReader(CommandBehavior behavior)
   at Microsoft.Data.Sqlite.SqliteCommand.ExecuteDbDataReaderAsync(CommandBehavior behavior, CancellationToken cancellationToken)
   at Microsoft.EntityFrameworkCore.Storage.RelationalCommand.ExecuteReaderAsync(RelationalCommandParameterObject parameterObject, CancellationToken cancellationToken)
   at Microsoft.EntityFrameworkCore.Storage.RelationalCommand.ExecuteReaderAsync(RelationalCommandParameterObject parameterObject, CancellationToken cancellationToken)
   at Microsoft.EntityFrameworkCore.Update.ReaderModificationCommandBatch.ExecuteAsync(IRelationalConnection connection, CancellationToken cancellationToken)
   --- End of inner exception stack trace ---
   at Microsoft.EntityFrameworkCore.Update.ReaderModificationCommandBatch.ExecuteAsync(IRelationalConnection connection, CancellationToken cancellationToken)
   at Microsoft.EntityFrameworkCore.Update.Internal.BatchExecutor.ExecuteAsync(IEnumerable`1 commandBatches, IRelationalConnection connection, CancellationToken cancellationToken)
   at Microsoft.EntityFrameworkCore.Update.Internal.BatchExecutor.ExecuteAsync(IEnumerable`1 commandBatches, IRelationalConnection connection, CancellationToken cancellationToken)
   at Microsoft.EntityFrameworkCore.Update.Internal.BatchExecutor.ExecuteAsync(IEnumerable`1 commandBatches, IRelationalConnection connection, CancellationToken cancellationToken)
   at Microsoft.EntityFrameworkCore.Storage.RelationalDatabase.SaveChangesAsync(IList`1 entries, CancellationToken cancellationToken)
   at Microsoft.EntityFrameworkCore.ChangeTracking.Internal.StateManager.SaveChangesAsync(IList`1 entriesToSave, CancellationToken cancellationToken)
   at Microsoft.EntityFrameworkCore.ChangeTracking.Internal.StateManager.SaveChangesAsync(StateManager stateManager, Boolean acceptAllChangesOnSuccess, CancellationToken cancellationToken)
   at Microsoft.EntityFrameworkCore.DbContext.SaveChangesAsync(Boolean acceptAllChangesOnSuccess, CancellationToken cancellationToken)
[16:18:37 FTL] Application terminated unexpectedly
Microsoft.EntityFrameworkCore.DbUpdateException: An error occurred while saving the entity changes. See the inner exception for details.
 ---> Microsoft.Data.Sqlite.SqliteException (0x80004005): SQLite Error 19: 'NOT NULL constraint failed: Ships.Type'.
   at Microsoft.Data.Sqlite.SqliteException.ThrowExceptionForRC(Int32 rc, sqlite3 db)
   at Microsoft.Data.Sqlite.SqliteDataReader.NextResult()
   at Microsoft.Data.Sqlite.SqliteCommand.ExecuteReader(CommandBehavior behavior)
   at Microsoft.Data.Sqlite.SqliteCommand.ExecuteDbDataReaderAsync(CommandBehavior behavior, CancellationToken cancellationToken)
   at Microsoft.EntityFrameworkCore.Storage.RelationalCommand.ExecuteReaderAsync(RelationalCommandParameterObject parameterObject, CancellationToken cancellationToken)
   at Microsoft.EntityFrameworkCore.Storage.RelationalCommand.ExecuteReaderAsync(RelationalCommandParameterObject parameterObject, CancellationToken cancellationToken)
   at Microsoft.EntityFrameworkCore.Update.ReaderModificationCommandBatch.ExecuteAsync(IRelationalConnection connection, CancellationToken cancellationToken)
   --- End of inner exception stack trace ---
   at Microsoft.EntityFrameworkCore.Update.ReaderModificationCommandBatch.ExecuteAsync(IRelationalConnection connection, CancellationToken cancellationToken)
   at Microsoft.EntityFrameworkCore.Update.Internal.BatchExecutor.ExecuteAsync(IEnumerable`1 commandBatches, IRelationalConnection connection, CancellationToken cancellationToken)
   at Microsoft.EntityFrameworkCore.Update.Internal.BatchExecutor.ExecuteAsync(IEnumerable`1 commandBatches, IRelationalConnection connection, CancellationToken cancellationToken)
   at Microsoft.EntityFrameworkCore.Update.Internal.BatchExecutor.ExecuteAsync(IEnumerable`1 commandBatches, IRelationalConnection connection, CancellationToken cancellationToken)
   at Microsoft.EntityFrameworkCore.Storage.RelationalDatabase.SaveChangesAsync(IList`1 entries, CancellationToken cancellationToken)
   at Microsoft.EntityFrameworkCore.ChangeTracking.Internal.StateManager.SaveChangesAsync(IList`1 entriesToSave, CancellationToken cancellationToken)
   at Microsoft.EntityFrameworkCore.ChangeTracking.Internal.StateManager.SaveChangesAsync(StateManager stateManager, Boolean acceptAllChangesOnSuccess, CancellationToken cancellationToken)
   at Microsoft.EntityFrameworkCore.DbContext.SaveChangesAsync(Boolean acceptAllChangesOnSuccess, CancellationToken cancellationToken)
   at Microsoft.EntityFrameworkCore.DbContext.SaveChangesAsync(Boolean acceptAllChangesOnSuccess, CancellationToken cancellationToken)
   at FleetMind.Api.Data.FleetMindDbContext.SaveChangesAsync(CancellationToken cancellationToken) in C:\Users\Tamanna\Desktop\entnt\fleetmind-ai\backend\FleetMind.Api\Data\FleetMindDbContext.cs:line 162
   at FleetMind.Api.Data.FleetMindDbContext.SaveChanges() in C:\Users\Tamanna\Desktop\entnt\fleetmind-ai\backend\FleetMind.Api\Data\FleetMindDbContext.cs:line 89
   at FleetMind.Api.IntegrationTests.CustomWebApplicationFactory.<>c.<ConfigureWebHost>b__2_2(IServiceCollection services) in C:\Users\Tamanna\Desktop\entnt\fleetmind-ai\backend\FleetMind.Api.IntegrationTests\CustomWebApplicationFactory.cs:line 125
   at Microsoft.Extensions.Hosting.HostApplicationBuilder.HostBuilderAdapter.ApplyChanges()
   at Microsoft.Extensions.Hosting.HostApplicationBuilder.Build()
   at Microsoft.AspNetCore.Builder.WebApplicationBuilder.Build()
   at Program.<Main>$(String[] args) in C:\Users\Tamanna\Desktop\entnt\fleetmind-ai\backend\FleetMind.Api\Program.cs:line 205
[xUnit.net 00:00:26.19]       Microsoft.EntityFrameworkCore.DbUpdateException : An error occurred while saving the entity changes. See the inner exception for details.
[xUnit.net 00:00:26.19]       ---- Microsoft.Data.Sqlite.SqliteException : SQLite Error 19: 'NOT NULL constraint failed: Ships.Type'.
[xUnit.net 00:00:26.19]       Stack Trace:
[xUnit.net 00:00:26.19]            at Microsoft.EntityFrameworkCore.Update.ReaderModificationCommandBatch.ExecuteAsync(IRelationalConnection connection, CancellationToken cancellationToken)
[xUnit.net 00:00:26.19]            at Microsoft.EntityFrameworkCore.Update.Internal.BatchExecutor.ExecuteAsync(IEnumerable`1 commandBatches, IRelationalConnection connection, CancellationToken cancellationToken)
[xUnit.net 00:00:26.19]            at Microsoft.EntityFrameworkCore.Update.Internal.BatchExecutor.ExecuteAsync(IEnumerable`1 commandBatches, IRelationalConnection connection, CancellationToken cancellationToken)
[xUnit.net 00:00:26.19]            at Microsoft.EntityFrameworkCore.Update.Internal.BatchExecutor.ExecuteAsync(IEnumerable`1 commandBatches, IRelationalConnection connection, CancellationToken cancellationToken)
[xUnit.net 00:00:26.19]            at Microsoft.EntityFrameworkCore.Storage.RelationalDatabase.SaveChangesAsync(IList`1 entries, CancellationToken cancellationToken)
[xUnit.net 00:00:26.19]            at Microsoft.EntityFrameworkCore.ChangeTracking.Internal.StateManager.SaveChangesAsync(IList`1 entriesToSave, CancellationToken cancellationToken)
[xUnit.net 00:00:26.19]            at Microsoft.EntityFrameworkCore.ChangeTracking.Internal.StateManager.SaveChangesAsync(StateManager stateManager, Boolean acceptAllChangesOnSuccess, CancellationToken cancellationToken)
[xUnit.net 00:00:26.19]            at Microsoft.EntityFrameworkCore.DbContext.SaveChangesAsync(Boolean acceptAllChangesOnSuccess, CancellationToken cancellationToken)
[xUnit.net 00:00:26.19]            at Microsoft.EntityFrameworkCore.DbContext.SaveChangesAsync(Boolean acceptAllChangesOnSuccess, CancellationToken cancellationToken)
[xUnit.net 00:00:26.19]         C:\Users\Tamanna\Desktop\entnt\fleetmind-ai\backend\FleetMind.Api\Data\FleetMindDbContext.cs(162,0): at FleetMind.Api.Data.FleetMindDbContext.SaveChangesAsync(CancellationToken cancellationToken)
[xUnit.net 00:00:26.19]         C:\Users\Tamanna\Desktop\entnt\fleetmind-ai\backend\FleetMind.Api\Data\FleetMindDbContext.cs(89,0): at FleetMind.Api.Data.FleetMindDbContext.SaveChanges()
[xUnit.net 00:00:26.19]         C:\Users\Tamanna\Desktop\entnt\fleetmind-ai\backend\FleetMind.Api.IntegrationTests\CustomWebApplicationFactory.cs(125,0): at FleetMind.Api.IntegrationTests.CustomWebApplicationFactory.<>c.<ConfigureWebHost>b__2_2(IServiceCollection services)
[xUnit.net 00:00:26.19]            at Microsoft.Extensions.Hosting.HostApplicationBuilder.HostBuilderAdapter.ApplyChanges()
[xUnit.net 00:00:26.19]            at Microsoft.Extensions.Hosting.HostApplicationBuilder.Build()
[xUnit.net 00:00:26.19]            at Microsoft.AspNetCore.Builder.WebApplicationBuilder.Build()
[xUnit.net 00:00:26.19]         C:\Users\Tamanna\Desktop\entnt\fleetmind-ai\backend\FleetMind.Api\Program.cs(205,0): at Program.<Main>$(String[] args)
[xUnit.net 00:00:26.19]            at Program.<Main>(String[] args)
[xUnit.net 00:00:26.19]            at InvokeStub_Program.<Main>(Object, Span`1)
[xUnit.net 00:00:26.19]            at System.Reflection.MethodBaseInvoker.InvokeWithOneArg(Object obj, BindingFlags invokeAttr, Binder binder, Object[] parameters, CultureInfo culture)
[xUnit.net 00:00:26.19]         --- End of stack trace from previous location ---
[xUnit.net 00:00:26.19]            at Microsoft.Extensions.Hosting.HostFactoryResolver.HostingListener.CreateHost()
[xUnit.net 00:00:26.19]            at Microsoft.Extensions.Hosting.HostFactoryResolver.<>c__DisplayClass10_0.<ResolveHostFactory>b__0(String[] args)
[xUnit.net 00:00:26.19]            at Microsoft.AspNetCore.Mvc.Testing.DeferredHostBuilder.Build()
[xUnit.net 00:00:26.19]            at Microsoft.AspNetCore.Mvc.Testing.WebApplicationFactory`1.CreateHost(IHostBuilder builder)
[xUnit.net 00:00:26.19]            at Microsoft.AspNetCore.Mvc.Testing.WebApplicationFactory`1.ConfigureHostBuilder(IHostBuilder hostBuilder)
[xUnit.net 00:00:26.19]            at Microsoft.AspNetCore.Mvc.Testing.WebApplicationFactory`1.EnsureServer()
[xUnit.net 00:00:26.19]            at Microsoft.AspNetCore.Mvc.Testing.WebApplicationFactory`1.CreateDefaultClient(DelegatingHandler[] handlers)
[xUnit.net 00:00:26.19]            at Microsoft.AspNetCore.Mvc.Testing.WebApplicationFactory`1.CreateDefaultClient(Uri baseAddress, DelegatingHandler[] handlers)
[xUnit.net 00:00:26.19]            at Microsoft.AspNetCore.Mvc.Testing.WebApplicationFactory`1.CreateClient(WebApplicationFactoryClientOptions options)
[xUnit.net 00:00:26.19]            at Microsoft.AspNetCore.Mvc.Testing.WebApplicationFactory`1.CreateClient()
[xUnit.net 00:00:26.19]         C:\Users\Tamanna\Desktop\entnt\fleetmind-ai\backend\FleetMind.Api.IntegrationTests\TestHelpers\AuthenticatedClientHelper.cs(17,0): at FleetMind.Api.IntegrationTests.TestHelpers.AuthenticatedClientHelper.GetAuthenticatedClientAsync(WebApplicationFactory`1 factory, String email, String password)
[xUnit.net 00:00:26.19]         C:\Users\Tamanna\Desktop\entnt\fleetmind-ai\backend\FleetMind.Api.IntegrationTests\Controllers\RoleBasedAccessMatrixTests.cs(87,0): at FleetMind.Api.IntegrationTests.Controllers.RoleBasedAccessMatrixTests.RoleBasedAccessMatrix_Endpoint_ReturnsExpectedStatus(String email, String password, String role, String methodStr, String route, Object payload, HttpStatusCode expectedStatus)
[xUnit.net 00:00:26.19]         --- End of stack trace from previous location ---
[xUnit.net 00:00:26.19]         ----- Inner Stack Trace -----
[xUnit.net 00:00:26.19]            at Microsoft.Data.Sqlite.SqliteException.ThrowExceptionForRC(Int32 rc, sqlite3 db)
[xUnit.net 00:00:26.19]            at Microsoft.Data.Sqlite.SqliteDataReader.NextResult()
[xUnit.net 00:00:26.19]            at Microsoft.Data.Sqlite.SqliteCommand.ExecuteReader(CommandBehavior behavior)
[xUnit.net 00:00:26.19]            at Microsoft.Data.Sqlite.SqliteCommand.ExecuteDbDataReaderAsync(CommandBehavior behavior, CancellationToken cancellationToken)
[xUnit.net 00:00:26.19]            at Microsoft.EntityFrameworkCore.Storage.RelationalCommand.ExecuteReaderAsync(RelationalCommandParameterObject parameterObject, CancellationToken cancellationToken)
[xUnit.net 00:00:26.19]            at Microsoft.EntityFrameworkCore.Storage.RelationalCommand.ExecuteReaderAsync(RelationalCommandParameterObject parameterObject, CancellationToken cancellationToken)
[xUnit.net 00:00:26.19]            at Microsoft.EntityFrameworkCore.Update.ReaderModificationCommandBatch.ExecuteAsync(IRelationalConnection connection, CancellationToken cancellationToken)
[16:18:37 ERR] Failed executing DbCommand (0ms) [Parameters=[@p0='?' (DbType = Guid), @p1='?' (DbType = DateTime), @p2='?', @p3='?' (DbType = Guid), @p4='?' (DbType = Decimal), @p5='?' (Size = 7), @p6='?' (DbType = Boolean), @p7='?' (Size = 9), @p8='?' (DbType = Guid), @p9='?' (Size = 6), @p10='?', @p11='?' (DbType = DateTime), @p12='?' (DbType = Int32)], CommandType='Text', CommandTimeout='30']
INSERT INTO "Ships" ("Id", "CreatedAt", "Flag", "FleetId", "GrossTonnage", "IMO", "IsDeleted", "Name", "PrimaryPhotoAttachmentId", "Status", "Type", "UpdatedAt", "YearBuilt")
VALUES (@p0, @p1, @p2, @p3, @p4, @p5, @p6, @p7, @p8, @p9, @p10, @p11, @p12);
[16:18:37 ERR] An exception occurred in the database while saving changes for context type 'FleetMind.Api.Data.FleetMindDbContext'.
Microsoft.EntityFrameworkCore.DbUpdateException: An error occurred while saving the entity changes. See the inner exception for details.
 ---> Microsoft.Data.Sqlite.SqliteException (0x80004005): SQLite Error 19: 'NOT NULL constraint failed: Ships.Type'.
   at Microsoft.Data.Sqlite.SqliteException.ThrowExceptionForRC(Int32 rc, sqlite3 db)
   at Microsoft.Data.Sqlite.SqliteDataReader.NextResult()
   at Microsoft.Data.Sqlite.SqliteCommand.ExecuteReader(CommandBehavior behavior)
   at Microsoft.Data.Sqlite.SqliteCommand.ExecuteDbDataReaderAsync(CommandBehavior behavior, CancellationToken cancellationToken)
   at Microsoft.EntityFrameworkCore.Storage.RelationalCommand.ExecuteReaderAsync(RelationalCommandParameterObject parameterObject, CancellationToken cancellationToken)
   at Microsoft.EntityFrameworkCore.Storage.RelationalCommand.ExecuteReaderAsync(RelationalCommandParameterObject parameterObject, CancellationToken cancellationToken)
   at Microsoft.EntityFrameworkCore.Update.ReaderModificationCommandBatch.ExecuteAsync(IRelationalConnection connection, CancellationToken cancellationToken)
   --- End of inner exception stack trace ---
   at Microsoft.EntityFrameworkCore.Update.ReaderModificationCommandBatch.ExecuteAsync(IRelationalConnection connection, CancellationToken cancellationToken)
   at Microsoft.EntityFrameworkCore.Update.Internal.BatchExecutor.ExecuteAsync(IEnumerable`1 commandBatches, IRelationalConnection connection, CancellationToken cancellationToken)
   at Microsoft.EntityFrameworkCore.Update.Internal.BatchExecutor.ExecuteAsync(IEnumerable`1 commandBatches, IRelationalConnection connection, CancellationToken cancellationToken)
   at Microsoft.EntityFrameworkCore.Update.Internal.BatchExecutor.ExecuteAsync(IEnumerable`1 commandBatches, IRelationalConnection connection, CancellationToken cancellationToken)
   at Microsoft.EntityFrameworkCore.Storage.RelationalDatabase.SaveChangesAsync(IList`1 entries, CancellationToken cancellationToken)
   at Microsoft.EntityFrameworkCore.ChangeTracking.Internal.StateManager.SaveChangesAsync(IList`1 entriesToSave, CancellationToken cancellationToken)
   at Microsoft.EntityFrameworkCore.ChangeTracking.Internal.StateManager.SaveChangesAsync(StateManager stateManager, Boolean acceptAllChangesOnSuccess, CancellationToken cancellationToken)
   at Microsoft.EntityFrameworkCore.DbContext.SaveChangesAsync(Boolean acceptAllChangesOnSuccess, CancellationToken cancellationToken)
Microsoft.EntityFrameworkCore.DbUpdateException: An error occurred while saving the entity changes. See the inner exception for details.
 ---> Microsoft.Data.Sqlite.SqliteException (0x80004005): SQLite Error 19: 'NOT NULL constraint failed: Ships.Type'.
   at Microsoft.Data.Sqlite.SqliteException.ThrowExceptionForRC(Int32 rc, sqlite3 db)
   at Microsoft.Data.Sqlite.SqliteDataReader.NextResult()
   at Microsoft.Data.Sqlite.SqliteCommand.ExecuteReader(CommandBehavior behavior)
   at Microsoft.Data.Sqlite.SqliteCommand.ExecuteDbDataReaderAsync(CommandBehavior behavior, CancellationToken cancellationToken)
   at Microsoft.EntityFrameworkCore.Storage.RelationalCommand.ExecuteReaderAsync(RelationalCommandParameterObject parameterObject, CancellationToken cancellationToken)
   at Microsoft.EntityFrameworkCore.Storage.RelationalCommand.ExecuteReaderAsync(RelationalCommandParameterObject parameterObject, CancellationToken cancellationToken)
   at Microsoft.EntityFrameworkCore.Update.ReaderModificationCommandBatch.ExecuteAsync(IRelationalConnection connection, CancellationToken cancellationToken)
   --- End of inner exception stack trace ---
   at Microsoft.EntityFrameworkCore.Update.ReaderModificationCommandBatch.ExecuteAsync(IRelationalConnection connection, CancellationToken cancellationToken)
   at Microsoft.EntityFrameworkCore.Update.Internal.BatchExecutor.ExecuteAsync(IEnumerable`1 commandBatches, IRelationalConnection connection, CancellationToken cancellationToken)
   at Microsoft.EntityFrameworkCore.Update.Internal.BatchExecutor.ExecuteAsync(IEnumerable`1 commandBatches, IRelationalConnection connection, CancellationToken cancellationToken)
   at Microsoft.EntityFrameworkCore.Update.Internal.BatchExecutor.ExecuteAsync(IEnumerable`1 commandBatches, IRelationalConnection connection, CancellationToken cancellationToken)
   at Microsoft.EntityFrameworkCore.Storage.RelationalDatabase.SaveChangesAsync(IList`1 entries, CancellationToken cancellationToken)
   at Microsoft.EntityFrameworkCore.ChangeTracking.Internal.StateManager.SaveChangesAsync(IList`1 entriesToSave, CancellationToken cancellationToken)
   at Microsoft.EntityFrameworkCore.ChangeTracking.Internal.StateManager.SaveChangesAsync(StateManager stateManager, Boolean acceptAllChangesOnSuccess, CancellationToken cancellationToken)
   at Microsoft.EntityFrameworkCore.DbContext.SaveChangesAsync(Boolean acceptAllChangesOnSuccess, CancellationToken cancellationToken)
[16:18:37 FTL] Application terminated unexpectedly
Microsoft.EntityFrameworkCore.DbUpdateException: An error occurred while saving the entity changes. See the inner exception for details.
 ---> Microsoft.Data.Sqlite.SqliteException (0x80004005): SQLite Error 19: 'NOT NULL constraint failed: Ships.Type'.
   at Microsoft.Data.Sqlite.SqliteException.ThrowExceptionForRC(Int32 rc, sqlite3 db)
   at Microsoft.Data.Sqlite.SqliteDataReader.NextResult()
   at Microsoft.Data.Sqlite.SqliteCommand.ExecuteReader(CommandBehavior behavior)
   at Microsoft.Data.Sqlite.SqliteCommand.ExecuteDbDataReaderAsync(CommandBehavior behavior, CancellationToken cancellationToken)
   at Microsoft.EntityFrameworkCore.Storage.RelationalCommand.ExecuteReaderAsync(RelationalCommandParameterObject parameterObject, CancellationToken cancellationToken)
   at Microsoft.EntityFrameworkCore.Storage.RelationalCommand.ExecuteReaderAsync(RelationalCommandParameterObject parameterObject, CancellationToken cancellationToken)
   at Microsoft.EntityFrameworkCore.Update.ReaderModificationCommandBatch.ExecuteAsync(IRelationalConnection connection, CancellationToken cancellationToken)
   --- End of inner exception stack trace ---
   at Microsoft.EntityFrameworkCore.Update.ReaderModificationCommandBatch.ExecuteAsync(IRelationalConnection connection, CancellationToken cancellationToken)
   at Microsoft.EntityFrameworkCore.Update.Internal.BatchExecutor.ExecuteAsync(IEnumerable`1 commandBatches, IRelationalConnection connection, CancellationToken cancellationToken)
   at Microsoft.EntityFrameworkCore.Update.Internal.BatchExecutor.ExecuteAsync(IEnumerable`1 commandBatches, IRelationalConnection connection, CancellationToken cancellationToken)
   at Microsoft.EntityFrameworkCore.Update.Internal.BatchExecutor.ExecuteAsync(IEnumerable`1 commandBatches, IRelationalConnection connection, CancellationToken cancellationToken)
   at Microsoft.EntityFrameworkCore.Storage.RelationalDatabase.SaveChangesAsync(IList`1 entries, CancellationToken cancellationToken)
   at Microsoft.EntityFrameworkCore.ChangeTracking.Internal.StateManager.SaveChangesAsync(IList`1 entriesToSave, CancellationToken cancellationToken)
   at Microsoft.EntityFrameworkCore.ChangeTracking.Internal.StateManager.SaveChangesAsync(StateManager stateManager, Boolean acceptAllChangesOnSuccess, CancellationToken cancellationToken)
   at Microsoft.EntityFrameworkCore.DbContext.SaveChangesAsync(Boolean acceptAllChangesOnSuccess, CancellationToken cancellationToken)
   at Microsoft.EntityFrameworkCore.DbContext.SaveChangesAsync(Boolean acceptAllChangesOnSuccess, CancellationToken cancellationToken)
   at FleetMind.Api.Data.FleetMindDbContext.SaveChangesAsync(CancellationToken cancellationToken) in C:\Users\Tamanna\Desktop\entnt\fleetmind-ai\backend\FleetMind.Api\Data\FleetMindDbContext.cs:line 162
   at FleetMind.Api.Data.FleetMindDbContext.SaveChanges() in C:\Users\Tamanna\Desktop\entnt\fleetmind-ai\backend\FleetMind.Api\Data\FleetMindDbContext.cs:line 89
   at FleetMind.Api.IntegrationTests.CustomWebApplicationFactory.<>c.<ConfigureWebHost>b__2_2(IServiceCollection services) in C:\Users\Tamanna\Desktop\entnt\fleetmind-ai\backend\FleetMind.Api.IntegrationTests\CustomWebApplicationFactory.cs:line 125
   at Microsoft.Extensions.Hosting.HostApplicationBuilder.HostBuilderAdapter.ApplyChanges()
   at Microsoft.Extensions.Hosting.HostApplicationBuilder.Build()
   at Microsoft.AspNetCore.Builder.WebApplicationBuilder.Build()
   at Program.<Main>$(String[] args) in C:\Users\Tamanna\Desktop\entnt\fleetmind-ai\backend\FleetMind.Api\Program.cs:line 205
[xUnit.net 00:00:26.24]       Microsoft.EntityFrameworkCore.DbUpdateException : An error occurred while saving the entity changes. See the inner exception for details.
[xUnit.net 00:00:26.24]       ---- Microsoft.Data.Sqlite.SqliteException : SQLite Error 19: 'NOT NULL constraint failed: Ships.Type'.
[xUnit.net 00:00:26.24]       Stack Trace:
[xUnit.net 00:00:26.24]            at Microsoft.EntityFrameworkCore.Update.ReaderModificationCommandBatch.ExecuteAsync(IRelationalConnection connection, CancellationToken cancellationToken)
[xUnit.net 00:00:26.24]            at Microsoft.EntityFrameworkCore.Update.Internal.BatchExecutor.ExecuteAsync(IEnumerable`1 commandBatches, IRelationalConnection connection, CancellationToken cancellationToken)
[xUnit.net 00:00:26.24]            at Microsoft.EntityFrameworkCore.Update.Internal.BatchExecutor.ExecuteAsync(IEnumerable`1 commandBatches, IRelationalConnection connection, CancellationToken cancellationToken)
[xUnit.net 00:00:26.24]            at Microsoft.EntityFrameworkCore.Update.Internal.BatchExecutor.ExecuteAsync(IEnumerable`1 commandBatches, IRelationalConnection connection, CancellationToken cancellationToken)
[xUnit.net 00:00:26.24]            at Microsoft.EntityFrameworkCore.Storage.RelationalDatabase.SaveChangesAsync(IList`1 entries, CancellationToken cancellationToken)
[xUnit.net 00:00:26.24]            at Microsoft.EntityFrameworkCore.ChangeTracking.Internal.StateManager.SaveChangesAsync(IList`1 entriesToSave, CancellationToken cancellationToken)
[xUnit.net 00:00:26.24]            at Microsoft.EntityFrameworkCore.ChangeTracking.Internal.StateManager.SaveChangesAsync(StateManager stateManager, Boolean acceptAllChangesOnSuccess, CancellationToken cancellationToken)
[xUnit.net 00:00:26.24]            at Microsoft.EntityFrameworkCore.DbContext.SaveChangesAsync(Boolean acceptAllChangesOnSuccess, CancellationToken cancellationToken)
[xUnit.net 00:00:26.24]            at Microsoft.EntityFrameworkCore.DbContext.SaveChangesAsync(Boolean acceptAllChangesOnSuccess, CancellationToken cancellationToken)
[xUnit.net 00:00:26.24]         C:\Users\Tamanna\Desktop\entnt\fleetmind-ai\backend\FleetMind.Api\Data\FleetMindDbContext.cs(162,0): at FleetMind.Api.Data.FleetMindDbContext.SaveChangesAsync(CancellationToken cancellationToken)
[xUnit.net 00:00:26.24]         C:\Users\Tamanna\Desktop\entnt\fleetmind-ai\backend\FleetMind.Api\Data\FleetMindDbContext.cs(89,0): at FleetMind.Api.Data.FleetMindDbContext.SaveChanges()
[xUnit.net 00:00:26.24]         C:\Users\Tamanna\Desktop\entnt\fleetmind-ai\backend\FleetMind.Api.IntegrationTests\CustomWebApplicationFactory.cs(125,0): at FleetMind.Api.IntegrationTests.CustomWebApplicationFactory.<>c.<ConfigureWebHost>b__2_2(IServiceCollection services)
[xUnit.net 00:00:26.24]            at Microsoft.Extensions.Hosting.HostApplicationBuilder.HostBuilderAdapter.ApplyChanges()
[xUnit.net 00:00:26.24]            at Microsoft.Extensions.Hosting.HostApplicationBuilder.Build()
[xUnit.net 00:00:26.24]            at Microsoft.AspNetCore.Builder.WebApplicationBuilder.Build()
[xUnit.net 00:00:26.24]         C:\Users\Tamanna\Desktop\entnt\fleetmind-ai\backend\FleetMind.Api\Program.cs(205,0): at Program.<Main>$(String[] args)
[xUnit.net 00:00:26.24]            at Program.<Main>(String[] args)
[xUnit.net 00:00:26.24]            at InvokeStub_Program.<Main>(Object, Span`1)
[xUnit.net 00:00:26.24]            at System.Reflection.MethodBaseInvoker.InvokeWithOneArg(Object obj, BindingFlags invokeAttr, Binder binder, Object[] parameters, CultureInfo culture)
[xUnit.net 00:00:26.24]         --- End of stack trace from previous location ---
[xUnit.net 00:00:26.24]            at Microsoft.Extensions.Hosting.HostFactoryResolver.HostingListener.CreateHost()
[xUnit.net 00:00:26.24]            at Microsoft.Extensions.Hosting.HostFactoryResolver.<>c__DisplayClass10_0.<ResolveHostFactory>b__0(String[] args)
[xUnit.net 00:00:26.24]            at Microsoft.AspNetCore.Mvc.Testing.DeferredHostBuilder.Build()
[xUnit.net 00:00:26.24]            at Microsoft.AspNetCore.Mvc.Testing.WebApplicationFactory`1.CreateHost(IHostBuilder builder)
[xUnit.net 00:00:26.24]            at Microsoft.AspNetCore.Mvc.Testing.WebApplicationFactory`1.ConfigureHostBuilder(IHostBuilder hostBuilder)
[xUnit.net 00:00:26.24]            at Microsoft.AspNetCore.Mvc.Testing.WebApplicationFactory`1.EnsureServer()
[xUnit.net 00:00:26.24]            at Microsoft.AspNetCore.Mvc.Testing.WebApplicationFactory`1.CreateDefaultClient(DelegatingHandler[] handlers)
[xUnit.net 00:00:26.24]            at Microsoft.AspNetCore.Mvc.Testing.WebApplicationFactory`1.CreateDefaultClient(Uri baseAddress, DelegatingHandler[] handlers)
[xUnit.net 00:00:26.24]            at Microsoft.AspNetCore.Mvc.Testing.WebApplicationFactory`1.CreateClient(WebApplicationFactoryClientOptions options)
[xUnit.net 00:00:26.24]            at Microsoft.AspNetCore.Mvc.Testing.WebApplicationFactory`1.CreateClient()
[xUnit.net 00:00:26.24]         C:\Users\Tamanna\Desktop\entnt\fleetmind-ai\backend\FleetMind.Api.IntegrationTests\TestHelpers\AuthenticatedClientHelper.cs(17,0): at FleetMind.Api.IntegrationTests.TestHelpers.AuthenticatedClientHelper.GetAuthenticatedClientAsync(WebApplicationFactory`1 factory, String email, String password)
[xUnit.net 00:00:26.24]         C:\Users\Tamanna\Desktop\entnt\fleetmind-ai\backend\FleetMind.Api.IntegrationTests\Controllers\FleetsControllerIntegrationTests.cs(167,0): at FleetMind.Api.IntegrationTests.Controllers.FleetsControllerIntegrationTests.CreateFleet_AsPlainUser_Returns403Forbidden()
[xUnit.net 00:00:26.24]         --- End of stack trace from previous location ---
[xUnit.net 00:00:26.24]         ----- Inner Stack Trace -----
[xUnit.net 00:00:26.24]            at Microsoft.Data.Sqlite.SqliteException.ThrowExceptionForRC(Int32 rc, sqlite3 db)
[xUnit.net 00:00:26.24]            at Microsoft.Data.Sqlite.SqliteDataReader.NextResult()
[xUnit.net 00:00:26.24]            at Microsoft.Data.Sqlite.SqliteCommand.ExecuteReader(CommandBehavior behavior)
[xUnit.net 00:00:26.24]            at Microsoft.Data.Sqlite.SqliteCommand.ExecuteDbDataReaderAsync(CommandBehavior behavior, CancellationToken cancellationToken)
[xUnit.net 00:00:26.24]            at Microsoft.EntityFrameworkCore.Storage.RelationalCommand.ExecuteReaderAsync(RelationalCommandParameterObject parameterObject, CancellationToken cancellationToken)
[xUnit.net 00:00:26.24]            at Microsoft.EntityFrameworkCore.Storage.RelationalCommand.ExecuteReaderAsync(RelationalCommandParameterObject parameterObject, CancellationToken cancellationToken)
[xUnit.net 00:00:26.24]            at Microsoft.EntityFrameworkCore.Update.ReaderModificationCommandBatch.ExecuteAsync(IRelationalConnection connection, CancellationToken cancellationToken)
  Failed FleetMind.Api.IntegrationTests.Controllers.RoleBasedAccessMatrixTests.RoleBasedAccessMatrix_Endpoint_ReturnsExpectedStatus(email: "admin@test.com", password: "AdminPass123!", role: "Admin", methodStr: "POST", route: "/api/v1/incidents", payload: CreateIncidentDto { Description = "Test", OccurredAt = 2026-07-08T10:48:20.9941568Z, Severity = "Low", ShipId = 00000000-0000-0000-0000-000000000003, Title = "Matrix Incident", ··· }, expectedStatus: Created) [4 s]
  Error Message:
   Microsoft.EntityFrameworkCore.DbUpdateException : An error occurred while saving the entity changes. See the inner exception for details.
---- Microsoft.Data.Sqlite.SqliteException : SQLite Error 19: 'NOT NULL constraint failed: Ships.Type'.
  Stack Trace:
     at Microsoft.EntityFrameworkCore.Update.ReaderModificationCommandBatch.ExecuteAsync(IRelationalConnection connection, CancellationToken cancellationToken)
   at Microsoft.EntityFrameworkCore.Update.Internal.BatchExecutor.ExecuteAsync(IEnumerable`1 commandBatches, IRelationalConnection connection, CancellationToken cancellationToken)
   at Microsoft.EntityFrameworkCore.Update.Internal.BatchExecutor.ExecuteAsync(IEnumerable`1 commandBatches, IRelationalConnection connection, CancellationToken cancellationToken)
   at Microsoft.EntityFrameworkCore.Update.Internal.BatchExecutor.ExecuteAsync(IEnumerable`1 commandBatches, IRelationalConnection connection, CancellationToken cancellationToken)
   at Microsoft.EntityFrameworkCore.Storage.RelationalDatabase.SaveChangesAsync(IList`1 entries, CancellationToken cancellationToken)
   at Microsoft.EntityFrameworkCore.ChangeTracking.Internal.StateManager.SaveChangesAsync(IList`1 entriesToSave, CancellationToken cancellationToken)
   at Microsoft.EntityFrameworkCore.ChangeTracking.Internal.StateManager.SaveChangesAsync(StateManager stateManager, Boolean acceptAllChangesOnSuccess, CancellationToken cancellationToken)
   at Microsoft.EntityFrameworkCore.DbContext.SaveChangesAsync(Boolean acceptAllChangesOnSuccess, CancellationToken cancellationToken)
   at Microsoft.EntityFrameworkCore.DbContext.SaveChangesAsync(Boolean acceptAllChangesOnSuccess, CancellationToken cancellationToken)
   at FleetMind.Api.Data.FleetMindDbContext.SaveChangesAsync(CancellationToken cancellationToken) in C:\Users\Tamanna\Desktop\entnt\fleetmind-ai\backend\FleetMind.Api\Data\FleetMindDbContext.cs:line 162
   at FleetMind.Api.Data.FleetMindDbContext.SaveChanges() in C:\Users\Tamanna\Desktop\entnt\fleetmind-ai\backend\FleetMind.Api\Data\FleetMindDbContext.cs:line 89
   at FleetMind.Api.IntegrationTests.CustomWebApplicationFactory.<>c.<ConfigureWebHost>b__2_2(IServiceCollection services) in C:\Users\Tamanna\Desktop\entnt\fleetmind-ai\backend\FleetMind.Api.IntegrationTests\CustomWebApplicationFactory.cs:line 125
   at Microsoft.Extensions.Hosting.HostApplicationBuilder.HostBuilderAdapter.ApplyChanges()
   at Microsoft.Extensions.Hosting.HostApplicationBuilder.Build()
   at Microsoft.AspNetCore.Builder.WebApplicationBuilder.Build()
   at Program.<Main>$(String[] args) in C:\Users\Tamanna\Desktop\entnt\fleetmind-ai\backend\FleetMind.Api\Program.cs:line 205
   at Program.<Main>(String[] args)
   at InvokeStub_Program.<Main>(Object, Span`1)
   at System.Reflection.MethodBaseInvoker.InvokeWithOneArg(Object obj, BindingFlags invokeAttr, Binder binder, Object[] parameters, CultureInfo culture)
--- End of stack trace from previous location ---
   at Microsoft.Extensions.Hosting.HostFactoryResolver.HostingListener.CreateHost()
   at Microsoft.Extensions.Hosting.HostFactoryResolver.<>c__DisplayClass10_0.<ResolveHostFactory>b__0(String[] args)
   at Microsoft.AspNetCore.Mvc.Testing.DeferredHostBuilder.Build()
   at Microsoft.AspNetCore.Mvc.Testing.WebApplicationFactory`1.CreateHost(IHostBuilder builder)
   at Microsoft.AspNetCore.Mvc.Testing.WebApplicationFactory`1.ConfigureHostBuilder(IHostBuilder hostBuilder)
   at Microsoft.AspNetCore.Mvc.Testing.WebApplicationFactory`1.EnsureServer()
   at Microsoft.AspNetCore.Mvc.Testing.WebApplicationFactory`1.CreateDefaultClient(DelegatingHandler[] handlers)
   at Microsoft.AspNetCore.Mvc.Testing.WebApplicationFactory`1.CreateDefaultClient(Uri baseAddress, DelegatingHandler[] handlers)
   at Microsoft.AspNetCore.Mvc.Testing.WebApplicationFactory`1.CreateClient(WebApplicationFactoryClientOptions options)
   at Microsoft.AspNetCore.Mvc.Testing.WebApplicationFactory`1.CreateClient()
   at FleetMind.Api.IntegrationTests.TestHelpers.AuthenticatedClientHelper.GetAuthenticatedClientAsync(WebApplicationFactory`1 factory, String email, String password) in C:\Users\Tamanna\Desktop\entnt\fleetmind-ai\backend\FleetMind.Api.IntegrationTests\TestHelpers\AuthenticatedClientHelper.cs:line 17
   at FleetMind.Api.IntegrationTests.Controllers.RoleBasedAccessMatrixTests.RoleBasedAccessMatrix_Endpoint_ReturnsExpectedStatus(String email, String password, String role, String methodStr, String route, Object payload, HttpStatusCode expectedStatus) in C:\Users\Tamanna\Desktop\entnt\fleetmind-ai\backend\FleetMind.Api.IntegrationTests\Controllers\RoleBasedAccessMatrixTests.cs:line 87
--- End of stack trace from previous location ---
----- Inner Stack Trace -----
   at Microsoft.Data.Sqlite.SqliteException.ThrowExceptionForRC(Int32 rc, sqlite3 db)
   at Microsoft.Data.Sqlite.SqliteDataReader.NextResult()
   at Microsoft.Data.Sqlite.SqliteCommand.ExecuteReader(CommandBehavior behavior)
   at Microsoft.Data.Sqlite.SqliteCommand.ExecuteDbDataReaderAsync(CommandBehavior behavior, CancellationToken cancellationToken)
   at Microsoft.EntityFrameworkCore.Storage.RelationalCommand.ExecuteReaderAsync(RelationalCommandParameterObject parameterObject, CancellationToken cancellationToken)
   at Microsoft.EntityFrameworkCore.Storage.RelationalCommand.ExecuteReaderAsync(RelationalCommandParameterObject parameterObject, CancellationToken cancellationToken)
   at Microsoft.EntityFrameworkCore.Update.ReaderModificationCommandBatch.ExecuteAsync(IRelationalConnection connection, CancellationToken cancellationToken)
  Failed FleetMind.Api.IntegrationTests.Controllers.FleetsControllerIntegrationTests.CreateFleet_AsPlainUser_Returns403Forbidden [4 s]
  Error Message:
   Microsoft.EntityFrameworkCore.DbUpdateException : An error occurred while saving the entity changes. See the inner exception for details.
---- Microsoft.Data.Sqlite.SqliteException : SQLite Error 19: 'NOT NULL constraint failed: Ships.Type'.
  Stack Trace:
     at Microsoft.EntityFrameworkCore.Update.ReaderModificationCommandBatch.ExecuteAsync(IRelationalConnection connection, CancellationToken cancellationToken)
   at Microsoft.EntityFrameworkCore.Update.Internal.BatchExecutor.ExecuteAsync(IEnumerable`1 commandBatches, IRelationalConnection connection, CancellationToken cancellationToken)
   at Microsoft.EntityFrameworkCore.Update.Internal.BatchExecutor.ExecuteAsync(IEnumerable`1 commandBatches, IRelationalConnection connection, CancellationToken cancellationToken)
   at Microsoft.EntityFrameworkCore.Update.Internal.BatchExecutor.ExecuteAsync(IEnumerable`1 commandBatches, IRelationalConnection connection, CancellationToken cancellationToken)
   at Microsoft.EntityFrameworkCore.Storage.RelationalDatabase.SaveChangesAsync(IList`1 entries, CancellationToken cancellationToken)
   at Microsoft.EntityFrameworkCore.ChangeTracking.Internal.StateManager.SaveChangesAsync(IList`1 entriesToSave, CancellationToken cancellationToken)
   at Microsoft.EntityFrameworkCore.ChangeTracking.Internal.StateManager.SaveChangesAsync(StateManager stateManager, Boolean acceptAllChangesOnSuccess, CancellationToken cancellationToken)
   at Microsoft.EntityFrameworkCore.DbContext.SaveChangesAsync(Boolean acceptAllChangesOnSuccess, CancellationToken cancellationToken)
   at Microsoft.EntityFrameworkCore.DbContext.SaveChangesAsync(Boolean acceptAllChangesOnSuccess, CancellationToken cancellationToken)
   at FleetMind.Api.Data.FleetMindDbContext.SaveChangesAsync(CancellationToken cancellationToken) in C:\Users\Tamanna\Desktop\entnt\fleetmind-ai\backend\FleetMind.Api\Data\FleetMindDbContext.cs:line 162
   at FleetMind.Api.Data.FleetMindDbContext.SaveChanges() in C:\Users\Tamanna\Desktop\entnt\fleetmind-ai\backend\FleetMind.Api\Data\FleetMindDbContext.cs:line 89
   at FleetMind.Api.IntegrationTests.CustomWebApplicationFactory.<>c.<ConfigureWebHost>b__2_2(IServiceCollection services) in C:\Users\Tamanna\Desktop\entnt\fleetmind-ai\backend\FleetMind.Api.IntegrationTests\CustomWebApplicationFactory.cs:line 125
   at Microsoft.Extensions.Hosting.HostApplicationBuilder.HostBuilderAdapter.ApplyChanges()
   at Microsoft.Extensions.Hosting.HostApplicationBuilder.Build()
   at Microsoft.AspNetCore.Builder.WebApplicationBuilder.Build()
   at Program.<Main>$(String[] args) in C:\Users\Tamanna\Desktop\entnt\fleetmind-ai\backend\FleetMind.Api\Program.cs:line 205
   at Program.<Main>(String[] args)
   at InvokeStub_Program.<Main>(Object, Span`1)
   at System.Reflection.MethodBaseInvoker.InvokeWithOneArg(Object obj, BindingFlags invokeAttr, Binder binder, Object[] parameters, CultureInfo culture)
--- End of stack trace from previous location ---
   at Microsoft.Extensions.Hosting.HostFactoryResolver.HostingListener.CreateHost()
   at Microsoft.Extensions.Hosting.HostFactoryResolver.<>c__DisplayClass10_0.<ResolveHostFactory>b__0(String[] args)
   at Microsoft.AspNetCore.Mvc.Testing.DeferredHostBuilder.Build()
   at Microsoft.AspNetCore.Mvc.Testing.WebApplicationFactory`1.CreateHost(IHostBuilder builder)
   at Microsoft.AspNetCore.Mvc.Testing.WebApplicationFactory`1.ConfigureHostBuilder(IHostBuilder hostBuilder)
   at Microsoft.AspNetCore.Mvc.Testing.WebApplicationFactory`1.EnsureServer()
   at Microsoft.AspNetCore.Mvc.Testing.WebApplicationFactory`1.CreateDefaultClient(DelegatingHandler[] handlers)
   at Microsoft.AspNetCore.Mvc.Testing.WebApplicationFactory`1.CreateDefaultClient(Uri baseAddress, DelegatingHandler[] handlers)
   at Microsoft.AspNetCore.Mvc.Testing.WebApplicationFactory`1.CreateClient(WebApplicationFactoryClientOptions options)
   at Microsoft.AspNetCore.Mvc.Testing.WebApplicationFactory`1.CreateClient()
   at FleetMind.Api.IntegrationTests.TestHelpers.AuthenticatedClientHelper.GetAuthenticatedClientAsync(WebApplicationFactory`1 factory, String email, String password) in C:\Users\Tamanna\Desktop\entnt\fleetmind-ai\backend\FleetMind.Api.IntegrationTests\TestHelpers\AuthenticatedClientHelper.cs:line 17
   at FleetMind.Api.IntegrationTests.Controllers.FleetsControllerIntegrationTests.CreateFleet_AsPlainUser_Returns403Forbidden() in C:\Users\Tamanna\Desktop\entnt\fleetmind-ai\backend\FleetMind.Api.IntegrationTests\Controllers\FleetsControllerIntegrationTests.cs:line 167
--- End of stack trace from previous location ---
----- Inner Stack Trace -----
   at Microsoft.Data.Sqlite.SqliteException.ThrowExceptionForRC(Int32 rc, sqlite3 db)
   at Microsoft.Data.Sqlite.SqliteDataReader.NextResult()
   at Microsoft.Data.Sqlite.SqliteCommand.ExecuteReader(CommandBehavior behavior)
   at Microsoft.Data.Sqlite.SqliteCommand.ExecuteDbDataReaderAsync(CommandBehavior behavior, CancellationToken cancellationToken)
   at Microsoft.EntityFrameworkCore.Storage.RelationalCommand.ExecuteReaderAsync(RelationalCommandParameterObject parameterObject, CancellationToken cancellationToken)
   at Microsoft.EntityFrameworkCore.Storage.RelationalCommand.ExecuteReaderAsync(RelationalCommandParameterObject parameterObject, CancellationToken cancellationToken)
   at Microsoft.EntityFrameworkCore.Update.ReaderModificationCommandBatch.ExecuteAsync(IRelationalConnection connection, CancellationToken cancellationToken)
[16:18:40 ERR] Failed executing DbCommand (0ms) [Parameters=[@p0='?' (DbType = Guid), @p1='?' (DbType = DateTime), @p2='?', @p3='?' (DbType = Guid), @p4='?' (DbType = Decimal), @p5='?' (Size = 7), @p6='?' (DbType = Boolean), @p7='?' (Size = 9), @p8='?' (DbType = Guid), @p9='?' (Size = 6), @p10='?', @p11='?' (DbType = DateTime), @p12='?' (DbType = Int32)], CommandType='Text', CommandTimeout='30']
INSERT INTO "Ships" ("Id", "CreatedAt", "Flag", "FleetId", "GrossTonnage", "IMO", "IsDeleted", "Name", "PrimaryPhotoAttachmentId", "Status", "Type", "UpdatedAt", "YearBuilt")
VALUES (@p0, @p1, @p2, @p3, @p4, @p5, @p6, @p7, @p8, @p9, @p10, @p11, @p12);
[16:18:40 ERR] An exception occurred in the database while saving changes for context type 'FleetMind.Api.Data.FleetMindDbContext'.
Microsoft.EntityFrameworkCore.DbUpdateException: An error occurred while saving the entity changes. See the inner exception for details.
 ---> Microsoft.Data.Sqlite.SqliteException (0x80004005): SQLite Error 19: 'NOT NULL constraint failed: Ships.Type'.
   at Microsoft.Data.Sqlite.SqliteException.ThrowExceptionForRC(Int32 rc, sqlite3 db)
   at Microsoft.Data.Sqlite.SqliteDataReader.NextResult()
   at Microsoft.Data.Sqlite.SqliteCommand.ExecuteReader(CommandBehavior behavior)
   at Microsoft.Data.Sqlite.SqliteCommand.ExecuteDbDataReaderAsync(CommandBehavior behavior, CancellationToken cancellationToken)
   at Microsoft.EntityFrameworkCore.Storage.RelationalCommand.ExecuteReaderAsync(RelationalCommandParameterObject parameterObject, CancellationToken cancellationToken)
   at Microsoft.EntityFrameworkCore.Storage.RelationalCommand.ExecuteReaderAsync(RelationalCommandParameterObject parameterObject, CancellationToken cancellationToken)
   at Microsoft.EntityFrameworkCore.Update.ReaderModificationCommandBatch.ExecuteAsync(IRelationalConnection connection, CancellationToken cancellationToken)
   --- End of inner exception stack trace ---
   at Microsoft.EntityFrameworkCore.Update.ReaderModificationCommandBatch.ExecuteAsync(IRelationalConnection connection, CancellationToken cancellationToken)
   at Microsoft.EntityFrameworkCore.Update.Internal.BatchExecutor.ExecuteAsync(IEnumerable`1 commandBatches, IRelationalConnection connection, CancellationToken cancellationToken)
   at Microsoft.EntityFrameworkCore.Update.Internal.BatchExecutor.ExecuteAsync(IEnumerable`1 commandBatches, IRelationalConnection connection, CancellationToken cancellationToken)
   at Microsoft.EntityFrameworkCore.Update.Internal.BatchExecutor.ExecuteAsync(IEnumerable`1 commandBatches, IRelationalConnection connection, CancellationToken cancellationToken)
   at Microsoft.EntityFrameworkCore.Storage.RelationalDatabase.SaveChangesAsync(IList`1 entries, CancellationToken cancellationToken)
   at Microsoft.EntityFrameworkCore.ChangeTracking.Internal.StateManager.SaveChangesAsync(IList`1 entriesToSave, CancellationToken cancellationToken)
   at Microsoft.EntityFrameworkCore.ChangeTracking.Internal.StateManager.SaveChangesAsync(StateManager stateManager, Boolean acceptAllChangesOnSuccess, CancellationToken cancellationToken)
   at Microsoft.EntityFrameworkCore.DbContext.SaveChangesAsync(Boolean acceptAllChangesOnSuccess, CancellationToken cancellationToken)
Microsoft.EntityFrameworkCore.DbUpdateException: An error occurred while saving the entity changes. See the inner exception for details.
 ---> Microsoft.Data.Sqlite.SqliteException (0x80004005): SQLite Error 19: 'NOT NULL constraint failed: Ships.Type'.
   at Microsoft.Data.Sqlite.SqliteException.ThrowExceptionForRC(Int32 rc, sqlite3 db)
   at Microsoft.Data.Sqlite.SqliteDataReader.NextResult()
   at Microsoft.Data.Sqlite.SqliteCommand.ExecuteReader(CommandBehavior behavior)
   at Microsoft.Data.Sqlite.SqliteCommand.ExecuteDbDataReaderAsync(CommandBehavior behavior, CancellationToken cancellationToken)
   at Microsoft.EntityFrameworkCore.Storage.RelationalCommand.ExecuteReaderAsync(RelationalCommandParameterObject parameterObject, CancellationToken cancellationToken)
   at Microsoft.EntityFrameworkCore.Storage.RelationalCommand.ExecuteReaderAsync(RelationalCommandParameterObject parameterObject, CancellationToken cancellationToken)
   at Microsoft.EntityFrameworkCore.Update.ReaderModificationCommandBatch.ExecuteAsync(IRelationalConnection connection, CancellationToken cancellationToken)
   --- End of inner exception stack trace ---
   at Microsoft.EntityFrameworkCore.Update.ReaderModificationCommandBatch.ExecuteAsync(IRelationalConnection connection, CancellationToken cancellationToken)
   at Microsoft.EntityFrameworkCore.Update.Internal.BatchExecutor.ExecuteAsync(IEnumerable`1 commandBatches, IRelationalConnection connection, CancellationToken cancellationToken)
   at Microsoft.EntityFrameworkCore.Update.Internal.BatchExecutor.ExecuteAsync(IEnumerable`1 commandBatches, IRelationalConnection connection, CancellationToken cancellationToken)
   at Microsoft.EntityFrameworkCore.Update.Internal.BatchExecutor.ExecuteAsync(IEnumerable`1 commandBatches, IRelationalConnection connection, CancellationToken cancellationToken)
   at Microsoft.EntityFrameworkCore.Storage.RelationalDatabase.SaveChangesAsync(IList`1 entries, CancellationToken cancellationToken)
   at Microsoft.EntityFrameworkCore.ChangeTracking.Internal.StateManager.SaveChangesAsync(IList`1 entriesToSave, CancellationToken cancellationToken)
   at Microsoft.EntityFrameworkCore.ChangeTracking.Internal.StateManager.SaveChangesAsync(StateManager stateManager, Boolean acceptAllChangesOnSuccess, CancellationToken cancellationToken)
   at Microsoft.EntityFrameworkCore.DbContext.SaveChangesAsync(Boolean acceptAllChangesOnSuccess, CancellationToken cancellationToken)
[xUnit.net 00:00:29.34]       Microsoft.EntityFrameworkCore.DbUpdateException : An error occurred while saving the entity changes. See the inner exception for details.
[xUnit.net 00:00:29.34]       ---- Microsoft.Data.Sqlite.SqliteException : SQLite Error 19: 'NOT NULL constraint failed: Ships.Type'.
[xUnit.net 00:00:29.35]       Stack Trace:
[xUnit.net 00:00:29.35]            at Microsoft.EntityFrameworkCore.Update.ReaderModificationCommandBatch.ExecuteAsync(IRelationalConnection connection, CancellationToken cancellationToken)
[xUnit.net 00:00:29.35]            at Microsoft.EntityFrameworkCore.Update.Internal.BatchExecutor.ExecuteAsync(IEnumerable`1 commandBatches, IRelationalConnection connection, CancellationToken cancellationToken)
[xUnit.net 00:00:29.35]            at Microsoft.EntityFrameworkCore.Update.Internal.BatchExecutor.ExecuteAsync(IEnumerable`1 commandBatches, IRelationalConnection connection, CancellationToken cancellationToken)
[xUnit.net 00:00:29.35]            at Microsoft.EntityFrameworkCore.Update.Internal.BatchExecutor.ExecuteAsync(IEnumerable`1 commandBatches, IRelationalConnection connection, CancellationToken cancellationToken)
[xUnit.net 00:00:29.35]            at Microsoft.EntityFrameworkCore.Storage.RelationalDatabase.SaveChangesAsync(IList`1 entries, CancellationToken cancellationToken)
[xUnit.net 00:00:29.35]            at Microsoft.EntityFrameworkCore.ChangeTracking.Internal.StateManager.SaveChangesAsync(IList`1 entriesToSave, CancellationToken cancellationToken)
[xUnit.net 00:00:29.35]            at Microsoft.EntityFrameworkCore.ChangeTracking.Internal.StateManager.SaveChangesAsync(StateManager stateManager, Boolean acceptAllChangesOnSuccess, CancellationToken cancellationToken)
[xUnit.net 00:00:29.35]            at Microsoft.EntityFrameworkCore.DbContext.SaveChangesAsync(Boolean acceptAllChangesOnSuccess, CancellationToken cancellationToken)
[xUnit.net 00:00:29.35]            at Microsoft.EntityFrameworkCore.DbContext.SaveChangesAsync(Boolean acceptAllChangesOnSuccess, CancellationToken cancellationToken)
[xUnit.net 00:00:29.35]         C:\Users\Tamanna\Desktop\entnt\fleetmind-ai\backend\FleetMind.Api\Data\FleetMindDbContext.cs(162,0): at FleetMind.Api.Data.FleetMindDbContext.SaveChangesAsync(CancellationToken cancellationToken)
[xUnit.net 00:00:29.35]         C:\Users\Tamanna\Desktop\entnt\fleetmind-ai\backend\FleetMind.Api\Data\FleetMindDbContext.cs(89,0): at FleetMind.Api.Data.FleetMindDbContext.SaveChanges()
[xUnit.net 00:00:29.35]         C:\Users\Tamanna\Desktop\entnt\fleetmind-ai\backend\FleetMind.Api.IntegrationTests\CustomWebApplicationFactory.cs(125,0): at FleetMind.Api.IntegrationTests.CustomWebApplicationFactory.<>c.<ConfigureWebHost>b__2_2(IServiceCollection services)
[xUnit.net 00:00:29.35]            at Microsoft.Extensions.Hosting.HostApplicationBuilder.HostBuilderAdapter.ApplyChanges()
[xUnit.net 00:00:29.35]            at Microsoft.Extensions.Hosting.HostApplicationBuilder.Build()
[xUnit.net 00:00:29.35]            at Microsoft.AspNetCore.Builder.WebApplicationBuilder.Build()
[xUnit.net 00:00:29.35]         C:\Users\Tamanna\Desktop\entnt\fleetmind-ai\backend\FleetMind.Api\Program.cs(205,0): at Program.<Main>$(String[] args)
[xUnit.net 00:00:29.35]            at Program.<Main>(String[] args)
[xUnit.net 00:00:29.35]            at InvokeStub_Program.<Main>(Object, Span`1)
[xUnit.net 00:00:29.35]            at System.Reflection.MethodBaseInvoker.InvokeWithOneArg(Object obj, BindingFlags invokeAttr, Binder binder, Object[] parameters, CultureInfo culture)
[xUnit.net 00:00:29.35]         --- End of stack trace from previous location ---
[xUnit.net 00:00:29.35]            at Microsoft.Extensions.Hosting.HostFactoryResolver.HostingListener.CreateHost()
[xUnit.net 00:00:29.35]            at Microsoft.Extensions.Hosting.HostFactoryResolver.<>c__DisplayClass10_0.<ResolveHostFactory>b__0(String[] args)
[xUnit.net 00:00:29.35]            at Microsoft.AspNetCore.Mvc.Testing.DeferredHostBuilder.Build()
[xUnit.net 00:00:29.35]            at Microsoft.AspNetCore.Mvc.Testing.WebApplicationFactory`1.CreateHost(IHostBuilder builder)
[xUnit.net 00:00:29.35]            at Microsoft.AspNetCore.Mvc.Testing.WebApplicationFactory`1.ConfigureHostBuilder(IHostBuilder hostBuilder)
[xUnit.net 00:00:29.35]            at Microsoft.AspNetCore.Mvc.Testing.WebApplicationFactory`1.EnsureServer()
[xUnit.net 00:00:29.35]            at Microsoft.AspNetCore.Mvc.Testing.WebApplicationFactory`1.CreateDefaultClient(DelegatingHandler[] handlers)
[xUnit.net 00:00:29.35]            at Microsoft.AspNetCore.Mvc.Testing.WebApplicationFactory`1.CreateDefaultClient(Uri baseAddress, DelegatingHandler[] handlers)
[xUnit.net 00:00:29.35]            at Microsoft.AspNetCore.Mvc.Testing.WebApplicationFactory`1.CreateClient(WebApplicationFactoryClientOptions options)
[xUnit.net 00:00:29.35]            at Microsoft.AspNetCore.Mvc.Testing.WebApplicationFactory`1.CreateClient()
[xUnit.net 00:00:29.35]         C:\Users\Tamanna\Desktop\entnt\fleetmind-ai\backend\FleetMind.Api.IntegrationTests\TestHelpers\AuthenticatedClientHelper.cs(17,0): at FleetMind.Api.IntegrationTests.TestHelpers.AuthenticatedClientHelper.GetAuthenticatedClientAsync(WebApplicationFactory`1 factory, String email, String password)
[xUnit.net 00:00:29.35]         C:\Users\Tamanna\Desktop\entnt\fleetmind-ai\backend\FleetMind.Api.IntegrationTests\Controllers\RoleBasedAccessMatrixTests.cs(87,0): at FleetMind.Api.IntegrationTests.Controllers.RoleBasedAccessMatrixTests.RoleBasedAccessMatrix_Endpoint_ReturnsExpectedStatus(String email, String password, String role, String methodStr, String route, Object payload, HttpStatusCode expectedStatus)
[xUnit.net 00:00:29.35]         --- End of stack trace from previous location ---
[xUnit.net 00:00:29.35]         ----- Inner Stack Trace -----
[xUnit.net 00:00:29.35]            at Microsoft.Data.Sqlite.SqliteException.ThrowExceptionForRC(Int32 rc, sqlite3 db)
[xUnit.net 00:00:29.35]            at Microsoft.Data.Sqlite.SqliteDataReader.NextResult()
[xUnit.net 00:00:29.35]            at Microsoft.Data.Sqlite.SqliteCommand.ExecuteReader(CommandBehavior behavior)
[xUnit.net 00:00:29.35]            at Microsoft.Data.Sqlite.SqliteCommand.ExecuteDbDataReaderAsync(CommandBehavior behavior, CancellationToken cancellationToken)
[xUnit.net 00:00:29.35]            at Microsoft.EntityFrameworkCore.Storage.RelationalCommand.ExecuteReaderAsync(RelationalCommandParameterObject parameterObject, CancellationToken cancellationToken)
[xUnit.net 00:00:29.35]            at Microsoft.EntityFrameworkCore.Storage.RelationalCommand.ExecuteReaderAsync(RelationalCommandParameterObject parameterObject, CancellationToken cancellationToken)
[xUnit.net 00:00:29.35]            at Microsoft.EntityFrameworkCore.Update.ReaderModificationCommandBatch.ExecuteAsync(IRelationalConnection connection, CancellationToken cancellationToken)
  Failed FleetMind.Api.IntegrationTests.Controllers.RoleBasedAccessMatrixTests.RoleBasedAccessMatrix_Endpoint_ReturnsExpectedStatus(email: "fleetmanager@test.com", password: "FleetManagerPass123!", role: "FleetManager", methodStr: "POST", route: "/api/v1/fleets", payload: CreateFleetDto { Description = null, HomePortId = 00000000-0000-0000-0000-000000000001, Name = "Matrix Fleet", Status = "Active" }, expectedStatus: Created) [3 s]
  Error Message:
   Microsoft.EntityFrameworkCore.DbUpdateException : An error occurred while saving the entity changes. See the inner exception for details.
---- Microsoft.Data.Sqlite.SqliteException : SQLite Error 19: 'NOT NULL constraint failed: Ships.Type'.
  Stack Trace:
     at Microsoft.EntityFrameworkCore.Update.ReaderModificationCommandBatch.ExecuteAsync(IRelationalConnection connection, CancellationToken cancellationToken)
   at Microsoft.EntityFrameworkCore.Update.Internal.BatchExecutor.ExecuteAsync(IEnumerable`1 commandBatches, IRelationalConnection connection, CancellationToken cancellationToken)
   at Microsoft.EntityFrameworkCore.Update.Internal.BatchExecutor.ExecuteAsync(IEnumerable`1 commandBatches, IRelationalConnection connection, CancellationToken cancellationToken)
   at Microsoft.EntityFrameworkCore.Update.Internal.BatchExecutor.ExecuteAsync(IEnumerable`1 commandBatches, IRelationalConnection connection, CancellationToken cancellationToken)
   at Microsoft.EntityFrameworkCore.Storage.RelationalDatabase.SaveChangesAsync(IList`1 entries, CancellationToken cancellationToken)
   at Microsoft.EntityFrameworkCore.ChangeTracking.Internal.StateManager.SaveChangesAsync(IList`1 entriesToSave, CancellationToken cancellationToken)
   at Microsoft.EntityFrameworkCore.ChangeTracking.Internal.StateManager.SaveChangesAsync(StateManager stateManager, Boolean acceptAllChangesOnSuccess, CancellationToken cancellationToken)
   at Microsoft.EntityFrameworkCore.DbContext.SaveChangesAsync(Boolean acceptAllChangesOnSuccess, CancellationToken cancellationToken)
   at Microsoft.EntityFrameworkCore.DbContext.SaveChangesAsync(Boolean acceptAllChangesOnSuccess, CancellationToken cancellationToken)
   at FleetMind.Api.Data.FleetMindDbContext.SaveChangesAsync(CancellationToken cancellationToken) in C:\Users\Tamanna\Desktop\entnt\fleetmind-ai\backend\FleetMind.Api\Data\FleetMindDbContext.cs:line 162
   at FleetMind.Api.Data.FleetMindDbContext.SaveChanges() in C:\Users\Tamanna\Desktop\entnt\fleetmind-ai\backend\FleetMind.Api\Data\FleetMindDbContext.cs:line 89
   at FleetMind.Api.IntegrationTests.CustomWebApplicationFactory.<>c.<ConfigureWebHost>b__2_2(IServiceCollection services) in C:\Users\Tamanna\Desktop\entnt\fleetmind-ai\backend\FleetMind.Api.IntegrationTests\CustomWebApplicationFactory.cs:line 125
   at Microsoft.Extensions.Hosting.HostApplicationBuilder.HostBuilderAdapter.ApplyChanges()
   at Microsoft.Extensions.Hosting.HostApplicationBuilder.Build()
   at Microsoft.AspNetCore.Builder.WebApplicationBuilder.Build()
   at Program.<Main>$(String[] args) in C:\Users\Tamanna\Desktop\entnt\fleetmind-ai\backend\FleetMind.Api\Program.cs:line 205
   at Program.<Main>(String[] args)
   at InvokeStub_Program.<Main>(Object, Span`1)
   at System.Reflection.MethodBaseInvoker.InvokeWithOneArg(Object obj, BindingFlags invokeAttr, Binder binder, Object[] parameters, CultureInfo culture)
--- End of stack trace from previous location ---
   at Microsoft.Extensions.Hosting.HostFactoryResolver.HostingListener.CreateHost()
   at Microsoft.Extensions.Hosting.HostFactoryResolver.<>c__DisplayClass10_0.<ResolveHostFactory>b__0(String[] args)
   at Microsoft.AspNetCore.Mvc.Testing.DeferredHostBuilder.Build()
   at Microsoft.AspNetCore.Mvc.Testing.WebApplicationFactory`1.CreateHost(IHostBuilder builder)
   at Microsoft.AspNetCore.Mvc.Testing.WebApplicationFactory`1.ConfigureHostBuilder(IHostBuilder hostBuilder)
   at Microsoft.AspNetCore.Mvc.Testing.WebApplicationFactory`1.EnsureServer()
   at Microsoft.AspNetCore.Mvc.Testing.WebApplicationFactory`1.CreateDefaultClient(DelegatingHandler[] handlers)
   at Microsoft.AspNetCore.Mvc.Testing.WebApplicationFactory`1.CreateDefaultClient(Uri baseAddress, DelegatingHandler[] handlers)
   at Microsoft.AspNetCore.Mvc.Testing.WebApplicationFactory`1.CreateClient(WebApplicationFactoryClientOptions options)
   at Microsoft.AspNetCore.Mvc.Testing.WebApplicationFactory`1.CreateClient()
   at FleetMind.Api.IntegrationTests.TestHelpers.AuthenticatedClientHelper.GetAuthenticatedClientAsync(WebApplicationFactory`1 factory, String email, String password) in C:\Users\Tamanna\Desktop\entnt\fleetmind-ai\backend\FleetMind.Api.IntegrationTests\TestHelpers\AuthenticatedClientHelper.cs:line 17
   at FleetMind.Api.IntegrationTests.Controllers.RoleBasedAccessMatrixTests.RoleBasedAccessMatrix_Endpoint_ReturnsExpectedStatus(String email, String password, String role, String methodStr, String route, Object payload, HttpStatusCode expectedStatus) in C:\Users\Tamanna\Desktop\entnt\fleetmind-ai\backend\FleetMind.Api.IntegrationTests\Controllers\RoleBasedAccessMatrixTests.cs:line 87
--- End of stack trace from previous location ---
----- Inner Stack Trace -----
   at Microsoft.Data.Sqlite.SqliteException.ThrowExceptionForRC(Int32 rc, sqlite3 db)
   at Microsoft.Data.Sqlite.SqliteDataReader.NextResult()
   at Microsoft.Data.Sqlite.SqliteCommand.ExecuteReader(CommandBehavior behavior)
   at Microsoft.Data.Sqlite.SqliteCommand.ExecuteDbDataReaderAsync(CommandBehavior behavior, CancellationToken cancellationToken)
   at Microsoft.EntityFrameworkCore.Storage.RelationalCommand.ExecuteReaderAsync(RelationalCommandParameterObject parameterObject, CancellationToken cancellationToken)
   at Microsoft.EntityFrameworkCore.Storage.RelationalCommand.ExecuteReaderAsync(RelationalCommandParameterObject parameterObject, CancellationToken cancellationToken)
   at Microsoft.EntityFrameworkCore.Update.ReaderModificationCommandBatch.ExecuteAsync(IRelationalConnection connection, CancellationToken cancellationToken)
[16:18:44 ERR] Failed executing DbCommand (0ms) [Parameters=[@p0='?' (DbType = Guid), @p1='?' (DbType = DateTime), @p2='?', @p3='?' (DbType = Guid), @p4='?' (DbType = Decimal), @p5='?' (Size = 7), @p6='?' (DbType = Boolean), @p7='?' (Size = 9), @p8='?' (DbType = Guid), @p9='?' (Size = 6), @p10='?', @p11='?' (DbType = DateTime), @p12='?' (DbType = Int32)], CommandType='Text', CommandTimeout='30']
INSERT INTO "Ships" ("Id", "CreatedAt", "Flag", "FleetId", "GrossTonnage", "IMO", "IsDeleted", "Name", "PrimaryPhotoAttachmentId", "Status", "Type", "UpdatedAt", "YearBuilt")
VALUES (@p0, @p1, @p2, @p3, @p4, @p5, @p6, @p7, @p8, @p9, @p10, @p11, @p12);
[16:18:44 ERR] An exception occurred in the database while saving changes for context type 'FleetMind.Api.Data.FleetMindDbContext'.
Microsoft.EntityFrameworkCore.DbUpdateException: An error occurred while saving the entity changes. See the inner exception for details.
 ---> Microsoft.Data.Sqlite.SqliteException (0x80004005): SQLite Error 19: 'NOT NULL constraint failed: Ships.Type'.
   at Microsoft.Data.Sqlite.SqliteException.ThrowExceptionForRC(Int32 rc, sqlite3 db)
   at Microsoft.Data.Sqlite.SqliteDataReader.NextResult()
   at Microsoft.Data.Sqlite.SqliteCommand.ExecuteReader(CommandBehavior behavior)
   at Microsoft.Data.Sqlite.SqliteCommand.ExecuteDbDataReaderAsync(CommandBehavior behavior, CancellationToken cancellationToken)
   at Microsoft.EntityFrameworkCore.Storage.RelationalCommand.ExecuteReaderAsync(RelationalCommandParameterObject parameterObject, CancellationToken cancellationToken)
   at Microsoft.EntityFrameworkCore.Storage.RelationalCommand.ExecuteReaderAsync(RelationalCommandParameterObject parameterObject, CancellationToken cancellationToken)
   at Microsoft.EntityFrameworkCore.Update.ReaderModificationCommandBatch.ExecuteAsync(IRelationalConnection connection, CancellationToken cancellationToken)
   --- End of inner exception stack trace ---
   at Microsoft.EntityFrameworkCore.Update.ReaderModificationCommandBatch.ExecuteAsync(IRelationalConnection connection, CancellationToken cancellationToken)
   at Microsoft.EntityFrameworkCore.Update.Internal.BatchExecutor.ExecuteAsync(IEnumerable`1 commandBatches, IRelationalConnection connection, CancellationToken cancellationToken)
   at Microsoft.EntityFrameworkCore.Update.Internal.BatchExecutor.ExecuteAsync(IEnumerable`1 commandBatches, IRelationalConnection connection, CancellationToken cancellationToken)
   at Microsoft.EntityFrameworkCore.Update.Internal.BatchExecutor.ExecuteAsync(IEnumerable`1 commandBatches, IRelationalConnection connection, CancellationToken cancellationToken)
   at Microsoft.EntityFrameworkCore.Storage.RelationalDatabase.SaveChangesAsync(IList`1 entries, CancellationToken cancellationToken)
   at Microsoft.EntityFrameworkCore.ChangeTracking.Internal.StateManager.SaveChangesAsync(IList`1 entriesToSave, CancellationToken cancellationToken)
   at Microsoft.EntityFrameworkCore.ChangeTracking.Internal.StateManager.SaveChangesAsync(StateManager stateManager, Boolean acceptAllChangesOnSuccess, CancellationToken cancellationToken)
   at Microsoft.EntityFrameworkCore.DbContext.SaveChangesAsync(Boolean acceptAllChangesOnSuccess, CancellationToken cancellationToken)
Microsoft.EntityFrameworkCore.DbUpdateException: An error occurred while saving the entity changes. See the inner exception for details.
 ---> Microsoft.Data.Sqlite.SqliteException (0x80004005): SQLite Error 19: 'NOT NULL constraint failed: Ships.Type'.
   at Microsoft.Data.Sqlite.SqliteException.ThrowExceptionForRC(Int32 rc, sqlite3 db)
   at Microsoft.Data.Sqlite.SqliteDataReader.NextResult()
   at Microsoft.Data.Sqlite.SqliteCommand.ExecuteReader(CommandBehavior behavior)
   at Microsoft.Data.Sqlite.SqliteCommand.ExecuteDbDataReaderAsync(CommandBehavior behavior, CancellationToken cancellationToken)
   at Microsoft.EntityFrameworkCore.Storage.RelationalCommand.ExecuteReaderAsync(RelationalCommandParameterObject parameterObject, CancellationToken cancellationToken)
   at Microsoft.EntityFrameworkCore.Storage.RelationalCommand.ExecuteReaderAsync(RelationalCommandParameterObject parameterObject, CancellationToken cancellationToken)
   at Microsoft.EntityFrameworkCore.Update.ReaderModificationCommandBatch.ExecuteAsync(IRelationalConnection connection, CancellationToken cancellationToken)
   --- End of inner exception stack trace ---
   at Microsoft.EntityFrameworkCore.Update.ReaderModificationCommandBatch.ExecuteAsync(IRelationalConnection connection, CancellationToken cancellationToken)
   at Microsoft.EntityFrameworkCore.Update.Internal.BatchExecutor.ExecuteAsync(IEnumerable`1 commandBatches, IRelationalConnection connection, CancellationToken cancellationToken)
   at Microsoft.EntityFrameworkCore.Update.Internal.BatchExecutor.ExecuteAsync(IEnumerable`1 commandBatches, IRelationalConnection connection, CancellationToken cancellationToken)
   at Microsoft.EntityFrameworkCore.Update.Internal.BatchExecutor.ExecuteAsync(IEnumerable`1 commandBatches, IRelationalConnection connection, CancellationToken cancellationToken)
   at Microsoft.EntityFrameworkCore.Storage.RelationalDatabase.SaveChangesAsync(IList`1 entries, CancellationToken cancellationToken)
   at Microsoft.EntityFrameworkCore.ChangeTracking.Internal.StateManager.SaveChangesAsync(IList`1 entriesToSave, CancellationToken cancellationToken)
   at Microsoft.EntityFrameworkCore.ChangeTracking.Internal.StateManager.SaveChangesAsync(StateManager stateManager, Boolean acceptAllChangesOnSuccess, CancellationToken cancellationToken)
   at Microsoft.EntityFrameworkCore.DbContext.SaveChangesAsync(Boolean acceptAllChangesOnSuccess, CancellationToken cancellationToken)
[16:18:44 FTL] Application terminated unexpectedly
Microsoft.EntityFrameworkCore.DbUpdateException: An error occurred while saving the entity changes. See the inner exception for details.
 ---> Microsoft.Data.Sqlite.SqliteException (0x80004005): SQLite Error 19: 'NOT NULL constraint failed: Ships.Type'.
   at Microsoft.Data.Sqlite.SqliteException.ThrowExceptionForRC(Int32 rc, sqlite3 db)
   at Microsoft.Data.Sqlite.SqliteDataReader.NextResult()
   at Microsoft.Data.Sqlite.SqliteCommand.ExecuteReader(CommandBehavior behavior)
   at Microsoft.Data.Sqlite.SqliteCommand.ExecuteDbDataReaderAsync(CommandBehavior behavior, CancellationToken cancellationToken)
   at Microsoft.EntityFrameworkCore.Storage.RelationalCommand.ExecuteReaderAsync(RelationalCommandParameterObject parameterObject, CancellationToken cancellationToken)
   at Microsoft.EntityFrameworkCore.Storage.RelationalCommand.ExecuteReaderAsync(RelationalCommandParameterObject parameterObject, CancellationToken cancellationToken)
   at Microsoft.EntityFrameworkCore.Update.ReaderModificationCommandBatch.ExecuteAsync(IRelationalConnection connection, CancellationToken cancellationToken)
   --- End of inner exception stack trace ---
   at Microsoft.EntityFrameworkCore.Update.ReaderModificationCommandBatch.ExecuteAsync(IRelationalConnection connection, CancellationToken cancellationToken)
   at Microsoft.EntityFrameworkCore.Update.Internal.BatchExecutor.ExecuteAsync(IEnumerable`1 commandBatches, IRelationalConnection connection, CancellationToken cancellationToken)
   at Microsoft.EntityFrameworkCore.Update.Internal.BatchExecutor.ExecuteAsync(IEnumerable`1 commandBatches, IRelationalConnection connection, CancellationToken cancellationToken)
   at Microsoft.EntityFrameworkCore.Update.Internal.BatchExecutor.ExecuteAsync(IEnumerable`1 commandBatches, IRelationalConnection connection, CancellationToken cancellationToken)
   at Microsoft.EntityFrameworkCore.Storage.RelationalDatabase.SaveChangesAsync(IList`1 entries, CancellationToken cancellationToken)
   at Microsoft.EntityFrameworkCore.ChangeTracking.Internal.StateManager.SaveChangesAsync(IList`1 entriesToSave, CancellationToken cancellationToken)
   at Microsoft.EntityFrameworkCore.ChangeTracking.Internal.StateManager.SaveChangesAsync(StateManager stateManager, Boolean acceptAllChangesOnSuccess, CancellationToken cancellationToken)
   at Microsoft.EntityFrameworkCore.DbContext.SaveChangesAsync(Boolean acceptAllChangesOnSuccess, CancellationToken cancellationToken)
   at Microsoft.EntityFrameworkCore.DbContext.SaveChangesAsync(Boolean acceptAllChangesOnSuccess, CancellationToken cancellationToken)
   at FleetMind.Api.Data.FleetMindDbContext.SaveChangesAsync(CancellationToken cancellationToken) in C:\Users\Tamanna\Desktop\entnt\fleetmind-ai\backend\FleetMind.Api\Data\FleetMindDbContext.cs:line 162
   at FleetMind.Api.Data.FleetMindDbContext.SaveChanges() in C:\Users\Tamanna\Desktop\entnt\fleetmind-ai\backend\FleetMind.Api\Data\FleetMindDbContext.cs:line 89
   at FleetMind.Api.IntegrationTests.CustomWebApplicationFactory.<>c.<ConfigureWebHost>b__2_2(IServiceCollection services) in C:\Users\Tamanna\Desktop\entnt\fleetmind-ai\backend\FleetMind.Api.IntegrationTests\CustomWebApplicationFactory.cs:line 125
   at Microsoft.Extensions.Hosting.HostApplicationBuilder.HostBuilderAdapter.ApplyChanges()
   at Microsoft.Extensions.Hosting.HostApplicationBuilder.Build()
   at Microsoft.AspNetCore.Builder.WebApplicationBuilder.Build()
   at Program.<Main>$(String[] args) in C:\Users\Tamanna\Desktop\entnt\fleetmind-ai\backend\FleetMind.Api\Program.cs:line 205
[xUnit.net 00:00:32.55]       Microsoft.EntityFrameworkCore.DbUpdateException : An error occurred while saving the entity changes. See the inner exception for details.
[xUnit.net 00:00:32.55]       ---- Microsoft.Data.Sqlite.SqliteException : SQLite Error 19: 'NOT NULL constraint failed: Ships.Type'.
[xUnit.net 00:00:32.55]       Stack Trace:
[xUnit.net 00:00:32.55]            at Microsoft.EntityFrameworkCore.Update.ReaderModificationCommandBatch.ExecuteAsync(IRelationalConnection connection, CancellationToken cancellationToken)
[xUnit.net 00:00:32.55]            at Microsoft.EntityFrameworkCore.Update.Internal.BatchExecutor.ExecuteAsync(IEnumerable`1 commandBatches, IRelationalConnection connection, CancellationToken cancellationToken)
[xUnit.net 00:00:32.55]            at Microsoft.EntityFrameworkCore.Update.Internal.BatchExecutor.ExecuteAsync(IEnumerable`1 commandBatches, IRelationalConnection connection, CancellationToken cancellationToken)
[xUnit.net 00:00:32.55]            at Microsoft.EntityFrameworkCore.Update.Internal.BatchExecutor.ExecuteAsync(IEnumerable`1 commandBatches, IRelationalConnection connection, CancellationToken cancellationToken)
[xUnit.net 00:00:32.55]            at Microsoft.EntityFrameworkCore.Storage.RelationalDatabase.SaveChangesAsync(IList`1 entries, CancellationToken cancellationToken)
[xUnit.net 00:00:32.55]            at Microsoft.EntityFrameworkCore.ChangeTracking.Internal.StateManager.SaveChangesAsync(IList`1 entriesToSave, CancellationToken cancellationToken)
[xUnit.net 00:00:32.55]            at Microsoft.EntityFrameworkCore.ChangeTracking.Internal.StateManager.SaveChangesAsync(StateManager stateManager, Boolean acceptAllChangesOnSuccess, CancellationToken cancellationToken)
[xUnit.net 00:00:32.55]            at Microsoft.EntityFrameworkCore.DbContext.SaveChangesAsync(Boolean acceptAllChangesOnSuccess, CancellationToken cancellationToken)
[xUnit.net 00:00:32.55]            at Microsoft.EntityFrameworkCore.DbContext.SaveChangesAsync(Boolean acceptAllChangesOnSuccess, CancellationToken cancellationToken)
[xUnit.net 00:00:32.55]         C:\Users\Tamanna\Desktop\entnt\fleetmind-ai\backend\FleetMind.Api\Data\FleetMindDbContext.cs(162,0): at FleetMind.Api.Data.FleetMindDbContext.SaveChangesAsync(CancellationToken cancellationToken)
[xUnit.net 00:00:32.55]         C:\Users\Tamanna\Desktop\entnt\fleetmind-ai\backend\FleetMind.Api\Data\FleetMindDbContext.cs(89,0): at FleetMind.Api.Data.FleetMindDbContext.SaveChanges()
[xUnit.net 00:00:32.55]         C:\Users\Tamanna\Desktop\entnt\fleetmind-ai\backend\FleetMind.Api.IntegrationTests\CustomWebApplicationFactory.cs(125,0): at FleetMind.Api.IntegrationTests.CustomWebApplicationFactory.<>c.<ConfigureWebHost>b__2_2(IServiceCollection services)
[xUnit.net 00:00:32.55]            at Microsoft.Extensions.Hosting.HostApplicationBuilder.HostBuilderAdapter.ApplyChanges()
[xUnit.net 00:00:32.55]            at Microsoft.Extensions.Hosting.HostApplicationBuilder.Build()
[xUnit.net 00:00:32.55]            at Microsoft.AspNetCore.Builder.WebApplicationBuilder.Build()
[xUnit.net 00:00:32.55]         C:\Users\Tamanna\Desktop\entnt\fleetmind-ai\backend\FleetMind.Api\Program.cs(205,0): at Program.<Main>$(String[] args)
[xUnit.net 00:00:32.55]            at Program.<Main>(String[] args)
[xUnit.net 00:00:32.55]            at InvokeStub_Program.<Main>(Object, Span`1)
[xUnit.net 00:00:32.55]            at System.Reflection.MethodBaseInvoker.InvokeWithOneArg(Object obj, BindingFlags invokeAttr, Binder binder, Object[] parameters, CultureInfo culture)
[xUnit.net 00:00:32.55]         --- End of stack trace from previous location ---
[xUnit.net 00:00:32.55]            at Microsoft.Extensions.Hosting.HostFactoryResolver.HostingListener.CreateHost()
[xUnit.net 00:00:32.55]            at Microsoft.Extensions.Hosting.HostFactoryResolver.<>c__DisplayClass10_0.<ResolveHostFactory>b__0(String[] args)
[xUnit.net 00:00:32.55]            at Microsoft.AspNetCore.Mvc.Testing.DeferredHostBuilder.Build()
[xUnit.net 00:00:32.55]            at Microsoft.AspNetCore.Mvc.Testing.WebApplicationFactory`1.CreateHost(IHostBuilder builder)
[xUnit.net 00:00:32.55]            at Microsoft.AspNetCore.Mvc.Testing.WebApplicationFactory`1.ConfigureHostBuilder(IHostBuilder hostBuilder)
[xUnit.net 00:00:32.55]            at Microsoft.AspNetCore.Mvc.Testing.WebApplicationFactory`1.EnsureServer()
[xUnit.net 00:00:32.55]            at Microsoft.AspNetCore.Mvc.Testing.WebApplicationFactory`1.CreateDefaultClient(DelegatingHandler[] handlers)
[xUnit.net 00:00:32.55]            at Microsoft.AspNetCore.Mvc.Testing.WebApplicationFactory`1.CreateDefaultClient(Uri baseAddress, DelegatingHandler[] handlers)
[xUnit.net 00:00:32.55]            at Microsoft.AspNetCore.Mvc.Testing.WebApplicationFactory`1.CreateClient(WebApplicationFactoryClientOptions options)
[xUnit.net 00:00:32.55]            at Microsoft.AspNetCore.Mvc.Testing.WebApplicationFactory`1.CreateClient()
[xUnit.net 00:00:32.55]         C:\Users\Tamanna\Desktop\entnt\fleetmind-ai\backend\FleetMind.Api.IntegrationTests\TestHelpers\AuthenticatedClientHelper.cs(17,0): at FleetMind.Api.IntegrationTests.TestHelpers.AuthenticatedClientHelper.GetAuthenticatedClientAsync(WebApplicationFactory`1 factory, String email, String password)
[xUnit.net 00:00:32.55]         C:\Users\Tamanna\Desktop\entnt\fleetmind-ai\backend\FleetMind.Api.IntegrationTests\Controllers\RoleBasedAccessMatrixTests.cs(87,0): at FleetMind.Api.IntegrationTests.Controllers.RoleBasedAccessMatrixTests.RoleBasedAccessMatrix_Endpoint_ReturnsExpectedStatus(String email, String password, String role, String methodStr, String route, Object payload, HttpStatusCode expectedStatus)
[xUnit.net 00:00:32.55]         --- End of stack trace from previous location ---
[xUnit.net 00:00:32.55]         ----- Inner Stack Trace -----
[xUnit.net 00:00:32.55]            at Microsoft.Data.Sqlite.SqliteException.ThrowExceptionForRC(Int32 rc, sqlite3 db)
[xUnit.net 00:00:32.55]            at Microsoft.Data.Sqlite.SqliteDataReader.NextResult()
[xUnit.net 00:00:32.55]            at Microsoft.Data.Sqlite.SqliteCommand.ExecuteReader(CommandBehavior behavior)
[xUnit.net 00:00:32.55]            at Microsoft.Data.Sqlite.SqliteCommand.ExecuteDbDataReaderAsync(CommandBehavior behavior, CancellationToken cancellationToken)
[xUnit.net 00:00:32.55]            at Microsoft.EntityFrameworkCore.Storage.RelationalCommand.ExecuteReaderAsync(RelationalCommandParameterObject parameterObject, CancellationToken cancellationToken)
[xUnit.net 00:00:32.55]            at Microsoft.EntityFrameworkCore.Storage.RelationalCommand.ExecuteReaderAsync(RelationalCommandParameterObject parameterObject, CancellationToken cancellationToken)
[xUnit.net 00:00:32.55]            at Microsoft.EntityFrameworkCore.Update.ReaderModificationCommandBatch.ExecuteAsync(IRelationalConnection connection, CancellationToken cancellationToken)
  Failed FleetMind.Api.IntegrationTests.Controllers.RoleBasedAccessMatrixTests.RoleBasedAccessMatrix_Endpoint_ReturnsExpectedStatus(email: "fleetmanager@test.com", password: "FleetManagerPass123!", role: "FleetManager", methodStr: "POST", route: "/api/v1/maintenance", payload: CreateMaintenanceRecordDto { Description = "Test", EstimatedCost = 100, PerformedBy = null, ScheduledDate = 2026-07-09T10:48:20.9941537Z, ShipId = 00000000-0000-0000-0000-000000000003, ··· }, expectedStatus: Forbidden) [3 s]
  Error Message:
   Microsoft.EntityFrameworkCore.DbUpdateException : An error occurred while saving the entity changes. See the inner exception for details.
---- Microsoft.Data.Sqlite.SqliteException : SQLite Error 19: 'NOT NULL constraint failed: Ships.Type'.
  Stack Trace:
     at Microsoft.EntityFrameworkCore.Update.ReaderModificationCommandBatch.ExecuteAsync(IRelationalConnection connection, CancellationToken cancellationToken)
   at Microsoft.EntityFrameworkCore.Update.Internal.BatchExecutor.ExecuteAsync(IEnumerable`1 commandBatches, IRelationalConnection connection, CancellationToken cancellationToken)
   at Microsoft.EntityFrameworkCore.Update.Internal.BatchExecutor.ExecuteAsync(IEnumerable`1 commandBatches, IRelationalConnection connection, CancellationToken cancellationToken)
   at Microsoft.EntityFrameworkCore.Update.Internal.BatchExecutor.ExecuteAsync(IEnumerable`1 commandBatches, IRelationalConnection connection, CancellationToken cancellationToken)
   at Microsoft.EntityFrameworkCore.Storage.RelationalDatabase.SaveChangesAsync(IList`1 entries, CancellationToken cancellationToken)
   at Microsoft.EntityFrameworkCore.ChangeTracking.Internal.StateManager.SaveChangesAsync(IList`1 entriesToSave, CancellationToken cancellationToken)
   at Microsoft.EntityFrameworkCore.ChangeTracking.Internal.StateManager.SaveChangesAsync(StateManager stateManager, Boolean acceptAllChangesOnSuccess, CancellationToken cancellationToken)
   at Microsoft.EntityFrameworkCore.DbContext.SaveChangesAsync(Boolean acceptAllChangesOnSuccess, CancellationToken cancellationToken)
   at Microsoft.EntityFrameworkCore.DbContext.SaveChangesAsync(Boolean acceptAllChangesOnSuccess, CancellationToken cancellationToken)
   at FleetMind.Api.Data.FleetMindDbContext.SaveChangesAsync(CancellationToken cancellationToken) in C:\Users\Tamanna\Desktop\entnt\fleetmind-ai\backend\FleetMind.Api\Data\FleetMindDbContext.cs:line 162
   at FleetMind.Api.Data.FleetMindDbContext.SaveChanges() in C:\Users\Tamanna\Desktop\entnt\fleetmind-ai\backend\FleetMind.Api\Data\FleetMindDbContext.cs:line 89
   at FleetMind.Api.IntegrationTests.CustomWebApplicationFactory.<>c.<ConfigureWebHost>b__2_2(IServiceCollection services) in C:\Users\Tamanna\Desktop\entnt\fleetmind-ai\backend\FleetMind.Api.IntegrationTests\CustomWebApplicationFactory.cs:line 125
   at Microsoft.Extensions.Hosting.HostApplicationBuilder.HostBuilderAdapter.ApplyChanges()
   at Microsoft.Extensions.Hosting.HostApplicationBuilder.Build()
   at Microsoft.AspNetCore.Builder.WebApplicationBuilder.Build()
   at Program.<Main>$(String[] args) in C:\Users\Tamanna\Desktop\entnt\fleetmind-ai\backend\FleetMind.Api\Program.cs:line 205
   at Program.<Main>(String[] args)
   at InvokeStub_Program.<Main>(Object, Span`1)
   at System.Reflection.MethodBaseInvoker.InvokeWithOneArg(Object obj, BindingFlags invokeAttr, Binder binder, Object[] parameters, CultureInfo culture)
--- End of stack trace from previous location ---
   at Microsoft.Extensions.Hosting.HostFactoryResolver.HostingListener.CreateHost()
   at Microsoft.Extensions.Hosting.HostFactoryResolver.<>c__DisplayClass10_0.<ResolveHostFactory>b__0(String[] args)
   at Microsoft.AspNetCore.Mvc.Testing.DeferredHostBuilder.Build()
   at Microsoft.AspNetCore.Mvc.Testing.WebApplicationFactory`1.CreateHost(IHostBuilder builder)
   at Microsoft.AspNetCore.Mvc.Testing.WebApplicationFactory`1.ConfigureHostBuilder(IHostBuilder hostBuilder)
   at Microsoft.AspNetCore.Mvc.Testing.WebApplicationFactory`1.EnsureServer()
   at Microsoft.AspNetCore.Mvc.Testing.WebApplicationFactory`1.CreateDefaultClient(DelegatingHandler[] handlers)
   at Microsoft.AspNetCore.Mvc.Testing.WebApplicationFactory`1.CreateDefaultClient(Uri baseAddress, DelegatingHandler[] handlers)
   at Microsoft.AspNetCore.Mvc.Testing.WebApplicationFactory`1.CreateClient(WebApplicationFactoryClientOptions options)
   at Microsoft.AspNetCore.Mvc.Testing.WebApplicationFactory`1.CreateClient()
   at FleetMind.Api.IntegrationTests.TestHelpers.AuthenticatedClientHelper.GetAuthenticatedClientAsync(WebApplicationFactory`1 factory, String email, String password) in C:\Users\Tamanna\Desktop\entnt\fleetmind-ai\backend\FleetMind.Api.IntegrationTests\TestHelpers\AuthenticatedClientHelper.cs:line 17
   at FleetMind.Api.IntegrationTests.Controllers.RoleBasedAccessMatrixTests.RoleBasedAccessMatrix_Endpoint_ReturnsExpectedStatus(String email, String password, String role, String methodStr, String route, Object payload, HttpStatusCode expectedStatus) in C:\Users\Tamanna\Desktop\entnt\fleetmind-ai\backend\FleetMind.Api.IntegrationTests\Controllers\RoleBasedAccessMatrixTests.cs:line 87
--- End of stack trace from previous location ---
----- Inner Stack Trace -----
   at Microsoft.Data.Sqlite.SqliteException.ThrowExceptionForRC(Int32 rc, sqlite3 db)
   at Microsoft.Data.Sqlite.SqliteDataReader.NextResult()
   at Microsoft.Data.Sqlite.SqliteCommand.ExecuteReader(CommandBehavior behavior)
   at Microsoft.Data.Sqlite.SqliteCommand.ExecuteDbDataReaderAsync(CommandBehavior behavior, CancellationToken cancellationToken)
   at Microsoft.EntityFrameworkCore.Storage.RelationalCommand.ExecuteReaderAsync(RelationalCommandParameterObject parameterObject, CancellationToken cancellationToken)
   at Microsoft.EntityFrameworkCore.Storage.RelationalCommand.ExecuteReaderAsync(RelationalCommandParameterObject parameterObject, CancellationToken cancellationToken)
   at Microsoft.EntityFrameworkCore.Update.ReaderModificationCommandBatch.ExecuteAsync(IRelationalConnection connection, CancellationToken cancellationToken)
[16:18:46 ERR] Failed executing DbCommand (0ms) [Parameters=[@p0='?' (DbType = Guid), @p1='?' (DbType = DateTime), @p2='?', @p3='?' (DbType = Guid), @p4='?' (DbType = Decimal), @p5='?' (Size = 7), @p6='?' (DbType = Boolean), @p7='?' (Size = 9), @p8='?' (DbType = Guid), @p9='?' (Size = 6), @p10='?', @p11='?' (DbType = DateTime), @p12='?' (DbType = Int32)], CommandType='Text', CommandTimeout='30']
INSERT INTO "Ships" ("Id", "CreatedAt", "Flag", "FleetId", "GrossTonnage", "IMO", "IsDeleted", "Name", "PrimaryPhotoAttachmentId", "Status", "Type", "UpdatedAt", "YearBuilt")
VALUES (@p0, @p1, @p2, @p3, @p4, @p5, @p6, @p7, @p8, @p9, @p10, @p11, @p12);
[16:18:46 ERR] An exception occurred in the database while saving changes for context type 'FleetMind.Api.Data.FleetMindDbContext'.
Microsoft.EntityFrameworkCore.DbUpdateException: An error occurred while saving the entity changes. See the inner exception for details.
 ---> Microsoft.Data.Sqlite.SqliteException (0x80004005): SQLite Error 19: 'NOT NULL constraint failed: Ships.Type'.
   at Microsoft.Data.Sqlite.SqliteException.ThrowExceptionForRC(Int32 rc, sqlite3 db)
   at Microsoft.Data.Sqlite.SqliteDataReader.NextResult()
   at Microsoft.Data.Sqlite.SqliteCommand.ExecuteReader(CommandBehavior behavior)
   at Microsoft.Data.Sqlite.SqliteCommand.ExecuteDbDataReaderAsync(CommandBehavior behavior, CancellationToken cancellationToken)
   at Microsoft.EntityFrameworkCore.Storage.RelationalCommand.ExecuteReaderAsync(RelationalCommandParameterObject parameterObject, CancellationToken cancellationToken)
   at Microsoft.EntityFrameworkCore.Storage.RelationalCommand.ExecuteReaderAsync(RelationalCommandParameterObject parameterObject, CancellationToken cancellationToken)
   at Microsoft.EntityFrameworkCore.Update.ReaderModificationCommandBatch.ExecuteAsync(IRelationalConnection connection, CancellationToken cancellationToken)
   --- End of inner exception stack trace ---
   at Microsoft.EntityFrameworkCore.Update.ReaderModificationCommandBatch.ExecuteAsync(IRelationalConnection connection, CancellationToken cancellationToken)
   at Microsoft.EntityFrameworkCore.Update.Internal.BatchExecutor.ExecuteAsync(IEnumerable`1 commandBatches, IRelationalConnection connection, CancellationToken cancellationToken)
   at Microsoft.EntityFrameworkCore.Update.Internal.BatchExecutor.ExecuteAsync(IEnumerable`1 commandBatches, IRelationalConnection connection, CancellationToken cancellationToken)
   at Microsoft.EntityFrameworkCore.Update.Internal.BatchExecutor.ExecuteAsync(IEnumerable`1 commandBatches, IRelationalConnection connection, CancellationToken cancellationToken)
   at Microsoft.EntityFrameworkCore.Storage.RelationalDatabase.SaveChangesAsync(IList`1 entries, CancellationToken cancellationToken)
   at Microsoft.EntityFrameworkCore.ChangeTracking.Internal.StateManager.SaveChangesAsync(IList`1 entriesToSave, CancellationToken cancellationToken)
   at Microsoft.EntityFrameworkCore.ChangeTracking.Internal.StateManager.SaveChangesAsync(StateManager stateManager, Boolean acceptAllChangesOnSuccess, CancellationToken cancellationToken)
   at Microsoft.EntityFrameworkCore.DbContext.SaveChangesAsync(Boolean acceptAllChangesOnSuccess, CancellationToken cancellationToken)
Microsoft.EntityFrameworkCore.DbUpdateException: An error occurred while saving the entity changes. See the inner exception for details.
 ---> Microsoft.Data.Sqlite.SqliteException (0x80004005): SQLite Error 19: 'NOT NULL constraint failed: Ships.Type'.
   at Microsoft.Data.Sqlite.SqliteException.ThrowExceptionForRC(Int32 rc, sqlite3 db)
   at Microsoft.Data.Sqlite.SqliteDataReader.NextResult()
   at Microsoft.Data.Sqlite.SqliteCommand.ExecuteReader(CommandBehavior behavior)
   at Microsoft.Data.Sqlite.SqliteCommand.ExecuteDbDataReaderAsync(CommandBehavior behavior, CancellationToken cancellationToken)
   at Microsoft.EntityFrameworkCore.Storage.RelationalCommand.ExecuteReaderAsync(RelationalCommandParameterObject parameterObject, CancellationToken cancellationToken)
   at Microsoft.EntityFrameworkCore.Storage.RelationalCommand.ExecuteReaderAsync(RelationalCommandParameterObject parameterObject, CancellationToken cancellationToken)
   at Microsoft.EntityFrameworkCore.Update.ReaderModificationCommandBatch.ExecuteAsync(IRelationalConnection connection, CancellationToken cancellationToken)
   --- End of inner exception stack trace ---
   at Microsoft.EntityFrameworkCore.Update.ReaderModificationCommandBatch.ExecuteAsync(IRelationalConnection connection, CancellationToken cancellationToken)
   at Microsoft.EntityFrameworkCore.Update.Internal.BatchExecutor.ExecuteAsync(IEnumerable`1 commandBatches, IRelationalConnection connection, CancellationToken cancellationToken)
   at Microsoft.EntityFrameworkCore.Update.Internal.BatchExecutor.ExecuteAsync(IEnumerable`1 commandBatches, IRelationalConnection connection, CancellationToken cancellationToken)
   at Microsoft.EntityFrameworkCore.Update.Internal.BatchExecutor.ExecuteAsync(IEnumerable`1 commandBatches, IRelationalConnection connection, CancellationToken cancellationToken)
   at Microsoft.EntityFrameworkCore.Storage.RelationalDatabase.SaveChangesAsync(IList`1 entries, CancellationToken cancellationToken)
   at Microsoft.EntityFrameworkCore.ChangeTracking.Internal.StateManager.SaveChangesAsync(IList`1 entriesToSave, CancellationToken cancellationToken)
   at Microsoft.EntityFrameworkCore.ChangeTracking.Internal.StateManager.SaveChangesAsync(StateManager stateManager, Boolean acceptAllChangesOnSuccess, CancellationToken cancellationToken)
   at Microsoft.EntityFrameworkCore.DbContext.SaveChangesAsync(Boolean acceptAllChangesOnSuccess, CancellationToken cancellationToken)
[16:18:46 FTL] Application terminated unexpectedly
Microsoft.EntityFrameworkCore.DbUpdateException: An error occurred while saving the entity changes. See the inner exception for details.
 ---> Microsoft.Data.Sqlite.SqliteException (0x80004005): SQLite Error 19: 'NOT NULL constraint failed: Ships.Type'.
   at Microsoft.Data.Sqlite.SqliteException.ThrowExceptionForRC(Int32 rc, sqlite3 db)
   at Microsoft.Data.Sqlite.SqliteDataReader.NextResult()
   at Microsoft.Data.Sqlite.SqliteCommand.ExecuteReader(CommandBehavior behavior)
   at Microsoft.Data.Sqlite.SqliteCommand.ExecuteDbDataReaderAsync(CommandBehavior behavior, CancellationToken cancellationToken)
   at Microsoft.EntityFrameworkCore.Storage.RelationalCommand.ExecuteReaderAsync(RelationalCommandParameterObject parameterObject, CancellationToken cancellationToken)
   at Microsoft.EntityFrameworkCore.Storage.RelationalCommand.ExecuteReaderAsync(RelationalCommandParameterObject parameterObject, CancellationToken cancellationToken)
   at Microsoft.EntityFrameworkCore.Update.ReaderModificationCommandBatch.ExecuteAsync(IRelationalConnection connection, CancellationToken cancellationToken)
   --- End of inner exception stack trace ---
   at Microsoft.EntityFrameworkCore.Update.ReaderModificationCommandBatch.ExecuteAsync(IRelationalConnection connection, CancellationToken cancellationToken)
   at Microsoft.EntityFrameworkCore.Update.Internal.BatchExecutor.ExecuteAsync(IEnumerable`1 commandBatches, IRelationalConnection connection, CancellationToken cancellationToken)
   at Microsoft.EntityFrameworkCore.Update.Internal.BatchExecutor.ExecuteAsync(IEnumerable`1 commandBatches, IRelationalConnection connection, CancellationToken cancellationToken)
   at Microsoft.EntityFrameworkCore.Update.Internal.BatchExecutor.ExecuteAsync(IEnumerable`1 commandBatches, IRelationalConnection connection, CancellationToken cancellationToken)
   at Microsoft.EntityFrameworkCore.Storage.RelationalDatabase.SaveChangesAsync(IList`1 entries, CancellationToken cancellationToken)
   at Microsoft.EntityFrameworkCore.ChangeTracking.Internal.StateManager.SaveChangesAsync(IList`1 entriesToSave, CancellationToken cancellationToken)
   at Microsoft.EntityFrameworkCore.ChangeTracking.Internal.StateManager.SaveChangesAsync(StateManager stateManager, Boolean acceptAllChangesOnSuccess, CancellationToken cancellationToken)
   at Microsoft.EntityFrameworkCore.DbContext.SaveChangesAsync(Boolean acceptAllChangesOnSuccess, CancellationToken cancellationToken)
   at Microsoft.EntityFrameworkCore.DbContext.SaveChangesAsync(Boolean acceptAllChangesOnSuccess, CancellationToken cancellationToken)
   at FleetMind.Api.Data.FleetMindDbContext.SaveChangesAsync(CancellationToken cancellationToken) in C:\Users\Tamanna\Desktop\entnt\fleetmind-ai\backend\FleetMind.Api\Data\FleetMindDbContext.cs:line 162
   at FleetMind.Api.Data.FleetMindDbContext.SaveChanges() in C:\Users\Tamanna\Desktop\entnt\fleetmind-ai\backend\FleetMind.Api\Data\FleetMindDbContext.cs:line 89
   at FleetMind.Api.IntegrationTests.CustomWebApplicationFactory.<>c.<ConfigureWebHost>b__2_2(IServiceCollection services) in C:\Users\Tamanna\Desktop\entnt\fleetmind-ai\backend\FleetMind.Api.IntegrationTests\CustomWebApplicationFactory.cs:line 125
   at Microsoft.Extensions.Hosting.HostApplicationBuilder.HostBuilderAdapter.ApplyChanges()
   at Microsoft.Extensions.Hosting.HostApplicationBuilder.Build()
   at Microsoft.AspNetCore.Builder.WebApplicationBuilder.Build()
   at Program.<Main>$(String[] args) in C:\Users\Tamanna\Desktop\entnt\fleetmind-ai\backend\FleetMind.Api\Program.cs:line 205
[xUnit.net 00:00:34.96]       Microsoft.EntityFrameworkCore.DbUpdateException : An error occurred while saving the entity changes. See the inner exception for details.
[xUnit.net 00:00:34.96]       ---- Microsoft.Data.Sqlite.SqliteException : SQLite Error 19: 'NOT NULL constraint failed: Ships.Type'.
[xUnit.net 00:00:34.96]       Stack Trace:
[xUnit.net 00:00:34.96]            at Microsoft.EntityFrameworkCore.Update.ReaderModificationCommandBatch.ExecuteAsync(IRelationalConnection connection, CancellationToken cancellationToken)
[xUnit.net 00:00:34.97]            at Microsoft.EntityFrameworkCore.Update.Internal.BatchExecutor.ExecuteAsync(IEnumerable`1 commandBatches, IRelationalConnection connection, CancellationToken cancellationToken)
[xUnit.net 00:00:34.97]            at Microsoft.EntityFrameworkCore.Update.Internal.BatchExecutor.ExecuteAsync(IEnumerable`1 commandBatches, IRelationalConnection connection, CancellationToken cancellationToken)
[xUnit.net 00:00:34.97]            at Microsoft.EntityFrameworkCore.Update.Internal.BatchExecutor.ExecuteAsync(IEnumerable`1 commandBatches, IRelationalConnection connection, CancellationToken cancellationToken)
[xUnit.net 00:00:34.97]            at Microsoft.EntityFrameworkCore.Storage.RelationalDatabase.SaveChangesAsync(IList`1 entries, CancellationToken cancellationToken)
[xUnit.net 00:00:34.97]            at Microsoft.EntityFrameworkCore.ChangeTracking.Internal.StateManager.SaveChangesAsync(IList`1 entriesToSave, CancellationToken cancellationToken)
[xUnit.net 00:00:34.97]            at Microsoft.EntityFrameworkCore.ChangeTracking.Internal.StateManager.SaveChangesAsync(StateManager stateManager, Boolean acceptAllChangesOnSuccess, CancellationToken cancellationToken)
[xUnit.net 00:00:34.97]            at Microsoft.EntityFrameworkCore.DbContext.SaveChangesAsync(Boolean acceptAllChangesOnSuccess, CancellationToken cancellationToken)
[xUnit.net 00:00:34.97]            at Microsoft.EntityFrameworkCore.DbContext.SaveChangesAsync(Boolean acceptAllChangesOnSuccess, CancellationToken cancellationToken)
[xUnit.net 00:00:34.97]         C:\Users\Tamanna\Desktop\entnt\fleetmind-ai\backend\FleetMind.Api\Data\FleetMindDbContext.cs(162,0): at FleetMind.Api.Data.FleetMindDbContext.SaveChangesAsync(CancellationToken cancellationToken)
[xUnit.net 00:00:34.97]         C:\Users\Tamanna\Desktop\entnt\fleetmind-ai\backend\FleetMind.Api\Data\FleetMindDbContext.cs(89,0): at FleetMind.Api.Data.FleetMindDbContext.SaveChanges()
[xUnit.net 00:00:34.97]         C:\Users\Tamanna\Desktop\entnt\fleetmind-ai\backend\FleetMind.Api.IntegrationTests\CustomWebApplicationFactory.cs(125,0): at FleetMind.Api.IntegrationTests.CustomWebApplicationFactory.<>c.<ConfigureWebHost>b__2_2(IServiceCollection services)
[xUnit.net 00:00:34.97]            at Microsoft.Extensions.Hosting.HostApplicationBuilder.HostBuilderAdapter.ApplyChanges()
[xUnit.net 00:00:34.97]            at Microsoft.Extensions.Hosting.HostApplicationBuilder.Build()
[xUnit.net 00:00:34.97]            at Microsoft.AspNetCore.Builder.WebApplicationBuilder.Build()
[xUnit.net 00:00:34.97]         C:\Users\Tamanna\Desktop\entnt\fleetmind-ai\backend\FleetMind.Api\Program.cs(205,0): at Program.<Main>$(String[] args)
[xUnit.net 00:00:34.97]            at Program.<Main>(String[] args)
[xUnit.net 00:00:34.97]            at InvokeStub_Program.<Main>(Object, Span`1)
[xUnit.net 00:00:34.97]            at System.Reflection.MethodBaseInvoker.InvokeWithOneArg(Object obj, BindingFlags invokeAttr, Binder binder, Object[] parameters, CultureInfo culture)
[xUnit.net 00:00:34.97]         --- End of stack trace from previous location ---
[xUnit.net 00:00:34.97]            at Microsoft.Extensions.Hosting.HostFactoryResolver.HostingListener.CreateHost()
[xUnit.net 00:00:34.97]            at Microsoft.Extensions.Hosting.HostFactoryResolver.<>c__DisplayClass10_0.<ResolveHostFactory>b__0(String[] args)
[xUnit.net 00:00:34.97]            at Microsoft.AspNetCore.Mvc.Testing.DeferredHostBuilder.Build()
[xUnit.net 00:00:34.97]            at Microsoft.AspNetCore.Mvc.Testing.WebApplicationFactory`1.CreateHost(IHostBuilder builder)
[xUnit.net 00:00:34.97]            at Microsoft.AspNetCore.Mvc.Testing.WebApplicationFactory`1.ConfigureHostBuilder(IHostBuilder hostBuilder)
[xUnit.net 00:00:34.97]            at Microsoft.AspNetCore.Mvc.Testing.WebApplicationFactory`1.EnsureServer()
[xUnit.net 00:00:34.97]            at Microsoft.AspNetCore.Mvc.Testing.WebApplicationFactory`1.CreateDefaultClient(DelegatingHandler[] handlers)
[xUnit.net 00:00:34.97]            at Microsoft.AspNetCore.Mvc.Testing.WebApplicationFactory`1.CreateDefaultClient(Uri baseAddress, DelegatingHandler[] handlers)
[xUnit.net 00:00:34.97]            at Microsoft.AspNetCore.Mvc.Testing.WebApplicationFactory`1.CreateClient(WebApplicationFactoryClientOptions options)
[xUnit.net 00:00:34.97]            at Microsoft.AspNetCore.Mvc.Testing.WebApplicationFactory`1.CreateClient()
[xUnit.net 00:00:34.97]         C:\Users\Tamanna\Desktop\entnt\fleetmind-ai\backend\FleetMind.Api.IntegrationTests\TestHelpers\AuthenticatedClientHelper.cs(17,0): at FleetMind.Api.IntegrationTests.TestHelpers.AuthenticatedClientHelper.GetAuthenticatedClientAsync(WebApplicationFactory`1 factory, String email, String password)
[xUnit.net 00:00:34.97]         C:\Users\Tamanna\Desktop\entnt\fleetmind-ai\backend\FleetMind.Api.IntegrationTests\Controllers\RoleBasedAccessMatrixTests.cs(87,0): at FleetMind.Api.IntegrationTests.Controllers.RoleBasedAccessMatrixTests.RoleBasedAccessMatrix_Endpoint_ReturnsExpectedStatus(String email, String password, String role, String methodStr, String route, Object payload, HttpStatusCode expectedStatus)
[xUnit.net 00:00:34.97]         --- End of stack trace from previous location ---
[xUnit.net 00:00:34.97]         ----- Inner Stack Trace -----
[xUnit.net 00:00:34.97]            at Microsoft.Data.Sqlite.SqliteException.ThrowExceptionForRC(Int32 rc, sqlite3 db)
[xUnit.net 00:00:34.97]            at Microsoft.Data.Sqlite.SqliteDataReader.NextResult()
[xUnit.net 00:00:34.97]            at Microsoft.Data.Sqlite.SqliteCommand.ExecuteReader(CommandBehavior behavior)
[xUnit.net 00:00:34.97]            at Microsoft.Data.Sqlite.SqliteCommand.ExecuteDbDataReaderAsync(CommandBehavior behavior, CancellationToken cancellationToken)
[xUnit.net 00:00:34.97]            at Microsoft.EntityFrameworkCore.Storage.RelationalCommand.ExecuteReaderAsync(RelationalCommandParameterObject parameterObject, CancellationToken cancellationToken)
[xUnit.net 00:00:34.97]            at Microsoft.EntityFrameworkCore.Storage.RelationalCommand.ExecuteReaderAsync(RelationalCommandParameterObject parameterObject, CancellationToken cancellationToken)
[xUnit.net 00:00:34.97]            at Microsoft.EntityFrameworkCore.Update.ReaderModificationCommandBatch.ExecuteAsync(IRelationalConnection connection, CancellationToken cancellationToken)
  Failed FleetMind.Api.IntegrationTests.Controllers.RoleBasedAccessMatrixTests.RoleBasedAccessMatrix_Endpoint_ReturnsExpectedStatus(email: "fleetmanager@test.com", password: "FleetManagerPass123!", role: "FleetManager", methodStr: "GET", route: "/api/v1/audit-logs", payload: null, expectedStatus: Forbidden) [2 s]
  Error Message:
   Microsoft.EntityFrameworkCore.DbUpdateException : An error occurred while saving the entity changes. See the inner exception for details.
---- Microsoft.Data.Sqlite.SqliteException : SQLite Error 19: 'NOT NULL constraint failed: Ships.Type'.
  Stack Trace:
     at Microsoft.EntityFrameworkCore.Update.ReaderModificationCommandBatch.ExecuteAsync(IRelationalConnection connection, CancellationToken cancellationToken)
   at Microsoft.EntityFrameworkCore.Update.Internal.BatchExecutor.ExecuteAsync(IEnumerable`1 commandBatches, IRelationalConnection connection, CancellationToken cancellationToken)
   at Microsoft.EntityFrameworkCore.Update.Internal.BatchExecutor.ExecuteAsync(IEnumerable`1 commandBatches, IRelationalConnection connection, CancellationToken cancellationToken)
   at Microsoft.EntityFrameworkCore.Update.Internal.BatchExecutor.ExecuteAsync(IEnumerable`1 commandBatches, IRelationalConnection connection, CancellationToken cancellationToken)
   at Microsoft.EntityFrameworkCore.Storage.RelationalDatabase.SaveChangesAsync(IList`1 entries, CancellationToken cancellationToken)
   at Microsoft.EntityFrameworkCore.ChangeTracking.Internal.StateManager.SaveChangesAsync(IList`1 entriesToSave, CancellationToken cancellationToken)
   at Microsoft.EntityFrameworkCore.ChangeTracking.Internal.StateManager.SaveChangesAsync(StateManager stateManager, Boolean acceptAllChangesOnSuccess, CancellationToken cancellationToken)
   at Microsoft.EntityFrameworkCore.DbContext.SaveChangesAsync(Boolean acceptAllChangesOnSuccess, CancellationToken cancellationToken)
   at Microsoft.EntityFrameworkCore.DbContext.SaveChangesAsync(Boolean acceptAllChangesOnSuccess, CancellationToken cancellationToken)
   at FleetMind.Api.Data.FleetMindDbContext.SaveChangesAsync(CancellationToken cancellationToken) in C:\Users\Tamanna\Desktop\entnt\fleetmind-ai\backend\FleetMind.Api\Data\FleetMindDbContext.cs:line 162
   at FleetMind.Api.Data.FleetMindDbContext.SaveChanges() in C:\Users\Tamanna\Desktop\entnt\fleetmind-ai\backend\FleetMind.Api\Data\FleetMindDbContext.cs:line 89
   at FleetMind.Api.IntegrationTests.CustomWebApplicationFactory.<>c.<ConfigureWebHost>b__2_2(IServiceCollection services) in C:\Users\Tamanna\Desktop\entnt\fleetmind-ai\backend\FleetMind.Api.IntegrationTests\CustomWebApplicationFactory.cs:line 125
   at Microsoft.Extensions.Hosting.HostApplicationBuilder.HostBuilderAdapter.ApplyChanges()
   at Microsoft.Extensions.Hosting.HostApplicationBuilder.Build()
   at Microsoft.AspNetCore.Builder.WebApplicationBuilder.Build()
   at Program.<Main>$(String[] args) in C:\Users\Tamanna\Desktop\entnt\fleetmind-ai\backend\FleetMind.Api\Program.cs:line 205
   at Program.<Main>(String[] args)
   at InvokeStub_Program.<Main>(Object, Span`1)
   at System.Reflection.MethodBaseInvoker.InvokeWithOneArg(Object obj, BindingFlags invokeAttr, Binder binder, Object[] parameters, CultureInfo culture)
--- End of stack trace from previous location ---
   at Microsoft.Extensions.Hosting.HostFactoryResolver.HostingListener.CreateHost()
   at Microsoft.Extensions.Hosting.HostFactoryResolver.<>c__DisplayClass10_0.<ResolveHostFactory>b__0(String[] args)
   at Microsoft.AspNetCore.Mvc.Testing.DeferredHostBuilder.Build()
   at Microsoft.AspNetCore.Mvc.Testing.WebApplicationFactory`1.CreateHost(IHostBuilder builder)
   at Microsoft.AspNetCore.Mvc.Testing.WebApplicationFactory`1.ConfigureHostBuilder(IHostBuilder hostBuilder)
   at Microsoft.AspNetCore.Mvc.Testing.WebApplicationFactory`1.EnsureServer()
   at Microsoft.AspNetCore.Mvc.Testing.WebApplicationFactory`1.CreateDefaultClient(DelegatingHandler[] handlers)
   at Microsoft.AspNetCore.Mvc.Testing.WebApplicationFactory`1.CreateDefaultClient(Uri baseAddress, DelegatingHandler[] handlers)
   at Microsoft.AspNetCore.Mvc.Testing.WebApplicationFactory`1.CreateClient(WebApplicationFactoryClientOptions options)
   at Microsoft.AspNetCore.Mvc.Testing.WebApplicationFactory`1.CreateClient()
   at FleetMind.Api.IntegrationTests.TestHelpers.AuthenticatedClientHelper.GetAuthenticatedClientAsync(WebApplicationFactory`1 factory, String email, String password) in C:\Users\Tamanna\Desktop\entnt\fleetmind-ai\backend\FleetMind.Api.IntegrationTests\TestHelpers\AuthenticatedClientHelper.cs:line 17
   at FleetMind.Api.IntegrationTests.Controllers.RoleBasedAccessMatrixTests.RoleBasedAccessMatrix_Endpoint_ReturnsExpectedStatus(String email, String password, String role, String methodStr, String route, Object payload, HttpStatusCode expectedStatus) in C:\Users\Tamanna\Desktop\entnt\fleetmind-ai\backend\FleetMind.Api.IntegrationTests\Controllers\RoleBasedAccessMatrixTests.cs:line 87
--- End of stack trace from previous location ---
----- Inner Stack Trace -----
   at Microsoft.Data.Sqlite.SqliteException.ThrowExceptionForRC(Int32 rc, sqlite3 db)
   at Microsoft.Data.Sqlite.SqliteDataReader.NextResult()
   at Microsoft.Data.Sqlite.SqliteCommand.ExecuteReader(CommandBehavior behavior)
   at Microsoft.Data.Sqlite.SqliteCommand.ExecuteDbDataReaderAsync(CommandBehavior behavior, CancellationToken cancellationToken)
   at Microsoft.EntityFrameworkCore.Storage.RelationalCommand.ExecuteReaderAsync(RelationalCommandParameterObject parameterObject, CancellationToken cancellationToken)
   at Microsoft.EntityFrameworkCore.Storage.RelationalCommand.ExecuteReaderAsync(RelationalCommandParameterObject parameterObject, CancellationToken cancellationToken)
   at Microsoft.EntityFrameworkCore.Update.ReaderModificationCommandBatch.ExecuteAsync(IRelationalConnection connection, CancellationToken cancellationToken)
[16:18:48 ERR] Failed executing DbCommand (0ms) [Parameters=[@p0='?' (DbType = Guid), @p1='?' (DbType = DateTime), @p2='?', @p3='?' (DbType = Guid), @p4='?' (DbType = Decimal), @p5='?' (Size = 7), @p6='?' (DbType = Boolean), @p7='?' (Size = 9), @p8='?' (DbType = Guid), @p9='?' (Size = 6), @p10='?', @p11='?' (DbType = DateTime), @p12='?' (DbType = Int32)], CommandType='Text', CommandTimeout='30']
INSERT INTO "Ships" ("Id", "CreatedAt", "Flag", "FleetId", "GrossTonnage", "IMO", "IsDeleted", "Name", "PrimaryPhotoAttachmentId", "Status", "Type", "UpdatedAt", "YearBuilt")
VALUES (@p0, @p1, @p2, @p3, @p4, @p5, @p6, @p7, @p8, @p9, @p10, @p11, @p12);
[16:18:48 ERR] An exception occurred in the database while saving changes for context type 'FleetMind.Api.Data.FleetMindDbContext'.
Microsoft.EntityFrameworkCore.DbUpdateException: An error occurred while saving the entity changes. See the inner exception for details.
 ---> Microsoft.Data.Sqlite.SqliteException (0x80004005): SQLite Error 19: 'NOT NULL constraint failed: Ships.Type'.
   at Microsoft.Data.Sqlite.SqliteException.ThrowExceptionForRC(Int32 rc, sqlite3 db)
   at Microsoft.Data.Sqlite.SqliteDataReader.NextResult()
   at Microsoft.Data.Sqlite.SqliteCommand.ExecuteReader(CommandBehavior behavior)
   at Microsoft.Data.Sqlite.SqliteCommand.ExecuteDbDataReaderAsync(CommandBehavior behavior, CancellationToken cancellationToken)
   at Microsoft.EntityFrameworkCore.Storage.RelationalCommand.ExecuteReaderAsync(RelationalCommandParameterObject parameterObject, CancellationToken cancellationToken)
   at Microsoft.EntityFrameworkCore.Storage.RelationalCommand.ExecuteReaderAsync(RelationalCommandParameterObject parameterObject, CancellationToken cancellationToken)
   at Microsoft.EntityFrameworkCore.Update.ReaderModificationCommandBatch.ExecuteAsync(IRelationalConnection connection, CancellationToken cancellationToken)
   --- End of inner exception stack trace ---
   at Microsoft.EntityFrameworkCore.Update.ReaderModificationCommandBatch.ExecuteAsync(IRelationalConnection connection, CancellationToken cancellationToken)
   at Microsoft.EntityFrameworkCore.Update.Internal.BatchExecutor.ExecuteAsync(IEnumerable`1 commandBatches, IRelationalConnection connection, CancellationToken cancellationToken)
   at Microsoft.EntityFrameworkCore.Update.Internal.BatchExecutor.ExecuteAsync(IEnumerable`1 commandBatches, IRelationalConnection connection, CancellationToken cancellationToken)
   at Microsoft.EntityFrameworkCore.Update.Internal.BatchExecutor.ExecuteAsync(IEnumerable`1 commandBatches, IRelationalConnection connection, CancellationToken cancellationToken)
   at Microsoft.EntityFrameworkCore.Storage.RelationalDatabase.SaveChangesAsync(IList`1 entries, CancellationToken cancellationToken)
   at Microsoft.EntityFrameworkCore.ChangeTracking.Internal.StateManager.SaveChangesAsync(IList`1 entriesToSave, CancellationToken cancellationToken)
   at Microsoft.EntityFrameworkCore.ChangeTracking.Internal.StateManager.SaveChangesAsync(StateManager stateManager, Boolean acceptAllChangesOnSuccess, CancellationToken cancellationToken)
   at Microsoft.EntityFrameworkCore.DbContext.SaveChangesAsync(Boolean acceptAllChangesOnSuccess, CancellationToken cancellationToken)
Microsoft.EntityFrameworkCore.DbUpdateException: An error occurred while saving the entity changes. See the inner exception for details.
 ---> Microsoft.Data.Sqlite.SqliteException (0x80004005): SQLite Error 19: 'NOT NULL constraint failed: Ships.Type'.
   at Microsoft.Data.Sqlite.SqliteException.ThrowExceptionForRC(Int32 rc, sqlite3 db)
   at Microsoft.Data.Sqlite.SqliteDataReader.NextResult()
   at Microsoft.Data.Sqlite.SqliteCommand.ExecuteReader(CommandBehavior behavior)
   at Microsoft.Data.Sqlite.SqliteCommand.ExecuteDbDataReaderAsync(CommandBehavior behavior, CancellationToken cancellationToken)
   at Microsoft.EntityFrameworkCore.Storage.RelationalCommand.ExecuteReaderAsync(RelationalCommandParameterObject parameterObject, CancellationToken cancellationToken)
   at Microsoft.EntityFrameworkCore.Storage.RelationalCommand.ExecuteReaderAsync(RelationalCommandParameterObject parameterObject, CancellationToken cancellationToken)
   at Microsoft.EntityFrameworkCore.Update.ReaderModificationCommandBatch.ExecuteAsync(IRelationalConnection connection, CancellationToken cancellationToken)
   --- End of inner exception stack trace ---
   at Microsoft.EntityFrameworkCore.Update.ReaderModificationCommandBatch.ExecuteAsync(IRelationalConnection connection, CancellationToken cancellationToken)
   at Microsoft.EntityFrameworkCore.Update.Internal.BatchExecutor.ExecuteAsync(IEnumerable`1 commandBatches, IRelationalConnection connection, CancellationToken cancellationToken)
   at Microsoft.EntityFrameworkCore.Update.Internal.BatchExecutor.ExecuteAsync(IEnumerable`1 commandBatches, IRelationalConnection connection, CancellationToken cancellationToken)
   at Microsoft.EntityFrameworkCore.Update.Internal.BatchExecutor.ExecuteAsync(IEnumerable`1 commandBatches, IRelationalConnection connection, CancellationToken cancellationToken)
   at Microsoft.EntityFrameworkCore.Storage.RelationalDatabase.SaveChangesAsync(IList`1 entries, CancellationToken cancellationToken)
   at Microsoft.EntityFrameworkCore.ChangeTracking.Internal.StateManager.SaveChangesAsync(IList`1 entriesToSave, CancellationToken cancellationToken)
   at Microsoft.EntityFrameworkCore.ChangeTracking.Internal.StateManager.SaveChangesAsync(StateManager stateManager, Boolean acceptAllChangesOnSuccess, CancellationToken cancellationToken)
   at Microsoft.EntityFrameworkCore.DbContext.SaveChangesAsync(Boolean acceptAllChangesOnSuccess, CancellationToken cancellationToken)
[16:18:48 FTL] Application terminated unexpectedly
Microsoft.EntityFrameworkCore.DbUpdateException: An error occurred while saving the entity changes. See the inner exception for details.
 ---> Microsoft.Data.Sqlite.SqliteException (0x80004005): SQLite Error 19: 'NOT NULL constraint failed: Ships.Type'.
   at Microsoft.Data.Sqlite.SqliteException.ThrowExceptionForRC(Int32 rc, sqlite3 db)
   at Microsoft.Data.Sqlite.SqliteDataReader.NextResult()
   at Microsoft.Data.Sqlite.SqliteCommand.ExecuteReader(CommandBehavior behavior)
   at Microsoft.Data.Sqlite.SqliteCommand.ExecuteDbDataReaderAsync(CommandBehavior behavior, CancellationToken cancellationToken)
   at Microsoft.EntityFrameworkCore.Storage.RelationalCommand.ExecuteReaderAsync(RelationalCommandParameterObject parameterObject, CancellationToken cancellationToken)
   at Microsoft.EntityFrameworkCore.Storage.RelationalCommand.ExecuteReaderAsync(RelationalCommandParameterObject parameterObject, CancellationToken cancellationToken)
   at Microsoft.EntityFrameworkCore.Update.ReaderModificationCommandBatch.ExecuteAsync(IRelationalConnection connection, CancellationToken cancellationToken)
   --- End of inner exception stack trace ---
   at Microsoft.EntityFrameworkCore.Update.ReaderModificationCommandBatch.ExecuteAsync(IRelationalConnection connection, CancellationToken cancellationToken)
   at Microsoft.EntityFrameworkCore.Update.Internal.BatchExecutor.ExecuteAsync(IEnumerable`1 commandBatches, IRelationalConnection connection, CancellationToken cancellationToken)
   at Microsoft.EntityFrameworkCore.Update.Internal.BatchExecutor.ExecuteAsync(IEnumerable`1 commandBatches, IRelationalConnection connection, CancellationToken cancellationToken)
   at Microsoft.EntityFrameworkCore.Update.Internal.BatchExecutor.ExecuteAsync(IEnumerable`1 commandBatches, IRelationalConnection connection, CancellationToken cancellationToken)
   at Microsoft.EntityFrameworkCore.Storage.RelationalDatabase.SaveChangesAsync(IList`1 entries, CancellationToken cancellationToken)
   at Microsoft.EntityFrameworkCore.ChangeTracking.Internal.StateManager.SaveChangesAsync(IList`1 entriesToSave, CancellationToken cancellationToken)
   at Microsoft.EntityFrameworkCore.ChangeTracking.Internal.StateManager.SaveChangesAsync(StateManager stateManager, Boolean acceptAllChangesOnSuccess, CancellationToken cancellationToken)
   at Microsoft.EntityFrameworkCore.DbContext.SaveChangesAsync(Boolean acceptAllChangesOnSuccess, CancellationToken cancellationToken)
   at Microsoft.EntityFrameworkCore.DbContext.SaveChangesAsync(Boolean acceptAllChangesOnSuccess, CancellationToken cancellationToken)
   at FleetMind.Api.Data.FleetMindDbContext.SaveChangesAsync(CancellationToken cancellationToken) in C:\Users\Tamanna\Desktop\entnt\fleetmind-ai\backend\FleetMind.Api\Data\FleetMindDbContext.cs:line 162
   at FleetMind.Api.Data.FleetMindDbContext.SaveChanges() in C:\Users\Tamanna\Desktop\entnt\fleetmind-ai\backend\FleetMind.Api\Data\FleetMindDbContext.cs:line 89
   at FleetMind.Api.IntegrationTests.CustomWebApplicationFactory.<>c.<ConfigureWebHost>b__2_2(IServiceCollection services) in C:\Users\Tamanna\Desktop\entnt\fleetmind-ai\backend\FleetMind.Api.IntegrationTests\CustomWebApplicationFactory.cs:line 125
   at Microsoft.Extensions.Hosting.HostApplicationBuilder.HostBuilderAdapter.ApplyChanges()
   at Microsoft.Extensions.Hosting.HostApplicationBuilder.Build()
   at Microsoft.AspNetCore.Builder.WebApplicationBuilder.Build()
   at Program.<Main>$(String[] args) in C:\Users\Tamanna\Desktop\entnt\fleetmind-ai\backend\FleetMind.Api\Program.cs:line 205
[xUnit.net 00:00:36.95]       Microsoft.EntityFrameworkCore.DbUpdateException : An error occurred while saving the entity changes. See the inner exception for details.
[xUnit.net 00:00:36.95]       ---- Microsoft.Data.Sqlite.SqliteException : SQLite Error 19: 'NOT NULL constraint failed: Ships.Type'.
[xUnit.net 00:00:36.95]       Stack Trace:
[xUnit.net 00:00:36.95]            at Microsoft.EntityFrameworkCore.Update.ReaderModificationCommandBatch.ExecuteAsync(IRelationalConnection connection, CancellationToken cancellationToken)
[xUnit.net 00:00:36.95]            at Microsoft.EntityFrameworkCore.Update.Internal.BatchExecutor.ExecuteAsync(IEnumerable`1 commandBatches, IRelationalConnection connection, CancellationToken cancellationToken)
[xUnit.net 00:00:36.95]            at Microsoft.EntityFrameworkCore.Update.Internal.BatchExecutor.ExecuteAsync(IEnumerable`1 commandBatches, IRelationalConnection connection, CancellationToken cancellationToken)
[xUnit.net 00:00:36.95]            at Microsoft.EntityFrameworkCore.Update.Internal.BatchExecutor.ExecuteAsync(IEnumerable`1 commandBatches, IRelationalConnection connection, CancellationToken cancellationToken)
[xUnit.net 00:00:36.95]            at Microsoft.EntityFrameworkCore.Storage.RelationalDatabase.SaveChangesAsync(IList`1 entries, CancellationToken cancellationToken)
[xUnit.net 00:00:36.95]            at Microsoft.EntityFrameworkCore.ChangeTracking.Internal.StateManager.SaveChangesAsync(IList`1 entriesToSave, CancellationToken cancellationToken)
[xUnit.net 00:00:36.95]            at Microsoft.EntityFrameworkCore.ChangeTracking.Internal.StateManager.SaveChangesAsync(StateManager stateManager, Boolean acceptAllChangesOnSuccess, CancellationToken cancellationToken)
[xUnit.net 00:00:36.95]            at Microsoft.EntityFrameworkCore.DbContext.SaveChangesAsync(Boolean acceptAllChangesOnSuccess, CancellationToken cancellationToken)
[xUnit.net 00:00:36.95]            at Microsoft.EntityFrameworkCore.DbContext.SaveChangesAsync(Boolean acceptAllChangesOnSuccess, CancellationToken cancellationToken)
[xUnit.net 00:00:36.95]         C:\Users\Tamanna\Desktop\entnt\fleetmind-ai\backend\FleetMind.Api\Data\FleetMindDbContext.cs(162,0): at FleetMind.Api.Data.FleetMindDbContext.SaveChangesAsync(CancellationToken cancellationToken)
[xUnit.net 00:00:36.95]         C:\Users\Tamanna\Desktop\entnt\fleetmind-ai\backend\FleetMind.Api\Data\FleetMindDbContext.cs(89,0): at FleetMind.Api.Data.FleetMindDbContext.SaveChanges()
[xUnit.net 00:00:36.95]         C:\Users\Tamanna\Desktop\entnt\fleetmind-ai\backend\FleetMind.Api.IntegrationTests\CustomWebApplicationFactory.cs(125,0): at FleetMind.Api.IntegrationTests.CustomWebApplicationFactory.<>c.<ConfigureWebHost>b__2_2(IServiceCollection services)
[xUnit.net 00:00:36.95]            at Microsoft.Extensions.Hosting.HostApplicationBuilder.HostBuilderAdapter.ApplyChanges()
[xUnit.net 00:00:36.95]            at Microsoft.Extensions.Hosting.HostApplicationBuilder.Build()
[xUnit.net 00:00:36.95]            at Microsoft.AspNetCore.Builder.WebApplicationBuilder.Build()
[xUnit.net 00:00:36.95]         C:\Users\Tamanna\Desktop\entnt\fleetmind-ai\backend\FleetMind.Api\Program.cs(205,0): at Program.<Main>$(String[] args)
[xUnit.net 00:00:36.95]            at Program.<Main>(String[] args)
[xUnit.net 00:00:36.95]            at InvokeStub_Program.<Main>(Object, Span`1)
[xUnit.net 00:00:36.95]            at System.Reflection.MethodBaseInvoker.InvokeWithOneArg(Object obj, BindingFlags invokeAttr, Binder binder, Object[] parameters, CultureInfo culture)
[xUnit.net 00:00:36.95]         --- End of stack trace from previous location ---
[xUnit.net 00:00:36.95]            at Microsoft.Extensions.Hosting.HostFactoryResolver.HostingListener.CreateHost()
[xUnit.net 00:00:36.95]            at Microsoft.Extensions.Hosting.HostFactoryResolver.<>c__DisplayClass10_0.<ResolveHostFactory>b__0(String[] args)
[xUnit.net 00:00:36.95]            at Microsoft.AspNetCore.Mvc.Testing.DeferredHostBuilder.Build()
[xUnit.net 00:00:36.95]            at Microsoft.AspNetCore.Mvc.Testing.WebApplicationFactory`1.CreateHost(IHostBuilder builder)
[xUnit.net 00:00:36.95]            at Microsoft.AspNetCore.Mvc.Testing.WebApplicationFactory`1.ConfigureHostBuilder(IHostBuilder hostBuilder)
[xUnit.net 00:00:36.95]            at Microsoft.AspNetCore.Mvc.Testing.WebApplicationFactory`1.EnsureServer()
[xUnit.net 00:00:36.95]            at Microsoft.AspNetCore.Mvc.Testing.WebApplicationFactory`1.CreateDefaultClient(DelegatingHandler[] handlers)
[xUnit.net 00:00:36.95]            at Microsoft.AspNetCore.Mvc.Testing.WebApplicationFactory`1.CreateDefaultClient(Uri baseAddress, DelegatingHandler[] handlers)
[xUnit.net 00:00:36.95]            at Microsoft.AspNetCore.Mvc.Testing.WebApplicationFactory`1.CreateClient(WebApplicationFactoryClientOptions options)
[xUnit.net 00:00:36.95]            at Microsoft.AspNetCore.Mvc.Testing.WebApplicationFactory`1.CreateClient()
[xUnit.net 00:00:36.95]         C:\Users\Tamanna\Desktop\entnt\fleetmind-ai\backend\FleetMind.Api.IntegrationTests\TestHelpers\AuthenticatedClientHelper.cs(17,0): at FleetMind.Api.IntegrationTests.TestHelpers.AuthenticatedClientHelper.GetAuthenticatedClientAsync(WebApplicationFactory`1 factory, String email, String password)
[xUnit.net 00:00:36.95]         C:\Users\Tamanna\Desktop\entnt\fleetmind-ai\backend\FleetMind.Api.IntegrationTests\Controllers\RoleBasedAccessMatrixTests.cs(87,0): at FleetMind.Api.IntegrationTests.Controllers.RoleBasedAccessMatrixTests.RoleBasedAccessMatrix_Endpoint_ReturnsExpectedStatus(String email, String password, String role, String methodStr, String route, Object payload, HttpStatusCode expectedStatus)
[xUnit.net 00:00:36.95]         --- End of stack trace from previous location ---
[xUnit.net 00:00:36.95]         ----- Inner Stack Trace -----
[xUnit.net 00:00:36.95]            at Microsoft.Data.Sqlite.SqliteException.ThrowExceptionForRC(Int32 rc, sqlite3 db)
[xUnit.net 00:00:36.95]            at Microsoft.Data.Sqlite.SqliteDataReader.NextResult()
[xUnit.net 00:00:36.95]            at Microsoft.Data.Sqlite.SqliteCommand.ExecuteReader(CommandBehavior behavior)
[xUnit.net 00:00:36.95]            at Microsoft.Data.Sqlite.SqliteCommand.ExecuteDbDataReaderAsync(CommandBehavior behavior, CancellationToken cancellationToken)
[xUnit.net 00:00:36.95]            at Microsoft.EntityFrameworkCore.Storage.RelationalCommand.ExecuteReaderAsync(RelationalCommandParameterObject parameterObject, CancellationToken cancellationToken)
[xUnit.net 00:00:36.95]            at Microsoft.EntityFrameworkCore.Storage.RelationalCommand.ExecuteReaderAsync(RelationalCommandParameterObject parameterObject, CancellationToken cancellationToken)
[xUnit.net 00:00:36.95]            at Microsoft.EntityFrameworkCore.Update.ReaderModificationCommandBatch.ExecuteAsync(IRelationalConnection connection, CancellationToken cancellationToken)
  Failed FleetMind.Api.IntegrationTests.Controllers.RoleBasedAccessMatrixTests.RoleBasedAccessMatrix_Endpoint_ReturnsExpectedStatus(email: "fleetmanager@test.com", password: "FleetManagerPass123!", role: "FleetManager", methodStr: "POST", route: "/api/v1/incidents", payload: CreateIncidentDto { Description = "Test", OccurredAt = 2026-07-08T10:48:20.9941568Z, Severity = "Low", ShipId = 00000000-0000-0000-0000-000000000003, Title = "Matrix Incident", ··· }, expectedStatus: Created) [1 s]
  Error Message:
   Microsoft.EntityFrameworkCore.DbUpdateException : An error occurred while saving the entity changes. See the inner exception for details.
---- Microsoft.Data.Sqlite.SqliteException : SQLite Error 19: 'NOT NULL constraint failed: Ships.Type'.
  Stack Trace:
     at Microsoft.EntityFrameworkCore.Update.ReaderModificationCommandBatch.ExecuteAsync(IRelationalConnection connection, CancellationToken cancellationToken)
   at Microsoft.EntityFrameworkCore.Update.Internal.BatchExecutor.ExecuteAsync(IEnumerable`1 commandBatches, IRelationalConnection connection, CancellationToken cancellationToken)
   at Microsoft.EntityFrameworkCore.Update.Internal.BatchExecutor.ExecuteAsync(IEnumerable`1 commandBatches, IRelationalConnection connection, CancellationToken cancellationToken)
   at Microsoft.EntityFrameworkCore.Update.Internal.BatchExecutor.ExecuteAsync(IEnumerable`1 commandBatches, IRelationalConnection connection, CancellationToken cancellationToken)
   at Microsoft.EntityFrameworkCore.Storage.RelationalDatabase.SaveChangesAsync(IList`1 entries, CancellationToken cancellationToken)
   at Microsoft.EntityFrameworkCore.ChangeTracking.Internal.StateManager.SaveChangesAsync(IList`1 entriesToSave, CancellationToken cancellationToken)
   at Microsoft.EntityFrameworkCore.ChangeTracking.Internal.StateManager.SaveChangesAsync(StateManager stateManager, Boolean acceptAllChangesOnSuccess, CancellationToken cancellationToken)
   at Microsoft.EntityFrameworkCore.DbContext.SaveChangesAsync(Boolean acceptAllChangesOnSuccess, CancellationToken cancellationToken)
   at Microsoft.EntityFrameworkCore.DbContext.SaveChangesAsync(Boolean acceptAllChangesOnSuccess, CancellationToken cancellationToken)
   at FleetMind.Api.Data.FleetMindDbContext.SaveChangesAsync(CancellationToken cancellationToken) in C:\Users\Tamanna\Desktop\entnt\fleetmind-ai\backend\FleetMind.Api\Data\FleetMindDbContext.cs:line 162
   at FleetMind.Api.Data.FleetMindDbContext.SaveChanges() in C:\Users\Tamanna\Desktop\entnt\fleetmind-ai\backend\FleetMind.Api\Data\FleetMindDbContext.cs:line 89
   at FleetMind.Api.IntegrationTests.CustomWebApplicationFactory.<>c.<ConfigureWebHost>b__2_2(IServiceCollection services) in C:\Users\Tamanna\Desktop\entnt\fleetmind-ai\backend\FleetMind.Api.IntegrationTests\CustomWebApplicationFactory.cs:line 125
   at Microsoft.Extensions.Hosting.HostApplicationBuilder.HostBuilderAdapter.ApplyChanges()
   at Microsoft.Extensions.Hosting.HostApplicationBuilder.Build()
   at Microsoft.AspNetCore.Builder.WebApplicationBuilder.Build()
   at Program.<Main>$(String[] args) in C:\Users\Tamanna\Desktop\entnt\fleetmind-ai\backend\FleetMind.Api\Program.cs:line 205
   at Program.<Main>(String[] args)
   at InvokeStub_Program.<Main>(Object, Span`1)
   at System.Reflection.MethodBaseInvoker.InvokeWithOneArg(Object obj, BindingFlags invokeAttr, Binder binder, Object[] parameters, CultureInfo culture)
--- End of stack trace from previous location ---
   at Microsoft.Extensions.Hosting.HostFactoryResolver.HostingListener.CreateHost()
   at Microsoft.Extensions.Hosting.HostFactoryResolver.<>c__DisplayClass10_0.<ResolveHostFactory>b__0(String[] args)
   at Microsoft.AspNetCore.Mvc.Testing.DeferredHostBuilder.Build()
   at Microsoft.AspNetCore.Mvc.Testing.WebApplicationFactory`1.CreateHost(IHostBuilder builder)
   at Microsoft.AspNetCore.Mvc.Testing.WebApplicationFactory`1.ConfigureHostBuilder(IHostBuilder hostBuilder)
   at Microsoft.AspNetCore.Mvc.Testing.WebApplicationFactory`1.EnsureServer()
   at Microsoft.AspNetCore.Mvc.Testing.WebApplicationFactory`1.CreateDefaultClient(DelegatingHandler[] handlers)
   at Microsoft.AspNetCore.Mvc.Testing.WebApplicationFactory`1.CreateDefaultClient(Uri baseAddress, DelegatingHandler[] handlers)
   at Microsoft.AspNetCore.Mvc.Testing.WebApplicationFactory`1.CreateClient(WebApplicationFactoryClientOptions options)
   at Microsoft.AspNetCore.Mvc.Testing.WebApplicationFactory`1.CreateClient()
   at FleetMind.Api.IntegrationTests.TestHelpers.AuthenticatedClientHelper.GetAuthenticatedClientAsync(WebApplicationFactory`1 factory, String email, String password) in C:\Users\Tamanna\Desktop\entnt\fleetmind-ai\backend\FleetMind.Api.IntegrationTests\TestHelpers\AuthenticatedClientHelper.cs:line 17
   at FleetMind.Api.IntegrationTests.Controllers.RoleBasedAccessMatrixTests.RoleBasedAccessMatrix_Endpoint_ReturnsExpectedStatus(String email, String password, String role, String methodStr, String route, Object payload, HttpStatusCode expectedStatus) in C:\Users\Tamanna\Desktop\entnt\fleetmind-ai\backend\FleetMind.Api.IntegrationTests\Controllers\RoleBasedAccessMatrixTests.cs:line 87
--- End of stack trace from previous location ---
----- Inner Stack Trace -----
   at Microsoft.Data.Sqlite.SqliteException.ThrowExceptionForRC(Int32 rc, sqlite3 db)
   at Microsoft.Data.Sqlite.SqliteDataReader.NextResult()
   at Microsoft.Data.Sqlite.SqliteCommand.ExecuteReader(CommandBehavior behavior)
   at Microsoft.Data.Sqlite.SqliteCommand.ExecuteDbDataReaderAsync(CommandBehavior behavior, CancellationToken cancellationToken)
   at Microsoft.EntityFrameworkCore.Storage.RelationalCommand.ExecuteReaderAsync(RelationalCommandParameterObject parameterObject, CancellationToken cancellationToken)
   at Microsoft.EntityFrameworkCore.Storage.RelationalCommand.ExecuteReaderAsync(RelationalCommandParameterObject parameterObject, CancellationToken cancellationToken)
   at Microsoft.EntityFrameworkCore.Update.ReaderModificationCommandBatch.ExecuteAsync(IRelationalConnection connection, CancellationToken cancellationToken)
[16:18:50 ERR] Failed executing DbCommand (0ms) [Parameters=[@p0='?' (DbType = Guid), @p1='?' (DbType = DateTime), @p2='?', @p3='?' (DbType = Guid), @p4='?' (DbType = Decimal), @p5='?' (Size = 7), @p6='?' (DbType = Boolean), @p7='?' (Size = 9), @p8='?' (DbType = Guid), @p9='?' (Size = 6), @p10='?', @p11='?' (DbType = DateTime), @p12='?' (DbType = Int32)], CommandType='Text', CommandTimeout='30']
INSERT INTO "Ships" ("Id", "CreatedAt", "Flag", "FleetId", "GrossTonnage", "IMO", "IsDeleted", "Name", "PrimaryPhotoAttachmentId", "Status", "Type", "UpdatedAt", "YearBuilt")
VALUES (@p0, @p1, @p2, @p3, @p4, @p5, @p6, @p7, @p8, @p9, @p10, @p11, @p12);
[16:18:50 ERR] An exception occurred in the database while saving changes for context type 'FleetMind.Api.Data.FleetMindDbContext'.
Microsoft.EntityFrameworkCore.DbUpdateException: An error occurred while saving the entity changes. See the inner exception for details.
 ---> Microsoft.Data.Sqlite.SqliteException (0x80004005): SQLite Error 19: 'NOT NULL constraint failed: Ships.Type'.
   at Microsoft.Data.Sqlite.SqliteException.ThrowExceptionForRC(Int32 rc, sqlite3 db)
   at Microsoft.Data.Sqlite.SqliteDataReader.NextResult()
   at Microsoft.Data.Sqlite.SqliteCommand.ExecuteReader(CommandBehavior behavior)
   at Microsoft.Data.Sqlite.SqliteCommand.ExecuteDbDataReaderAsync(CommandBehavior behavior, CancellationToken cancellationToken)
   at Microsoft.EntityFrameworkCore.Storage.RelationalCommand.ExecuteReaderAsync(RelationalCommandParameterObject parameterObject, CancellationToken cancellationToken)
   at Microsoft.EntityFrameworkCore.Storage.RelationalCommand.ExecuteReaderAsync(RelationalCommandParameterObject parameterObject, CancellationToken cancellationToken)
   at Microsoft.EntityFrameworkCore.Update.ReaderModificationCommandBatch.ExecuteAsync(IRelationalConnection connection, CancellationToken cancellationToken)
   --- End of inner exception stack trace ---
   at Microsoft.EntityFrameworkCore.Update.ReaderModificationCommandBatch.ExecuteAsync(IRelationalConnection connection, CancellationToken cancellationToken)
   at Microsoft.EntityFrameworkCore.Update.Internal.BatchExecutor.ExecuteAsync(IEnumerable`1 commandBatches, IRelationalConnection connection, CancellationToken cancellationToken)
   at Microsoft.EntityFrameworkCore.Update.Internal.BatchExecutor.ExecuteAsync(IEnumerable`1 commandBatches, IRelationalConnection connection, CancellationToken cancellationToken)
   at Microsoft.EntityFrameworkCore.Update.Internal.BatchExecutor.ExecuteAsync(IEnumerable`1 commandBatches, IRelationalConnection connection, CancellationToken cancellationToken)
   at Microsoft.EntityFrameworkCore.Storage.RelationalDatabase.SaveChangesAsync(IList`1 entries, CancellationToken cancellationToken)
   at Microsoft.EntityFrameworkCore.ChangeTracking.Internal.StateManager.SaveChangesAsync(IList`1 entriesToSave, CancellationToken cancellationToken)
   at Microsoft.EntityFrameworkCore.ChangeTracking.Internal.StateManager.SaveChangesAsync(StateManager stateManager, Boolean acceptAllChangesOnSuccess, CancellationToken cancellationToken)
   at Microsoft.EntityFrameworkCore.DbContext.SaveChangesAsync(Boolean acceptAllChangesOnSuccess, CancellationToken cancellationToken)
Microsoft.EntityFrameworkCore.DbUpdateException: An error occurred while saving the entity changes. See the inner exception for details.
 ---> Microsoft.Data.Sqlite.SqliteException (0x80004005): SQLite Error 19: 'NOT NULL constraint failed: Ships.Type'.
   at Microsoft.Data.Sqlite.SqliteException.ThrowExceptionForRC(Int32 rc, sqlite3 db)
   at Microsoft.Data.Sqlite.SqliteDataReader.NextResult()
   at Microsoft.Data.Sqlite.SqliteCommand.ExecuteReader(CommandBehavior behavior)
   at Microsoft.Data.Sqlite.SqliteCommand.ExecuteDbDataReaderAsync(CommandBehavior behavior, CancellationToken cancellationToken)
   at Microsoft.EntityFrameworkCore.Storage.RelationalCommand.ExecuteReaderAsync(RelationalCommandParameterObject parameterObject, CancellationToken cancellationToken)
   at Microsoft.EntityFrameworkCore.Storage.RelationalCommand.ExecuteReaderAsync(RelationalCommandParameterObject parameterObject, CancellationToken cancellationToken)
   at Microsoft.EntityFrameworkCore.Update.ReaderModificationCommandBatch.ExecuteAsync(IRelationalConnection connection, CancellationToken cancellationToken)
   --- End of inner exception stack trace ---
   at Microsoft.EntityFrameworkCore.Update.ReaderModificationCommandBatch.ExecuteAsync(IRelationalConnection connection, CancellationToken cancellationToken)
   at Microsoft.EntityFrameworkCore.Update.Internal.BatchExecutor.ExecuteAsync(IEnumerable`1 commandBatches, IRelationalConnection connection, CancellationToken cancellationToken)
   at Microsoft.EntityFrameworkCore.Update.Internal.BatchExecutor.ExecuteAsync(IEnumerable`1 commandBatches, IRelationalConnection connection, CancellationToken cancellationToken)
   at Microsoft.EntityFrameworkCore.Update.Internal.BatchExecutor.ExecuteAsync(IEnumerable`1 commandBatches, IRelationalConnection connection, CancellationToken cancellationToken)
   at Microsoft.EntityFrameworkCore.Storage.RelationalDatabase.SaveChangesAsync(IList`1 entries, CancellationToken cancellationToken)
   at Microsoft.EntityFrameworkCore.ChangeTracking.Internal.StateManager.SaveChangesAsync(IList`1 entriesToSave, CancellationToken cancellationToken)
   at Microsoft.EntityFrameworkCore.ChangeTracking.Internal.StateManager.SaveChangesAsync(StateManager stateManager, Boolean acceptAllChangesOnSuccess, CancellationToken cancellationToken)
   at Microsoft.EntityFrameworkCore.DbContext.SaveChangesAsync(Boolean acceptAllChangesOnSuccess, CancellationToken cancellationToken)
[16:18:50 FTL] Application terminated unexpectedly
Microsoft.EntityFrameworkCore.DbUpdateException: An error occurred while saving the entity changes. See the inner exception for details.
 ---> Microsoft.Data.Sqlite.SqliteException (0x80004005): SQLite Error 19: 'NOT NULL constraint failed: Ships.Type'.
   at Microsoft.Data.Sqlite.SqliteException.ThrowExceptionForRC(Int32 rc, sqlite3 db)
   at Microsoft.Data.Sqlite.SqliteDataReader.NextResult()
   at Microsoft.Data.Sqlite.SqliteCommand.ExecuteReader(CommandBehavior behavior)
   at Microsoft.Data.Sqlite.SqliteCommand.ExecuteDbDataReaderAsync(CommandBehavior behavior, CancellationToken cancellationToken)
   at Microsoft.EntityFrameworkCore.Storage.RelationalCommand.ExecuteReaderAsync(RelationalCommandParameterObject parameterObject, CancellationToken cancellationToken)
   at Microsoft.EntityFrameworkCore.Storage.RelationalCommand.ExecuteReaderAsync(RelationalCommandParameterObject parameterObject, CancellationToken cancellationToken)
   at Microsoft.EntityFrameworkCore.Update.ReaderModificationCommandBatch.ExecuteAsync(IRelationalConnection connection, CancellationToken cancellationToken)
   --- End of inner exception stack trace ---
   at Microsoft.EntityFrameworkCore.Update.ReaderModificationCommandBatch.ExecuteAsync(IRelationalConnection connection, CancellationToken cancellationToken)
   at Microsoft.EntityFrameworkCore.Update.Internal.BatchExecutor.ExecuteAsync(IEnumerable`1 commandBatches, IRelationalConnection connection, CancellationToken cancellationToken)
   at Microsoft.EntityFrameworkCore.Update.Internal.BatchExecutor.ExecuteAsync(IEnumerable`1 commandBatches, IRelationalConnection connection, CancellationToken cancellationToken)
   at Microsoft.EntityFrameworkCore.Update.Internal.BatchExecutor.ExecuteAsync(IEnumerable`1 commandBatches, IRelationalConnection connection, CancellationToken cancellationToken)
   at Microsoft.EntityFrameworkCore.Storage.RelationalDatabase.SaveChangesAsync(IList`1 entries, CancellationToken cancellationToken)
   at Microsoft.EntityFrameworkCore.ChangeTracking.Internal.StateManager.SaveChangesAsync(IList`1 entriesToSave, CancellationToken cancellationToken)
   at Microsoft.EntityFrameworkCore.ChangeTracking.Internal.StateManager.SaveChangesAsync(StateManager stateManager, Boolean acceptAllChangesOnSuccess, CancellationToken cancellationToken)
   at Microsoft.EntityFrameworkCore.DbContext.SaveChangesAsync(Boolean acceptAllChangesOnSuccess, CancellationToken cancellationToken)
   at Microsoft.EntityFrameworkCore.DbContext.SaveChangesAsync(Boolean acceptAllChangesOnSuccess, CancellationToken cancellationToken)
   at FleetMind.Api.Data.FleetMindDbContext.SaveChangesAsync(CancellationToken cancellationToken) in C:\Users\Tamanna\Desktop\entnt\fleetmind-ai\backend\FleetMind.Api\Data\FleetMindDbContext.cs:line 162
   at FleetMind.Api.Data.FleetMindDbContext.SaveChanges() in C:\Users\Tamanna\Desktop\entnt\fleetmind-ai\backend\FleetMind.Api\Data\FleetMindDbContext.cs:line 89
   at FleetMind.Api.IntegrationTests.CustomWebApplicationFactory.<>c.<ConfigureWebHost>b__2_2(IServiceCollection services) in C:\Users\Tamanna\Desktop\entnt\fleetmind-ai\backend\FleetMind.Api.IntegrationTests\CustomWebApplicationFactory.cs:line 125
   at Microsoft.Extensions.Hosting.HostApplicationBuilder.HostBuilderAdapter.ApplyChanges()
   at Microsoft.Extensions.Hosting.HostApplicationBuilder.Build()
   at Microsoft.AspNetCore.Builder.WebApplicationBuilder.Build()
   at Program.<Main>$(String[] args) in C:\Users\Tamanna\Desktop\entnt\fleetmind-ai\backend\FleetMind.Api\Program.cs:line 205
[xUnit.net 00:00:39.18]       Microsoft.EntityFrameworkCore.DbUpdateException : An error occurred while saving the entity changes. See the inner exception for details.
[xUnit.net 00:00:39.18]       ---- Microsoft.Data.Sqlite.SqliteException : SQLite Error 19: 'NOT NULL constraint failed: Ships.Type'.
[xUnit.net 00:00:39.18]       Stack Trace:
[xUnit.net 00:00:39.19]            at Microsoft.EntityFrameworkCore.Update.ReaderModificationCommandBatch.ExecuteAsync(IRelationalConnection connection, CancellationToken cancellationToken)
[xUnit.net 00:00:39.19]            at Microsoft.EntityFrameworkCore.Update.Internal.BatchExecutor.ExecuteAsync(IEnumerable`1 commandBatches, IRelationalConnection connection, CancellationToken cancellationToken)
[xUnit.net 00:00:39.19]            at Microsoft.EntityFrameworkCore.Update.Internal.BatchExecutor.ExecuteAsync(IEnumerable`1 commandBatches, IRelationalConnection connection, CancellationToken cancellationToken)
[xUnit.net 00:00:39.19]            at Microsoft.EntityFrameworkCore.Update.Internal.BatchExecutor.ExecuteAsync(IEnumerable`1 commandBatches, IRelationalConnection connection, CancellationToken cancellationToken)
[xUnit.net 00:00:39.19]            at Microsoft.EntityFrameworkCore.Storage.RelationalDatabase.SaveChangesAsync(IList`1 entries, CancellationToken cancellationToken)
[xUnit.net 00:00:39.19]            at Microsoft.EntityFrameworkCore.ChangeTracking.Internal.StateManager.SaveChangesAsync(IList`1 entriesToSave, CancellationToken cancellationToken)
[xUnit.net 00:00:39.19]            at Microsoft.EntityFrameworkCore.ChangeTracking.Internal.StateManager.SaveChangesAsync(StateManager stateManager, Boolean acceptAllChangesOnSuccess, CancellationToken cancellationToken)
[xUnit.net 00:00:39.19]            at Microsoft.EntityFrameworkCore.DbContext.SaveChangesAsync(Boolean acceptAllChangesOnSuccess, CancellationToken cancellationToken)
[xUnit.net 00:00:39.19]            at Microsoft.EntityFrameworkCore.DbContext.SaveChangesAsync(Boolean acceptAllChangesOnSuccess, CancellationToken cancellationToken)
[xUnit.net 00:00:39.19]         C:\Users\Tamanna\Desktop\entnt\fleetmind-ai\backend\FleetMind.Api\Data\FleetMindDbContext.cs(162,0): at FleetMind.Api.Data.FleetMindDbContext.SaveChangesAsync(CancellationToken cancellationToken)
[xUnit.net 00:00:39.19]         C:\Users\Tamanna\Desktop\entnt\fleetmind-ai\backend\FleetMind.Api\Data\FleetMindDbContext.cs(89,0): at FleetMind.Api.Data.FleetMindDbContext.SaveChanges()
[xUnit.net 00:00:39.19]         C:\Users\Tamanna\Desktop\entnt\fleetmind-ai\backend\FleetMind.Api.IntegrationTests\CustomWebApplicationFactory.cs(125,0): at FleetMind.Api.IntegrationTests.CustomWebApplicationFactory.<>c.<ConfigureWebHost>b__2_2(IServiceCollection services)
[xUnit.net 00:00:39.19]            at Microsoft.Extensions.Hosting.HostApplicationBuilder.HostBuilderAdapter.ApplyChanges()
[xUnit.net 00:00:39.19]            at Microsoft.Extensions.Hosting.HostApplicationBuilder.Build()
[xUnit.net 00:00:39.19]            at Microsoft.AspNetCore.Builder.WebApplicationBuilder.Build()
[xUnit.net 00:00:39.19]         C:\Users\Tamanna\Desktop\entnt\fleetmind-ai\backend\FleetMind.Api\Program.cs(205,0): at Program.<Main>$(String[] args)
[xUnit.net 00:00:39.19]            at Program.<Main>(String[] args)
[xUnit.net 00:00:39.19]            at InvokeStub_Program.<Main>(Object, Span`1)
[xUnit.net 00:00:39.19]            at System.Reflection.MethodBaseInvoker.InvokeWithOneArg(Object obj, BindingFlags invokeAttr, Binder binder, Object[] parameters, CultureInfo culture)
[xUnit.net 00:00:39.19]         --- End of stack trace from previous location ---
[xUnit.net 00:00:39.19]            at Microsoft.Extensions.Hosting.HostFactoryResolver.HostingListener.CreateHost()
[xUnit.net 00:00:39.19]            at Microsoft.Extensions.Hosting.HostFactoryResolver.<>c__DisplayClass10_0.<ResolveHostFactory>b__0(String[] args)
[xUnit.net 00:00:39.19]            at Microsoft.AspNetCore.Mvc.Testing.DeferredHostBuilder.Build()
[xUnit.net 00:00:39.19]            at Microsoft.AspNetCore.Mvc.Testing.WebApplicationFactory`1.CreateHost(IHostBuilder builder)
[xUnit.net 00:00:39.19]            at Microsoft.AspNetCore.Mvc.Testing.WebApplicationFactory`1.ConfigureHostBuilder(IHostBuilder hostBuilder)
[xUnit.net 00:00:39.19]            at Microsoft.AspNetCore.Mvc.Testing.WebApplicationFactory`1.EnsureServer()
[xUnit.net 00:00:39.19]            at Microsoft.AspNetCore.Mvc.Testing.WebApplicationFactory`1.CreateDefaultClient(DelegatingHandler[] handlers)
[xUnit.net 00:00:39.19]            at Microsoft.AspNetCore.Mvc.Testing.WebApplicationFactory`1.CreateDefaultClient(Uri baseAddress, DelegatingHandler[] handlers)
[xUnit.net 00:00:39.19]            at Microsoft.AspNetCore.Mvc.Testing.WebApplicationFactory`1.CreateClient(WebApplicationFactoryClientOptions options)
[xUnit.net 00:00:39.19]            at Microsoft.AspNetCore.Mvc.Testing.WebApplicationFactory`1.CreateClient()
[xUnit.net 00:00:39.19]         C:\Users\Tamanna\Desktop\entnt\fleetmind-ai\backend\FleetMind.Api.IntegrationTests\TestHelpers\AuthenticatedClientHelper.cs(17,0): at FleetMind.Api.IntegrationTests.TestHelpers.AuthenticatedClientHelper.GetAuthenticatedClientAsync(WebApplicationFactory`1 factory, String email, String password)
[xUnit.net 00:00:39.19]         C:\Users\Tamanna\Desktop\entnt\fleetmind-ai\backend\FleetMind.Api.IntegrationTests\Controllers\RoleBasedAccessMatrixTests.cs(87,0): at FleetMind.Api.IntegrationTests.Controllers.RoleBasedAccessMatrixTests.RoleBasedAccessMatrix_Endpoint_ReturnsExpectedStatus(String email, String password, String role, String methodStr, String route, Object payload, HttpStatusCode expectedStatus)
[xUnit.net 00:00:39.19]         --- End of stack trace from previous location ---
[xUnit.net 00:00:39.19]         ----- Inner Stack Trace -----
[xUnit.net 00:00:39.19]            at Microsoft.Data.Sqlite.SqliteException.ThrowExceptionForRC(Int32 rc, sqlite3 db)
[xUnit.net 00:00:39.19]            at Microsoft.Data.Sqlite.SqliteDataReader.NextResult()
[xUnit.net 00:00:39.19]            at Microsoft.Data.Sqlite.SqliteCommand.ExecuteReader(CommandBehavior behavior)
[xUnit.net 00:00:39.19]            at Microsoft.Data.Sqlite.SqliteCommand.ExecuteDbDataReaderAsync(CommandBehavior behavior, CancellationToken cancellationToken)
[xUnit.net 00:00:39.19]            at Microsoft.EntityFrameworkCore.Storage.RelationalCommand.ExecuteReaderAsync(RelationalCommandParameterObject parameterObject, CancellationToken cancellationToken)
[xUnit.net 00:00:39.19]            at Microsoft.EntityFrameworkCore.Storage.RelationalCommand.ExecuteReaderAsync(RelationalCommandParameterObject parameterObject, CancellationToken cancellationToken)
[xUnit.net 00:00:39.19]            at Microsoft.EntityFrameworkCore.Update.ReaderModificationCommandBatch.ExecuteAsync(IRelationalConnection connection, CancellationToken cancellationToken)
  Failed FleetMind.Api.IntegrationTests.Controllers.RoleBasedAccessMatrixTests.RoleBasedAccessMatrix_Endpoint_ReturnsExpectedStatus(email: "maintenanceofficer@test.com", password: "MaintenancePass123!", role: "MaintenanceOfficer", methodStr: "POST", route: "/api/v1/fleets", payload: CreateFleetDto { Description = null, HomePortId = 00000000-0000-0000-0000-000000000001, Name = "Matrix Fleet", Status = "Active" }, expectedStatus: Forbidden) [2 s]
  Error Message:
   Microsoft.EntityFrameworkCore.DbUpdateException : An error occurred while saving the entity changes. See the inner exception for details.
---- Microsoft.Data.Sqlite.SqliteException : SQLite Error 19: 'NOT NULL constraint failed: Ships.Type'.
  Stack Trace:
     at Microsoft.EntityFrameworkCore.Update.ReaderModificationCommandBatch.ExecuteAsync(IRelationalConnection connection, CancellationToken cancellationToken)
   at Microsoft.EntityFrameworkCore.Update.Internal.BatchExecutor.ExecuteAsync(IEnumerable`1 commandBatches, IRelationalConnection connection, CancellationToken cancellationToken)
   at Microsoft.EntityFrameworkCore.Update.Internal.BatchExecutor.ExecuteAsync(IEnumerable`1 commandBatches, IRelationalConnection connection, CancellationToken cancellationToken)
   at Microsoft.EntityFrameworkCore.Update.Internal.BatchExecutor.ExecuteAsync(IEnumerable`1 commandBatches, IRelationalConnection connection, CancellationToken cancellationToken)
   at Microsoft.EntityFrameworkCore.Storage.RelationalDatabase.SaveChangesAsync(IList`1 entries, CancellationToken cancellationToken)
   at Microsoft.EntityFrameworkCore.ChangeTracking.Internal.StateManager.SaveChangesAsync(IList`1 entriesToSave, CancellationToken cancellationToken)
   at Microsoft.EntityFrameworkCore.ChangeTracking.Internal.StateManager.SaveChangesAsync(StateManager stateManager, Boolean acceptAllChangesOnSuccess, CancellationToken cancellationToken)
   at Microsoft.EntityFrameworkCore.DbContext.SaveChangesAsync(Boolean acceptAllChangesOnSuccess, CancellationToken cancellationToken)
   at Microsoft.EntityFrameworkCore.DbContext.SaveChangesAsync(Boolean acceptAllChangesOnSuccess, CancellationToken cancellationToken)
   at FleetMind.Api.Data.FleetMindDbContext.SaveChangesAsync(CancellationToken cancellationToken) in C:\Users\Tamanna\Desktop\entnt\fleetmind-ai\backend\FleetMind.Api\Data\FleetMindDbContext.cs:line 162
   at FleetMind.Api.Data.FleetMindDbContext.SaveChanges() in C:\Users\Tamanna\Desktop\entnt\fleetmind-ai\backend\FleetMind.Api\Data\FleetMindDbContext.cs:line 89
   at FleetMind.Api.IntegrationTests.CustomWebApplicationFactory.<>c.<ConfigureWebHost>b__2_2(IServiceCollection services) in C:\Users\Tamanna\Desktop\entnt\fleetmind-ai\backend\FleetMind.Api.IntegrationTests\CustomWebApplicationFactory.cs:line 125
   at Microsoft.Extensions.Hosting.HostApplicationBuilder.HostBuilderAdapter.ApplyChanges()
   at Microsoft.Extensions.Hosting.HostApplicationBuilder.Build()
   at Microsoft.AspNetCore.Builder.WebApplicationBuilder.Build()
   at Program.<Main>$(String[] args) in C:\Users\Tamanna\Desktop\entnt\fleetmind-ai\backend\FleetMind.Api\Program.cs:line 205
   at Program.<Main>(String[] args)
   at InvokeStub_Program.<Main>(Object, Span`1)
   at System.Reflection.MethodBaseInvoker.InvokeWithOneArg(Object obj, BindingFlags invokeAttr, Binder binder, Object[] parameters, CultureInfo culture)
--- End of stack trace from previous location ---
   at Microsoft.Extensions.Hosting.HostFactoryResolver.HostingListener.CreateHost()
   at Microsoft.Extensions.Hosting.HostFactoryResolver.<>c__DisplayClass10_0.<ResolveHostFactory>b__0(String[] args)
   at Microsoft.AspNetCore.Mvc.Testing.DeferredHostBuilder.Build()
   at Microsoft.AspNetCore.Mvc.Testing.WebApplicationFactory`1.CreateHost(IHostBuilder builder)
   at Microsoft.AspNetCore.Mvc.Testing.WebApplicationFactory`1.ConfigureHostBuilder(IHostBuilder hostBuilder)
   at Microsoft.AspNetCore.Mvc.Testing.WebApplicationFactory`1.EnsureServer()
   at Microsoft.AspNetCore.Mvc.Testing.WebApplicationFactory`1.CreateDefaultClient(DelegatingHandler[] handlers)
   at Microsoft.AspNetCore.Mvc.Testing.WebApplicationFactory`1.CreateDefaultClient(Uri baseAddress, DelegatingHandler[] handlers)
   at Microsoft.AspNetCore.Mvc.Testing.WebApplicationFactory`1.CreateClient(WebApplicationFactoryClientOptions options)
   at Microsoft.AspNetCore.Mvc.Testing.WebApplicationFactory`1.CreateClient()
   at FleetMind.Api.IntegrationTests.TestHelpers.AuthenticatedClientHelper.GetAuthenticatedClientAsync(WebApplicationFactory`1 factory, String email, String password) in C:\Users\Tamanna\Desktop\entnt\fleetmind-ai\backend\FleetMind.Api.IntegrationTests\TestHelpers\AuthenticatedClientHelper.cs:line 17
   at FleetMind.Api.IntegrationTests.Controllers.RoleBasedAccessMatrixTests.RoleBasedAccessMatrix_Endpoint_ReturnsExpectedStatus(String email, String password, String role, String methodStr, String route, Object payload, HttpStatusCode expectedStatus) in C:\Users\Tamanna\Desktop\entnt\fleetmind-ai\backend\FleetMind.Api.IntegrationTests\Controllers\RoleBasedAccessMatrixTests.cs:line 87
--- End of stack trace from previous location ---
----- Inner Stack Trace -----
   at Microsoft.Data.Sqlite.SqliteException.ThrowExceptionForRC(Int32 rc, sqlite3 db)
   at Microsoft.Data.Sqlite.SqliteDataReader.NextResult()
   at Microsoft.Data.Sqlite.SqliteCommand.ExecuteReader(CommandBehavior behavior)
   at Microsoft.Data.Sqlite.SqliteCommand.ExecuteDbDataReaderAsync(CommandBehavior behavior, CancellationToken cancellationToken)
   at Microsoft.EntityFrameworkCore.Storage.RelationalCommand.ExecuteReaderAsync(RelationalCommandParameterObject parameterObject, CancellationToken cancellationToken)
   at Microsoft.EntityFrameworkCore.Storage.RelationalCommand.ExecuteReaderAsync(RelationalCommandParameterObject parameterObject, CancellationToken cancellationToken)
   at Microsoft.EntityFrameworkCore.Update.ReaderModificationCommandBatch.ExecuteAsync(IRelationalConnection connection, CancellationToken cancellationToken)
[16:18:52 ERR] Failed executing DbCommand (0ms) [Parameters=[@p0='?' (DbType = Guid), @p1='?' (DbType = DateTime), @p2='?', @p3='?' (DbType = Guid), @p4='?' (DbType = Decimal), @p5='?' (Size = 7), @p6='?' (DbType = Boolean), @p7='?' (Size = 9), @p8='?' (DbType = Guid), @p9='?' (Size = 6), @p10='?', @p11='?' (DbType = DateTime), @p12='?' (DbType = Int32)], CommandType='Text', CommandTimeout='30']
INSERT INTO "Ships" ("Id", "CreatedAt", "Flag", "FleetId", "GrossTonnage", "IMO", "IsDeleted", "Name", "PrimaryPhotoAttachmentId", "Status", "Type", "UpdatedAt", "YearBuilt")
VALUES (@p0, @p1, @p2, @p3, @p4, @p5, @p6, @p7, @p8, @p9, @p10, @p11, @p12);
[16:18:52 ERR] An exception occurred in the database while saving changes for context type 'FleetMind.Api.Data.FleetMindDbContext'.
Microsoft.EntityFrameworkCore.DbUpdateException: An error occurred while saving the entity changes. See the inner exception for details.
 ---> Microsoft.Data.Sqlite.SqliteException (0x80004005): SQLite Error 19: 'NOT NULL constraint failed: Ships.Type'.
   at Microsoft.Data.Sqlite.SqliteException.ThrowExceptionForRC(Int32 rc, sqlite3 db)
   at Microsoft.Data.Sqlite.SqliteDataReader.NextResult()
   at Microsoft.Data.Sqlite.SqliteCommand.ExecuteReader(CommandBehavior behavior)
   at Microsoft.Data.Sqlite.SqliteCommand.ExecuteDbDataReaderAsync(CommandBehavior behavior, CancellationToken cancellationToken)
   at Microsoft.EntityFrameworkCore.Storage.RelationalCommand.ExecuteReaderAsync(RelationalCommandParameterObject parameterObject, CancellationToken cancellationToken)
   at Microsoft.EntityFrameworkCore.Storage.RelationalCommand.ExecuteReaderAsync(RelationalCommandParameterObject parameterObject, CancellationToken cancellationToken)
   at Microsoft.EntityFrameworkCore.Update.ReaderModificationCommandBatch.ExecuteAsync(IRelationalConnection connection, CancellationToken cancellationToken)
   --- End of inner exception stack trace ---
   at Microsoft.EntityFrameworkCore.Update.ReaderModificationCommandBatch.ExecuteAsync(IRelationalConnection connection, CancellationToken cancellationToken)
   at Microsoft.EntityFrameworkCore.Update.Internal.BatchExecutor.ExecuteAsync(IEnumerable`1 commandBatches, IRelationalConnection connection, CancellationToken cancellationToken)
   at Microsoft.EntityFrameworkCore.Update.Internal.BatchExecutor.ExecuteAsync(IEnumerable`1 commandBatches, IRelationalConnection connection, CancellationToken cancellationToken)
   at Microsoft.EntityFrameworkCore.Update.Internal.BatchExecutor.ExecuteAsync(IEnumerable`1 commandBatches, IRelationalConnection connection, CancellationToken cancellationToken)
   at Microsoft.EntityFrameworkCore.Storage.RelationalDatabase.SaveChangesAsync(IList`1 entries, CancellationToken cancellationToken)
   at Microsoft.EntityFrameworkCore.ChangeTracking.Internal.StateManager.SaveChangesAsync(IList`1 entriesToSave, CancellationToken cancellationToken)
   at Microsoft.EntityFrameworkCore.ChangeTracking.Internal.StateManager.SaveChangesAsync(StateManager stateManager, Boolean acceptAllChangesOnSuccess, CancellationToken cancellationToken)
   at Microsoft.EntityFrameworkCore.DbContext.SaveChangesAsync(Boolean acceptAllChangesOnSuccess, CancellationToken cancellationToken)
Microsoft.EntityFrameworkCore.DbUpdateException: An error occurred while saving the entity changes. See the inner exception for details.
 ---> Microsoft.Data.Sqlite.SqliteException (0x80004005): SQLite Error 19: 'NOT NULL constraint failed: Ships.Type'.
   at Microsoft.Data.Sqlite.SqliteException.ThrowExceptionForRC(Int32 rc, sqlite3 db)
   at Microsoft.Data.Sqlite.SqliteDataReader.NextResult()
   at Microsoft.Data.Sqlite.SqliteCommand.ExecuteReader(CommandBehavior behavior)
   at Microsoft.Data.Sqlite.SqliteCommand.ExecuteDbDataReaderAsync(CommandBehavior behavior, CancellationToken cancellationToken)
   at Microsoft.EntityFrameworkCore.Storage.RelationalCommand.ExecuteReaderAsync(RelationalCommandParameterObject parameterObject, CancellationToken cancellationToken)
   at Microsoft.EntityFrameworkCore.Storage.RelationalCommand.ExecuteReaderAsync(RelationalCommandParameterObject parameterObject, CancellationToken cancellationToken)
   at Microsoft.EntityFrameworkCore.Update.ReaderModificationCommandBatch.ExecuteAsync(IRelationalConnection connection, CancellationToken cancellationToken)
   --- End of inner exception stack trace ---
   at Microsoft.EntityFrameworkCore.Update.ReaderModificationCommandBatch.ExecuteAsync(IRelationalConnection connection, CancellationToken cancellationToken)
   at Microsoft.EntityFrameworkCore.Update.Internal.BatchExecutor.ExecuteAsync(IEnumerable`1 commandBatches, IRelationalConnection connection, CancellationToken cancellationToken)
   at Microsoft.EntityFrameworkCore.Update.Internal.BatchExecutor.ExecuteAsync(IEnumerable`1 commandBatches, IRelationalConnection connection, CancellationToken cancellationToken)
   at Microsoft.EntityFrameworkCore.Update.Internal.BatchExecutor.ExecuteAsync(IEnumerable`1 commandBatches, IRelationalConnection connection, CancellationToken cancellationToken)
   at Microsoft.EntityFrameworkCore.Storage.RelationalDatabase.SaveChangesAsync(IList`1 entries, CancellationToken cancellationToken)
   at Microsoft.EntityFrameworkCore.ChangeTracking.Internal.StateManager.SaveChangesAsync(IList`1 entriesToSave, CancellationToken cancellationToken)
   at Microsoft.EntityFrameworkCore.ChangeTracking.Internal.StateManager.SaveChangesAsync(StateManager stateManager, Boolean acceptAllChangesOnSuccess, CancellationToken cancellationToken)
   at Microsoft.EntityFrameworkCore.DbContext.SaveChangesAsync(Boolean acceptAllChangesOnSuccess, CancellationToken cancellationToken)
[16:18:52 FTL] Application terminated unexpectedly
Microsoft.EntityFrameworkCore.DbUpdateException: An error occurred while saving the entity changes. See the inner exception for details.
 ---> Microsoft.Data.Sqlite.SqliteException (0x80004005): SQLite Error 19: 'NOT NULL constraint failed: Ships.Type'.
   at Microsoft.Data.Sqlite.SqliteException.ThrowExceptionForRC(Int32 rc, sqlite3 db)
   at Microsoft.Data.Sqlite.SqliteDataReader.NextResult()
   at Microsoft.Data.Sqlite.SqliteCommand.ExecuteReader(CommandBehavior behavior)
   at Microsoft.Data.Sqlite.SqliteCommand.ExecuteDbDataReaderAsync(CommandBehavior behavior, CancellationToken cancellationToken)
   at Microsoft.EntityFrameworkCore.Storage.RelationalCommand.ExecuteReaderAsync(RelationalCommandParameterObject parameterObject, CancellationToken cancellationToken)
   at Microsoft.EntityFrameworkCore.Storage.RelationalCommand.ExecuteReaderAsync(RelationalCommandParameterObject parameterObject, CancellationToken cancellationToken)
   at Microsoft.EntityFrameworkCore.Update.ReaderModificationCommandBatch.ExecuteAsync(IRelationalConnection connection, CancellationToken cancellationToken)
   --- End of inner exception stack trace ---
   at Microsoft.EntityFrameworkCore.Update.ReaderModificationCommandBatch.ExecuteAsync(IRelationalConnection connection, CancellationToken cancellationToken)
   at Microsoft.EntityFrameworkCore.Update.Internal.BatchExecutor.ExecuteAsync(IEnumerable`1 commandBatches, IRelationalConnection connection, CancellationToken cancellationToken)
   at Microsoft.EntityFrameworkCore.Update.Internal.BatchExecutor.ExecuteAsync(IEnumerable`1 commandBatches, IRelationalConnection connection, CancellationToken cancellationToken)
   at Microsoft.EntityFrameworkCore.Update.Internal.BatchExecutor.ExecuteAsync(IEnumerable`1 commandBatches, IRelationalConnection connection, CancellationToken cancellationToken)
   at Microsoft.EntityFrameworkCore.Storage.RelationalDatabase.SaveChangesAsync(IList`1 entries, CancellationToken cancellationToken)
   at Microsoft.EntityFrameworkCore.ChangeTracking.Internal.StateManager.SaveChangesAsync(IList`1 entriesToSave, CancellationToken cancellationToken)
   at Microsoft.EntityFrameworkCore.ChangeTracking.Internal.StateManager.SaveChangesAsync(StateManager stateManager, Boolean acceptAllChangesOnSuccess, CancellationToken cancellationToken)
   at Microsoft.EntityFrameworkCore.DbContext.SaveChangesAsync(Boolean acceptAllChangesOnSuccess, CancellationToken cancellationToken)
   at Microsoft.EntityFrameworkCore.DbContext.SaveChangesAsync(Boolean acceptAllChangesOnSuccess, CancellationToken cancellationToken)
   at FleetMind.Api.Data.FleetMindDbContext.SaveChangesAsync(CancellationToken cancellationToken) in C:\Users\Tamanna\Desktop\entnt\fleetmind-ai\backend\FleetMind.Api\Data\FleetMindDbContext.cs:line 162
   at FleetMind.Api.Data.FleetMindDbContext.SaveChanges() in C:\Users\Tamanna\Desktop\entnt\fleetmind-ai\backend\FleetMind.Api\Data\FleetMindDbContext.cs:line 89
   at FleetMind.Api.IntegrationTests.CustomWebApplicationFactory.<>c.<ConfigureWebHost>b__2_2(IServiceCollection services) in C:\Users\Tamanna\Desktop\entnt\fleetmind-ai\backend\FleetMind.Api.IntegrationTests\CustomWebApplicationFactory.cs:line 125
   at Microsoft.Extensions.Hosting.HostApplicationBuilder.HostBuilderAdapter.ApplyChanges()
   at Microsoft.Extensions.Hosting.HostApplicationBuilder.Build()
   at Microsoft.AspNetCore.Builder.WebApplicationBuilder.Build()
   at Program.<Main>$(String[] args) in C:\Users\Tamanna\Desktop\entnt\fleetmind-ai\backend\FleetMind.Api\Program.cs:line 205
[xUnit.net 00:00:41.40]       Microsoft.EntityFrameworkCore.DbUpdateException : An error occurred while saving the entity changes. See the inner exception for details.
[xUnit.net 00:00:41.40]       ---- Microsoft.Data.Sqlite.SqliteException : SQLite Error 19: 'NOT NULL constraint failed: Ships.Type'.
[xUnit.net 00:00:41.40]       Stack Trace:
[xUnit.net 00:00:41.40]            at Microsoft.EntityFrameworkCore.Update.ReaderModificationCommandBatch.ExecuteAsync(IRelationalConnection connection, CancellationToken cancellationToken)
[xUnit.net 00:00:41.40]            at Microsoft.EntityFrameworkCore.Update.Internal.BatchExecutor.ExecuteAsync(IEnumerable`1 commandBatches, IRelationalConnection connection, CancellationToken cancellationToken)
[xUnit.net 00:00:41.40]            at Microsoft.EntityFrameworkCore.Update.Internal.BatchExecutor.ExecuteAsync(IEnumerable`1 commandBatches, IRelationalConnection connection, CancellationToken cancellationToken)
[xUnit.net 00:00:41.40]            at Microsoft.EntityFrameworkCore.Update.Internal.BatchExecutor.ExecuteAsync(IEnumerable`1 commandBatches, IRelationalConnection connection, CancellationToken cancellationToken)
[xUnit.net 00:00:41.40]            at Microsoft.EntityFrameworkCore.Storage.RelationalDatabase.SaveChangesAsync(IList`1 entries, CancellationToken cancellationToken)
[xUnit.net 00:00:41.40]            at Microsoft.EntityFrameworkCore.ChangeTracking.Internal.StateManager.SaveChangesAsync(IList`1 entriesToSave, CancellationToken cancellationToken)
[xUnit.net 00:00:41.40]            at Microsoft.EntityFrameworkCore.ChangeTracking.Internal.StateManager.SaveChangesAsync(StateManager stateManager, Boolean acceptAllChangesOnSuccess, CancellationToken cancellationToken)
[xUnit.net 00:00:41.40]            at Microsoft.EntityFrameworkCore.DbContext.SaveChangesAsync(Boolean acceptAllChangesOnSuccess, CancellationToken cancellationToken)
[xUnit.net 00:00:41.40]            at Microsoft.EntityFrameworkCore.DbContext.SaveChangesAsync(Boolean acceptAllChangesOnSuccess, CancellationToken cancellationToken)
[xUnit.net 00:00:41.40]         C:\Users\Tamanna\Desktop\entnt\fleetmind-ai\backend\FleetMind.Api\Data\FleetMindDbContext.cs(162,0): at FleetMind.Api.Data.FleetMindDbContext.SaveChangesAsync(CancellationToken cancellationToken)
[xUnit.net 00:00:41.40]         C:\Users\Tamanna\Desktop\entnt\fleetmind-ai\backend\FleetMind.Api\Data\FleetMindDbContext.cs(89,0): at FleetMind.Api.Data.FleetMindDbContext.SaveChanges()
[xUnit.net 00:00:41.40]         C:\Users\Tamanna\Desktop\entnt\fleetmind-ai\backend\FleetMind.Api.IntegrationTests\CustomWebApplicationFactory.cs(125,0): at FleetMind.Api.IntegrationTests.CustomWebApplicationFactory.<>c.<ConfigureWebHost>b__2_2(IServiceCollection services)
[xUnit.net 00:00:41.40]            at Microsoft.Extensions.Hosting.HostApplicationBuilder.HostBuilderAdapter.ApplyChanges()
[xUnit.net 00:00:41.40]            at Microsoft.Extensions.Hosting.HostApplicationBuilder.Build()
[xUnit.net 00:00:41.40]            at Microsoft.AspNetCore.Builder.WebApplicationBuilder.Build()
[xUnit.net 00:00:41.40]         C:\Users\Tamanna\Desktop\entnt\fleetmind-ai\backend\FleetMind.Api\Program.cs(205,0): at Program.<Main>$(String[] args)
[xUnit.net 00:00:41.40]            at Program.<Main>(String[] args)
[xUnit.net 00:00:41.40]            at InvokeStub_Program.<Main>(Object, Span`1)
[xUnit.net 00:00:41.40]            at System.Reflection.MethodBaseInvoker.InvokeWithOneArg(Object obj, BindingFlags invokeAttr, Binder binder, Object[] parameters, CultureInfo culture)
[xUnit.net 00:00:41.40]         --- End of stack trace from previous location ---
[xUnit.net 00:00:41.40]            at Microsoft.Extensions.Hosting.HostFactoryResolver.HostingListener.CreateHost()
[xUnit.net 00:00:41.40]            at Microsoft.Extensions.Hosting.HostFactoryResolver.<>c__DisplayClass10_0.<ResolveHostFactory>b__0(String[] args)
[xUnit.net 00:00:41.40]            at Microsoft.AspNetCore.Mvc.Testing.DeferredHostBuilder.Build()
[xUnit.net 00:00:41.40]            at Microsoft.AspNetCore.Mvc.Testing.WebApplicationFactory`1.CreateHost(IHostBuilder builder)
[xUnit.net 00:00:41.40]            at Microsoft.AspNetCore.Mvc.Testing.WebApplicationFactory`1.ConfigureHostBuilder(IHostBuilder hostBuilder)
[xUnit.net 00:00:41.40]            at Microsoft.AspNetCore.Mvc.Testing.WebApplicationFactory`1.EnsureServer()
[xUnit.net 00:00:41.40]            at Microsoft.AspNetCore.Mvc.Testing.WebApplicationFactory`1.CreateDefaultClient(DelegatingHandler[] handlers)
[xUnit.net 00:00:41.40]            at Microsoft.AspNetCore.Mvc.Testing.WebApplicationFactory`1.CreateDefaultClient(Uri baseAddress, DelegatingHandler[] handlers)
[xUnit.net 00:00:41.40]            at Microsoft.AspNetCore.Mvc.Testing.WebApplicationFactory`1.CreateClient(WebApplicationFactoryClientOptions options)
[xUnit.net 00:00:41.40]            at Microsoft.AspNetCore.Mvc.Testing.WebApplicationFactory`1.CreateClient()
[xUnit.net 00:00:41.40]         C:\Users\Tamanna\Desktop\entnt\fleetmind-ai\backend\FleetMind.Api.IntegrationTests\TestHelpers\AuthenticatedClientHelper.cs(17,0): at FleetMind.Api.IntegrationTests.TestHelpers.AuthenticatedClientHelper.GetAuthenticatedClientAsync(WebApplicationFactory`1 factory, String email, String password)
[xUnit.net 00:00:41.40]         C:\Users\Tamanna\Desktop\entnt\fleetmind-ai\backend\FleetMind.Api.IntegrationTests\Controllers\RoleBasedAccessMatrixTests.cs(87,0): at FleetMind.Api.IntegrationTests.Controllers.RoleBasedAccessMatrixTests.RoleBasedAccessMatrix_Endpoint_ReturnsExpectedStatus(String email, String password, String role, String methodStr, String route, Object payload, HttpStatusCode expectedStatus)
[xUnit.net 00:00:41.40]         --- End of stack trace from previous location ---
[xUnit.net 00:00:41.40]         ----- Inner Stack Trace -----
[xUnit.net 00:00:41.40]            at Microsoft.Data.Sqlite.SqliteException.ThrowExceptionForRC(Int32 rc, sqlite3 db)
[xUnit.net 00:00:41.40]            at Microsoft.Data.Sqlite.SqliteDataReader.NextResult()
[xUnit.net 00:00:41.40]            at Microsoft.Data.Sqlite.SqliteCommand.ExecuteReader(CommandBehavior behavior)
[xUnit.net 00:00:41.40]            at Microsoft.Data.Sqlite.SqliteCommand.ExecuteDbDataReaderAsync(CommandBehavior behavior, CancellationToken cancellationToken)
[xUnit.net 00:00:41.40]            at Microsoft.EntityFrameworkCore.Storage.RelationalCommand.ExecuteReaderAsync(RelationalCommandParameterObject parameterObject, CancellationToken cancellationToken)
[xUnit.net 00:00:41.40]            at Microsoft.EntityFrameworkCore.Storage.RelationalCommand.ExecuteReaderAsync(RelationalCommandParameterObject parameterObject, CancellationToken cancellationToken)
[xUnit.net 00:00:41.40]            at Microsoft.EntityFrameworkCore.Update.ReaderModificationCommandBatch.ExecuteAsync(IRelationalConnection connection, CancellationToken cancellationToken)
  Failed FleetMind.Api.IntegrationTests.Controllers.RoleBasedAccessMatrixTests.RoleBasedAccessMatrix_Endpoint_ReturnsExpectedStatus(email: "maintenanceofficer@test.com", password: "MaintenancePass123!", role: "MaintenanceOfficer", methodStr: "POST", route: "/api/v1/maintenance", payload: CreateMaintenanceRecordDto { Description = "Test", EstimatedCost = 100, PerformedBy = null, ScheduledDate = 2026-07-09T10:48:20.9941537Z, ShipId = 00000000-0000-0000-0000-000000000003, ··· }, expectedStatus: Created) [2 s]
  Error Message:
   Microsoft.EntityFrameworkCore.DbUpdateException : An error occurred while saving the entity changes. See the inner exception for details.
---- Microsoft.Data.Sqlite.SqliteException : SQLite Error 19: 'NOT NULL constraint failed: Ships.Type'.
  Stack Trace:
     at Microsoft.EntityFrameworkCore.Update.ReaderModificationCommandBatch.ExecuteAsync(IRelationalConnection connection, CancellationToken cancellationToken)
   at Microsoft.EntityFrameworkCore.Update.Internal.BatchExecutor.ExecuteAsync(IEnumerable`1 commandBatches, IRelationalConnection connection, CancellationToken cancellationToken)
   at Microsoft.EntityFrameworkCore.Update.Internal.BatchExecutor.ExecuteAsync(IEnumerable`1 commandBatches, IRelationalConnection connection, CancellationToken cancellationToken)
   at Microsoft.EntityFrameworkCore.Update.Internal.BatchExecutor.ExecuteAsync(IEnumerable`1 commandBatches, IRelationalConnection connection, CancellationToken cancellationToken)
   at Microsoft.EntityFrameworkCore.Storage.RelationalDatabase.SaveChangesAsync(IList`1 entries, CancellationToken cancellationToken)
   at Microsoft.EntityFrameworkCore.ChangeTracking.Internal.StateManager.SaveChangesAsync(IList`1 entriesToSave, CancellationToken cancellationToken)
   at Microsoft.EntityFrameworkCore.ChangeTracking.Internal.StateManager.SaveChangesAsync(StateManager stateManager, Boolean acceptAllChangesOnSuccess, CancellationToken cancellationToken)
   at Microsoft.EntityFrameworkCore.DbContext.SaveChangesAsync(Boolean acceptAllChangesOnSuccess, CancellationToken cancellationToken)
   at Microsoft.EntityFrameworkCore.DbContext.SaveChangesAsync(Boolean acceptAllChangesOnSuccess, CancellationToken cancellationToken)
   at FleetMind.Api.Data.FleetMindDbContext.SaveChangesAsync(CancellationToken cancellationToken) in C:\Users\Tamanna\Desktop\entnt\fleetmind-ai\backend\FleetMind.Api\Data\FleetMindDbContext.cs:line 162
   at FleetMind.Api.Data.FleetMindDbContext.SaveChanges() in C:\Users\Tamanna\Desktop\entnt\fleetmind-ai\backend\FleetMind.Api\Data\FleetMindDbContext.cs:line 89
   at FleetMind.Api.IntegrationTests.CustomWebApplicationFactory.<>c.<ConfigureWebHost>b__2_2(IServiceCollection services) in C:\Users\Tamanna\Desktop\entnt\fleetmind-ai\backend\FleetMind.Api.IntegrationTests\CustomWebApplicationFactory.cs:line 125
   at Microsoft.Extensions.Hosting.HostApplicationBuilder.HostBuilderAdapter.ApplyChanges()
   at Microsoft.Extensions.Hosting.HostApplicationBuilder.Build()
   at Microsoft.AspNetCore.Builder.WebApplicationBuilder.Build()
   at Program.<Main>$(String[] args) in C:\Users\Tamanna\Desktop\entnt\fleetmind-ai\backend\FleetMind.Api\Program.cs:line 205
   at Program.<Main>(String[] args)
   at InvokeStub_Program.<Main>(Object, Span`1)
   at System.Reflection.MethodBaseInvoker.InvokeWithOneArg(Object obj, BindingFlags invokeAttr, Binder binder, Object[] parameters, CultureInfo culture)
--- End of stack trace from previous location ---
   at Microsoft.Extensions.Hosting.HostFactoryResolver.HostingListener.CreateHost()
   at Microsoft.Extensions.Hosting.HostFactoryResolver.<>c__DisplayClass10_0.<ResolveHostFactory>b__0(String[] args)
   at Microsoft.AspNetCore.Mvc.Testing.DeferredHostBuilder.Build()
   at Microsoft.AspNetCore.Mvc.Testing.WebApplicationFactory`1.CreateHost(IHostBuilder builder)
   at Microsoft.AspNetCore.Mvc.Testing.WebApplicationFactory`1.ConfigureHostBuilder(IHostBuilder hostBuilder)
   at Microsoft.AspNetCore.Mvc.Testing.WebApplicationFactory`1.EnsureServer()
   at Microsoft.AspNetCore.Mvc.Testing.WebApplicationFactory`1.CreateDefaultClient(DelegatingHandler[] handlers)
   at Microsoft.AspNetCore.Mvc.Testing.WebApplicationFactory`1.CreateDefaultClient(Uri baseAddress, DelegatingHandler[] handlers)
   at Microsoft.AspNetCore.Mvc.Testing.WebApplicationFactory`1.CreateClient(WebApplicationFactoryClientOptions options)
   at Microsoft.AspNetCore.Mvc.Testing.WebApplicationFactory`1.CreateClient()
   at FleetMind.Api.IntegrationTests.TestHelpers.AuthenticatedClientHelper.GetAuthenticatedClientAsync(WebApplicationFactory`1 factory, String email, String password) in C:\Users\Tamanna\Desktop\entnt\fleetmind-ai\backend\FleetMind.Api.IntegrationTests\TestHelpers\AuthenticatedClientHelper.cs:line 17
   at FleetMind.Api.IntegrationTests.Controllers.RoleBasedAccessMatrixTests.RoleBasedAccessMatrix_Endpoint_ReturnsExpectedStatus(String email, String password, String role, String methodStr, String route, Object payload, HttpStatusCode expectedStatus) in C:\Users\Tamanna\Desktop\entnt\fleetmind-ai\backend\FleetMind.Api.IntegrationTests\Controllers\RoleBasedAccessMatrixTests.cs:line 87
--- End of stack trace from previous location ---
----- Inner Stack Trace -----
   at Microsoft.Data.Sqlite.SqliteException.ThrowExceptionForRC(Int32 rc, sqlite3 db)
   at Microsoft.Data.Sqlite.SqliteDataReader.NextResult()
   at Microsoft.Data.Sqlite.SqliteCommand.ExecuteReader(CommandBehavior behavior)
   at Microsoft.Data.Sqlite.SqliteCommand.ExecuteDbDataReaderAsync(CommandBehavior behavior, CancellationToken cancellationToken)
   at Microsoft.EntityFrameworkCore.Storage.RelationalCommand.ExecuteReaderAsync(RelationalCommandParameterObject parameterObject, CancellationToken cancellationToken)
   at Microsoft.EntityFrameworkCore.Storage.RelationalCommand.ExecuteReaderAsync(RelationalCommandParameterObject parameterObject, CancellationToken cancellationToken)
   at Microsoft.EntityFrameworkCore.Update.ReaderModificationCommandBatch.ExecuteAsync(IRelationalConnection connection, CancellationToken cancellationToken)
[16:18:55 ERR] Failed executing DbCommand (0ms) [Parameters=[@p0='?' (DbType = Guid), @p1='?' (DbType = DateTime), @p2='?', @p3='?' (DbType = Guid), @p4='?' (DbType = Decimal), @p5='?' (Size = 7), @p6='?' (DbType = Boolean), @p7='?' (Size = 9), @p8='?' (DbType = Guid), @p9='?' (Size = 6), @p10='?', @p11='?' (DbType = DateTime), @p12='?' (DbType = Int32)], CommandType='Text', CommandTimeout='30']
INSERT INTO "Ships" ("Id", "CreatedAt", "Flag", "FleetId", "GrossTonnage", "IMO", "IsDeleted", "Name", "PrimaryPhotoAttachmentId", "Status", "Type", "UpdatedAt", "YearBuilt")
VALUES (@p0, @p1, @p2, @p3, @p4, @p5, @p6, @p7, @p8, @p9, @p10, @p11, @p12);
[16:18:55 ERR] An exception occurred in the database while saving changes for context type 'FleetMind.Api.Data.FleetMindDbContext'.
Microsoft.EntityFrameworkCore.DbUpdateException: An error occurred while saving the entity changes. See the inner exception for details.
 ---> Microsoft.Data.Sqlite.SqliteException (0x80004005): SQLite Error 19: 'NOT NULL constraint failed: Ships.Type'.
   at Microsoft.Data.Sqlite.SqliteException.ThrowExceptionForRC(Int32 rc, sqlite3 db)
   at Microsoft.Data.Sqlite.SqliteDataReader.NextResult()
   at Microsoft.Data.Sqlite.SqliteCommand.ExecuteReader(CommandBehavior behavior)
   at Microsoft.Data.Sqlite.SqliteCommand.ExecuteDbDataReaderAsync(CommandBehavior behavior, CancellationToken cancellationToken)
   at Microsoft.EntityFrameworkCore.Storage.RelationalCommand.ExecuteReaderAsync(RelationalCommandParameterObject parameterObject, CancellationToken cancellationToken)
   at Microsoft.EntityFrameworkCore.Storage.RelationalCommand.ExecuteReaderAsync(RelationalCommandParameterObject parameterObject, CancellationToken cancellationToken)
   at Microsoft.EntityFrameworkCore.Update.ReaderModificationCommandBatch.ExecuteAsync(IRelationalConnection connection, CancellationToken cancellationToken)
   --- End of inner exception stack trace ---
   at Microsoft.EntityFrameworkCore.Update.ReaderModificationCommandBatch.ExecuteAsync(IRelationalConnection connection, CancellationToken cancellationToken)
   at Microsoft.EntityFrameworkCore.Update.Internal.BatchExecutor.ExecuteAsync(IEnumerable`1 commandBatches, IRelationalConnection connection, CancellationToken cancellationToken)
   at Microsoft.EntityFrameworkCore.Update.Internal.BatchExecutor.ExecuteAsync(IEnumerable`1 commandBatches, IRelationalConnection connection, CancellationToken cancellationToken)
   at Microsoft.EntityFrameworkCore.Update.Internal.BatchExecutor.ExecuteAsync(IEnumerable`1 commandBatches, IRelationalConnection connection, CancellationToken cancellationToken)
   at Microsoft.EntityFrameworkCore.Storage.RelationalDatabase.SaveChangesAsync(IList`1 entries, CancellationToken cancellationToken)
   at Microsoft.EntityFrameworkCore.ChangeTracking.Internal.StateManager.SaveChangesAsync(IList`1 entriesToSave, CancellationToken cancellationToken)
   at Microsoft.EntityFrameworkCore.ChangeTracking.Internal.StateManager.SaveChangesAsync(StateManager stateManager, Boolean acceptAllChangesOnSuccess, CancellationToken cancellationToken)
   at Microsoft.EntityFrameworkCore.DbContext.SaveChangesAsync(Boolean acceptAllChangesOnSuccess, CancellationToken cancellationToken)
Microsoft.EntityFrameworkCore.DbUpdateException: An error occurred while saving the entity changes. See the inner exception for details.
 ---> Microsoft.Data.Sqlite.SqliteException (0x80004005): SQLite Error 19: 'NOT NULL constraint failed: Ships.Type'.
   at Microsoft.Data.Sqlite.SqliteException.ThrowExceptionForRC(Int32 rc, sqlite3 db)
   at Microsoft.Data.Sqlite.SqliteDataReader.NextResult()
   at Microsoft.Data.Sqlite.SqliteCommand.ExecuteReader(CommandBehavior behavior)
   at Microsoft.Data.Sqlite.SqliteCommand.ExecuteDbDataReaderAsync(CommandBehavior behavior, CancellationToken cancellationToken)
   at Microsoft.EntityFrameworkCore.Storage.RelationalCommand.ExecuteReaderAsync(RelationalCommandParameterObject parameterObject, CancellationToken cancellationToken)
   at Microsoft.EntityFrameworkCore.Storage.RelationalCommand.ExecuteReaderAsync(RelationalCommandParameterObject parameterObject, CancellationToken cancellationToken)
   at Microsoft.EntityFrameworkCore.Update.ReaderModificationCommandBatch.ExecuteAsync(IRelationalConnection connection, CancellationToken cancellationToken)
   --- End of inner exception stack trace ---
   at Microsoft.EntityFrameworkCore.Update.ReaderModificationCommandBatch.ExecuteAsync(IRelationalConnection connection, CancellationToken cancellationToken)
   at Microsoft.EntityFrameworkCore.Update.Internal.BatchExecutor.ExecuteAsync(IEnumerable`1 commandBatches, IRelationalConnection connection, CancellationToken cancellationToken)
   at Microsoft.EntityFrameworkCore.Update.Internal.BatchExecutor.ExecuteAsync(IEnumerable`1 commandBatches, IRelationalConnection connection, CancellationToken cancellationToken)
   at Microsoft.EntityFrameworkCore.Update.Internal.BatchExecutor.ExecuteAsync(IEnumerable`1 commandBatches, IRelationalConnection connection, CancellationToken cancellationToken)
   at Microsoft.EntityFrameworkCore.Storage.RelationalDatabase.SaveChangesAsync(IList`1 entries, CancellationToken cancellationToken)
   at Microsoft.EntityFrameworkCore.ChangeTracking.Internal.StateManager.SaveChangesAsync(IList`1 entriesToSave, CancellationToken cancellationToken)
   at Microsoft.EntityFrameworkCore.ChangeTracking.Internal.StateManager.SaveChangesAsync(StateManager stateManager, Boolean acceptAllChangesOnSuccess, CancellationToken cancellationToken)
   at Microsoft.EntityFrameworkCore.DbContext.SaveChangesAsync(Boolean acceptAllChangesOnSuccess, CancellationToken cancellationToken)
[16:18:55 FTL] Application terminated unexpectedly
Microsoft.EntityFrameworkCore.DbUpdateException: An error occurred while saving the entity changes. See the inner exception for details.
 ---> Microsoft.Data.Sqlite.SqliteException (0x80004005): SQLite Error 19: 'NOT NULL constraint failed: Ships.Type'.
   at Microsoft.Data.Sqlite.SqliteException.ThrowExceptionForRC(Int32 rc, sqlite3 db)
   at Microsoft.Data.Sqlite.SqliteDataReader.NextResult()
   at Microsoft.Data.Sqlite.SqliteCommand.ExecuteReader(CommandBehavior behavior)
   at Microsoft.Data.Sqlite.SqliteCommand.ExecuteDbDataReaderAsync(CommandBehavior behavior, CancellationToken cancellationToken)
   at Microsoft.EntityFrameworkCore.Storage.RelationalCommand.ExecuteReaderAsync(RelationalCommandParameterObject parameterObject, CancellationToken cancellationToken)
   at Microsoft.EntityFrameworkCore.Storage.RelationalCommand.ExecuteReaderAsync(RelationalCommandParameterObject parameterObject, CancellationToken cancellationToken)
   at Microsoft.EntityFrameworkCore.Update.ReaderModificationCommandBatch.ExecuteAsync(IRelationalConnection connection, CancellationToken cancellationToken)
   --- End of inner exception stack trace ---
   at Microsoft.EntityFrameworkCore.Update.ReaderModificationCommandBatch.ExecuteAsync(IRelationalConnection connection, CancellationToken cancellationToken)
   at Microsoft.EntityFrameworkCore.Update.Internal.BatchExecutor.ExecuteAsync(IEnumerable`1 commandBatches, IRelationalConnection connection, CancellationToken cancellationToken)
   at Microsoft.EntityFrameworkCore.Update.Internal.BatchExecutor.ExecuteAsync(IEnumerable`1 commandBatches, IRelationalConnection connection, CancellationToken cancellationToken)
   at Microsoft.EntityFrameworkCore.Update.Internal.BatchExecutor.ExecuteAsync(IEnumerable`1 commandBatches, IRelationalConnection connection, CancellationToken cancellationToken)
   at Microsoft.EntityFrameworkCore.Storage.RelationalDatabase.SaveChangesAsync(IList`1 entries, CancellationToken cancellationToken)
   at Microsoft.EntityFrameworkCore.ChangeTracking.Internal.StateManager.SaveChangesAsync(IList`1 entriesToSave, CancellationToken cancellationToken)
   at Microsoft.EntityFrameworkCore.ChangeTracking.Internal.StateManager.SaveChangesAsync(StateManager stateManager, Boolean acceptAllChangesOnSuccess, CancellationToken cancellationToken)
   at Microsoft.EntityFrameworkCore.DbContext.SaveChangesAsync(Boolean acceptAllChangesOnSuccess, CancellationToken cancellationToken)
   at Microsoft.EntityFrameworkCore.DbContext.SaveChangesAsync(Boolean acceptAllChangesOnSuccess, CancellationToken cancellationToken)
   at FleetMind.Api.Data.FleetMindDbContext.SaveChangesAsync(CancellationToken cancellationToken) in C:\Users\Tamanna\Desktop\entnt\fleetmind-ai\backend\FleetMind.Api\Data\FleetMindDbContext.cs:line 162
   at FleetMind.Api.Data.FleetMindDbContext.SaveChanges() in C:\Users\Tamanna\Desktop\entnt\fleetmind-ai\backend\FleetMind.Api\Data\FleetMindDbContext.cs:line 89
   at FleetMind.Api.IntegrationTests.CustomWebApplicationFactory.<>c.<ConfigureWebHost>b__2_2(IServiceCollection services) in C:\Users\Tamanna\Desktop\entnt\fleetmind-ai\backend\FleetMind.Api.IntegrationTests\CustomWebApplicationFactory.cs:line 125
   at Microsoft.Extensions.Hosting.HostApplicationBuilder.HostBuilderAdapter.ApplyChanges()
   at Microsoft.Extensions.Hosting.HostApplicationBuilder.Build()
   at Microsoft.AspNetCore.Builder.WebApplicationBuilder.Build()
   at Program.<Main>$(String[] args) in C:\Users\Tamanna\Desktop\entnt\fleetmind-ai\backend\FleetMind.Api\Program.cs:line 205
[xUnit.net 00:00:43.72]       Microsoft.EntityFrameworkCore.DbUpdateException : An error occurred while saving the entity changes. See the inner exception for details.
[xUnit.net 00:00:43.72]       ---- Microsoft.Data.Sqlite.SqliteException : SQLite Error 19: 'NOT NULL constraint failed: Ships.Type'.
[xUnit.net 00:00:43.72]       Stack Trace:
[xUnit.net 00:00:43.72]            at Microsoft.EntityFrameworkCore.Update.ReaderModificationCommandBatch.ExecuteAsync(IRelationalConnection connection, CancellationToken cancellationToken)
[xUnit.net 00:00:43.72]            at Microsoft.EntityFrameworkCore.Update.Internal.BatchExecutor.ExecuteAsync(IEnumerable`1 commandBatches, IRelationalConnection connection, CancellationToken cancellationToken)
[xUnit.net 00:00:43.72]            at Microsoft.EntityFrameworkCore.Update.Internal.BatchExecutor.ExecuteAsync(IEnumerable`1 commandBatches, IRelationalConnection connection, CancellationToken cancellationToken)
[xUnit.net 00:00:43.72]            at Microsoft.EntityFrameworkCore.Update.Internal.BatchExecutor.ExecuteAsync(IEnumerable`1 commandBatches, IRelationalConnection connection, CancellationToken cancellationToken)
[xUnit.net 00:00:43.72]            at Microsoft.EntityFrameworkCore.Storage.RelationalDatabase.SaveChangesAsync(IList`1 entries, CancellationToken cancellationToken)
[xUnit.net 00:00:43.72]            at Microsoft.EntityFrameworkCore.ChangeTracking.Internal.StateManager.SaveChangesAsync(IList`1 entriesToSave, CancellationToken cancellationToken)
[xUnit.net 00:00:43.72]            at Microsoft.EntityFrameworkCore.ChangeTracking.Internal.StateManager.SaveChangesAsync(StateManager stateManager, Boolean acceptAllChangesOnSuccess, CancellationToken cancellationToken)
[xUnit.net 00:00:43.72]            at Microsoft.EntityFrameworkCore.DbContext.SaveChangesAsync(Boolean acceptAllChangesOnSuccess, CancellationToken cancellationToken)
[xUnit.net 00:00:43.72]            at Microsoft.EntityFrameworkCore.DbContext.SaveChangesAsync(Boolean acceptAllChangesOnSuccess, CancellationToken cancellationToken)
[xUnit.net 00:00:43.72]         C:\Users\Tamanna\Desktop\entnt\fleetmind-ai\backend\FleetMind.Api\Data\FleetMindDbContext.cs(162,0): at FleetMind.Api.Data.FleetMindDbContext.SaveChangesAsync(CancellationToken cancellationToken)
[xUnit.net 00:00:43.72]         C:\Users\Tamanna\Desktop\entnt\fleetmind-ai\backend\FleetMind.Api\Data\FleetMindDbContext.cs(89,0): at FleetMind.Api.Data.FleetMindDbContext.SaveChanges()
[xUnit.net 00:00:43.72]         C:\Users\Tamanna\Desktop\entnt\fleetmind-ai\backend\FleetMind.Api.IntegrationTests\CustomWebApplicationFactory.cs(125,0): at FleetMind.Api.IntegrationTests.CustomWebApplicationFactory.<>c.<ConfigureWebHost>b__2_2(IServiceCollection services)
[xUnit.net 00:00:43.72]            at Microsoft.Extensions.Hosting.HostApplicationBuilder.HostBuilderAdapter.ApplyChanges()
[xUnit.net 00:00:43.72]            at Microsoft.Extensions.Hosting.HostApplicationBuilder.Build()
[xUnit.net 00:00:43.72]            at Microsoft.AspNetCore.Builder.WebApplicationBuilder.Build()
[xUnit.net 00:00:43.72]         C:\Users\Tamanna\Desktop\entnt\fleetmind-ai\backend\FleetMind.Api\Program.cs(205,0): at Program.<Main>$(String[] args)
[xUnit.net 00:00:43.72]            at Program.<Main>(String[] args)
[xUnit.net 00:00:43.72]            at InvokeStub_Program.<Main>(Object, Span`1)
[xUnit.net 00:00:43.72]            at System.Reflection.MethodBaseInvoker.InvokeWithOneArg(Object obj, BindingFlags invokeAttr, Binder binder, Object[] parameters, CultureInfo culture)
[xUnit.net 00:00:43.72]         --- End of stack trace from previous location ---
[xUnit.net 00:00:43.72]            at Microsoft.Extensions.Hosting.HostFactoryResolver.HostingListener.CreateHost()
[xUnit.net 00:00:43.72]            at Microsoft.Extensions.Hosting.HostFactoryResolver.<>c__DisplayClass10_0.<ResolveHostFactory>b__0(String[] args)
[xUnit.net 00:00:43.72]            at Microsoft.AspNetCore.Mvc.Testing.DeferredHostBuilder.Build()
[xUnit.net 00:00:43.72]            at Microsoft.AspNetCore.Mvc.Testing.WebApplicationFactory`1.CreateHost(IHostBuilder builder)
[xUnit.net 00:00:43.72]            at Microsoft.AspNetCore.Mvc.Testing.WebApplicationFactory`1.ConfigureHostBuilder(IHostBuilder hostBuilder)
[xUnit.net 00:00:43.72]            at Microsoft.AspNetCore.Mvc.Testing.WebApplicationFactory`1.EnsureServer()
[xUnit.net 00:00:43.72]            at Microsoft.AspNetCore.Mvc.Testing.WebApplicationFactory`1.CreateDefaultClient(DelegatingHandler[] handlers)
[xUnit.net 00:00:43.72]            at Microsoft.AspNetCore.Mvc.Testing.WebApplicationFactory`1.CreateDefaultClient(Uri baseAddress, DelegatingHandler[] handlers)
[xUnit.net 00:00:43.72]            at Microsoft.AspNetCore.Mvc.Testing.WebApplicationFactory`1.CreateClient(WebApplicationFactoryClientOptions options)
[xUnit.net 00:00:43.72]            at Microsoft.AspNetCore.Mvc.Testing.WebApplicationFactory`1.CreateClient()
[xUnit.net 00:00:43.72]         C:\Users\Tamanna\Desktop\entnt\fleetmind-ai\backend\FleetMind.Api.IntegrationTests\TestHelpers\AuthenticatedClientHelper.cs(17,0): at FleetMind.Api.IntegrationTests.TestHelpers.AuthenticatedClientHelper.GetAuthenticatedClientAsync(WebApplicationFactory`1 factory, String email, String password)
[xUnit.net 00:00:43.72]         C:\Users\Tamanna\Desktop\entnt\fleetmind-ai\backend\FleetMind.Api.IntegrationTests\Controllers\RoleBasedAccessMatrixTests.cs(87,0): at FleetMind.Api.IntegrationTests.Controllers.RoleBasedAccessMatrixTests.RoleBasedAccessMatrix_Endpoint_ReturnsExpectedStatus(String email, String password, String role, String methodStr, String route, Object payload, HttpStatusCode expectedStatus)
[xUnit.net 00:00:43.72]         --- End of stack trace from previous location ---
[xUnit.net 00:00:43.72]         ----- Inner Stack Trace -----
[xUnit.net 00:00:43.73]            at Microsoft.Data.Sqlite.SqliteException.ThrowExceptionForRC(Int32 rc, sqlite3 db)
[xUnit.net 00:00:43.73]            at Microsoft.Data.Sqlite.SqliteDataReader.NextResult()
[xUnit.net 00:00:43.73]            at Microsoft.Data.Sqlite.SqliteCommand.ExecuteReader(CommandBehavior behavior)
[xUnit.net 00:00:43.73]            at Microsoft.Data.Sqlite.SqliteCommand.ExecuteDbDataReaderAsync(CommandBehavior behavior, CancellationToken cancellationToken)
[xUnit.net 00:00:43.73]            at Microsoft.EntityFrameworkCore.Storage.RelationalCommand.ExecuteReaderAsync(RelationalCommandParameterObject parameterObject, CancellationToken cancellationToken)
[xUnit.net 00:00:43.73]            at Microsoft.EntityFrameworkCore.Storage.RelationalCommand.ExecuteReaderAsync(RelationalCommandParameterObject parameterObject, CancellationToken cancellationToken)
[xUnit.net 00:00:43.73]            at Microsoft.EntityFrameworkCore.Update.ReaderModificationCommandBatch.ExecuteAsync(IRelationalConnection connection, CancellationToken cancellationToken)
  Failed FleetMind.Api.IntegrationTests.Controllers.RoleBasedAccessMatrixTests.RoleBasedAccessMatrix_Endpoint_ReturnsExpectedStatus(email: "maintenanceofficer@test.com", password: "MaintenancePass123!", role: "MaintenanceOfficer", methodStr: "GET", route: "/api/v1/audit-logs", payload: null, expectedStatus: Forbidden) [2 s]
  Error Message:
   Microsoft.EntityFrameworkCore.DbUpdateException : An error occurred while saving the entity changes. See the inner exception for details.
---- Microsoft.Data.Sqlite.SqliteException : SQLite Error 19: 'NOT NULL constraint failed: Ships.Type'.
  Stack Trace:
     at Microsoft.EntityFrameworkCore.Update.ReaderModificationCommandBatch.ExecuteAsync(IRelationalConnection connection, CancellationToken cancellationToken)
   at Microsoft.EntityFrameworkCore.Update.Internal.BatchExecutor.ExecuteAsync(IEnumerable`1 commandBatches, IRelationalConnection connection, CancellationToken cancellationToken)
   at Microsoft.EntityFrameworkCore.Update.Internal.BatchExecutor.ExecuteAsync(IEnumerable`1 commandBatches, IRelationalConnection connection, CancellationToken cancellationToken)
   at Microsoft.EntityFrameworkCore.Update.Internal.BatchExecutor.ExecuteAsync(IEnumerable`1 commandBatches, IRelationalConnection connection, CancellationToken cancellationToken)
   at Microsoft.EntityFrameworkCore.Storage.RelationalDatabase.SaveChangesAsync(IList`1 entries, CancellationToken cancellationToken)
   at Microsoft.EntityFrameworkCore.ChangeTracking.Internal.StateManager.SaveChangesAsync(IList`1 entriesToSave, CancellationToken cancellationToken)
   at Microsoft.EntityFrameworkCore.ChangeTracking.Internal.StateManager.SaveChangesAsync(StateManager stateManager, Boolean acceptAllChangesOnSuccess, CancellationToken cancellationToken)
   at Microsoft.EntityFrameworkCore.DbContext.SaveChangesAsync(Boolean acceptAllChangesOnSuccess, CancellationToken cancellationToken)
   at Microsoft.EntityFrameworkCore.DbContext.SaveChangesAsync(Boolean acceptAllChangesOnSuccess, CancellationToken cancellationToken)
   at FleetMind.Api.Data.FleetMindDbContext.SaveChangesAsync(CancellationToken cancellationToken) in C:\Users\Tamanna\Desktop\entnt\fleetmind-ai\backend\FleetMind.Api\Data\FleetMindDbContext.cs:line 162
   at FleetMind.Api.Data.FleetMindDbContext.SaveChanges() in C:\Users\Tamanna\Desktop\entnt\fleetmind-ai\backend\FleetMind.Api\Data\FleetMindDbContext.cs:line 89
   at FleetMind.Api.IntegrationTests.CustomWebApplicationFactory.<>c.<ConfigureWebHost>b__2_2(IServiceCollection services) in C:\Users\Tamanna\Desktop\entnt\fleetmind-ai\backend\FleetMind.Api.IntegrationTests\CustomWebApplicationFactory.cs:line 125
   at Microsoft.Extensions.Hosting.HostApplicationBuilder.HostBuilderAdapter.ApplyChanges()
   at Microsoft.Extensions.Hosting.HostApplicationBuilder.Build()
   at Microsoft.AspNetCore.Builder.WebApplicationBuilder.Build()
   at Program.<Main>$(String[] args) in C:\Users\Tamanna\Desktop\entnt\fleetmind-ai\backend\FleetMind.Api\Program.cs:line 205
   at Program.<Main>(String[] args)
   at InvokeStub_Program.<Main>(Object, Span`1)
   at System.Reflection.MethodBaseInvoker.InvokeWithOneArg(Object obj, BindingFlags invokeAttr, Binder binder, Object[] parameters, CultureInfo culture)
--- End of stack trace from previous location ---
   at Microsoft.Extensions.Hosting.HostFactoryResolver.HostingListener.CreateHost()
   at Microsoft.Extensions.Hosting.HostFactoryResolver.<>c__DisplayClass10_0.<ResolveHostFactory>b__0(String[] args)
   at Microsoft.AspNetCore.Mvc.Testing.DeferredHostBuilder.Build()
   at Microsoft.AspNetCore.Mvc.Testing.WebApplicationFactory`1.CreateHost(IHostBuilder builder)
   at Microsoft.AspNetCore.Mvc.Testing.WebApplicationFactory`1.ConfigureHostBuilder(IHostBuilder hostBuilder)
   at Microsoft.AspNetCore.Mvc.Testing.WebApplicationFactory`1.EnsureServer()
   at Microsoft.AspNetCore.Mvc.Testing.WebApplicationFactory`1.CreateDefaultClient(DelegatingHandler[] handlers)
   at Microsoft.AspNetCore.Mvc.Testing.WebApplicationFactory`1.CreateDefaultClient(Uri baseAddress, DelegatingHandler[] handlers)
   at Microsoft.AspNetCore.Mvc.Testing.WebApplicationFactory`1.CreateClient(WebApplicationFactoryClientOptions options)
   at Microsoft.AspNetCore.Mvc.Testing.WebApplicationFactory`1.CreateClient()
   at FleetMind.Api.IntegrationTests.TestHelpers.AuthenticatedClientHelper.GetAuthenticatedClientAsync(WebApplicationFactory`1 factory, String email, String password) in C:\Users\Tamanna\Desktop\entnt\fleetmind-ai\backend\FleetMind.Api.IntegrationTests\TestHelpers\AuthenticatedClientHelper.cs:line 17
   at FleetMind.Api.IntegrationTests.Controllers.RoleBasedAccessMatrixTests.RoleBasedAccessMatrix_Endpoint_ReturnsExpectedStatus(String email, String password, String role, String methodStr, String route, Object payload, HttpStatusCode expectedStatus) in C:\Users\Tamanna\Desktop\entnt\fleetmind-ai\backend\FleetMind.Api.IntegrationTests\Controllers\RoleBasedAccessMatrixTests.cs:line 87
--- End of stack trace from previous location ---
----- Inner Stack Trace -----
   at Microsoft.Data.Sqlite.SqliteException.ThrowExceptionForRC(Int32 rc, sqlite3 db)
   at Microsoft.Data.Sqlite.SqliteDataReader.NextResult()
   at Microsoft.Data.Sqlite.SqliteCommand.ExecuteReader(CommandBehavior behavior)
   at Microsoft.Data.Sqlite.SqliteCommand.ExecuteDbDataReaderAsync(CommandBehavior behavior, CancellationToken cancellationToken)
   at Microsoft.EntityFrameworkCore.Storage.RelationalCommand.ExecuteReaderAsync(RelationalCommandParameterObject parameterObject, CancellationToken cancellationToken)
   at Microsoft.EntityFrameworkCore.Storage.RelationalCommand.ExecuteReaderAsync(RelationalCommandParameterObject parameterObject, CancellationToken cancellationToken)
   at Microsoft.EntityFrameworkCore.Update.ReaderModificationCommandBatch.ExecuteAsync(IRelationalConnection connection, CancellationToken cancellationToken)
[16:18:57 ERR] Failed executing DbCommand (0ms) [Parameters=[@p0='?' (DbType = Guid), @p1='?' (DbType = DateTime), @p2='?', @p3='?' (DbType = Guid), @p4='?' (DbType = Decimal), @p5='?' (Size = 7), @p6='?' (DbType = Boolean), @p7='?' (Size = 9), @p8='?' (DbType = Guid), @p9='?' (Size = 6), @p10='?', @p11='?' (DbType = DateTime), @p12='?' (DbType = Int32)], CommandType='Text', CommandTimeout='30']
INSERT INTO "Ships" ("Id", "CreatedAt", "Flag", "FleetId", "GrossTonnage", "IMO", "IsDeleted", "Name", "PrimaryPhotoAttachmentId", "Status", "Type", "UpdatedAt", "YearBuilt")
VALUES (@p0, @p1, @p2, @p3, @p4, @p5, @p6, @p7, @p8, @p9, @p10, @p11, @p12);
[16:18:57 ERR] An exception occurred in the database while saving changes for context type 'FleetMind.Api.Data.FleetMindDbContext'.
Microsoft.EntityFrameworkCore.DbUpdateException: An error occurred while saving the entity changes. See the inner exception for details.
 ---> Microsoft.Data.Sqlite.SqliteException (0x80004005): SQLite Error 19: 'NOT NULL constraint failed: Ships.Type'.
   at Microsoft.Data.Sqlite.SqliteException.ThrowExceptionForRC(Int32 rc, sqlite3 db)
   at Microsoft.Data.Sqlite.SqliteDataReader.NextResult()
   at Microsoft.Data.Sqlite.SqliteCommand.ExecuteReader(CommandBehavior behavior)
   at Microsoft.Data.Sqlite.SqliteCommand.ExecuteDbDataReaderAsync(CommandBehavior behavior, CancellationToken cancellationToken)
   at Microsoft.EntityFrameworkCore.Storage.RelationalCommand.ExecuteReaderAsync(RelationalCommandParameterObject parameterObject, CancellationToken cancellationToken)
   at Microsoft.EntityFrameworkCore.Storage.RelationalCommand.ExecuteReaderAsync(RelationalCommandParameterObject parameterObject, CancellationToken cancellationToken)
   at Microsoft.EntityFrameworkCore.Update.ReaderModificationCommandBatch.ExecuteAsync(IRelationalConnection connection, CancellationToken cancellationToken)
   --- End of inner exception stack trace ---
   at Microsoft.EntityFrameworkCore.Update.ReaderModificationCommandBatch.ExecuteAsync(IRelationalConnection connection, CancellationToken cancellationToken)
   at Microsoft.EntityFrameworkCore.Update.Internal.BatchExecutor.ExecuteAsync(IEnumerable`1 commandBatches, IRelationalConnection connection, CancellationToken cancellationToken)
   at Microsoft.EntityFrameworkCore.Update.Internal.BatchExecutor.ExecuteAsync(IEnumerable`1 commandBatches, IRelationalConnection connection, CancellationToken cancellationToken)
   at Microsoft.EntityFrameworkCore.Update.Internal.BatchExecutor.ExecuteAsync(IEnumerable`1 commandBatches, IRelationalConnection connection, CancellationToken cancellationToken)
   at Microsoft.EntityFrameworkCore.Storage.RelationalDatabase.SaveChangesAsync(IList`1 entries, CancellationToken cancellationToken)
   at Microsoft.EntityFrameworkCore.ChangeTracking.Internal.StateManager.SaveChangesAsync(IList`1 entriesToSave, CancellationToken cancellationToken)
   at Microsoft.EntityFrameworkCore.ChangeTracking.Internal.StateManager.SaveChangesAsync(StateManager stateManager, Boolean acceptAllChangesOnSuccess, CancellationToken cancellationToken)
   at Microsoft.EntityFrameworkCore.DbContext.SaveChangesAsync(Boolean acceptAllChangesOnSuccess, CancellationToken cancellationToken)
Microsoft.EntityFrameworkCore.DbUpdateException: An error occurred while saving the entity changes. See the inner exception for details.
 ---> Microsoft.Data.Sqlite.SqliteException (0x80004005): SQLite Error 19: 'NOT NULL constraint failed: Ships.Type'.
   at Microsoft.Data.Sqlite.SqliteException.ThrowExceptionForRC(Int32 rc, sqlite3 db)
   at Microsoft.Data.Sqlite.SqliteDataReader.NextResult()
   at Microsoft.Data.Sqlite.SqliteCommand.ExecuteReader(CommandBehavior behavior)
   at Microsoft.Data.Sqlite.SqliteCommand.ExecuteDbDataReaderAsync(CommandBehavior behavior, CancellationToken cancellationToken)
   at Microsoft.EntityFrameworkCore.Storage.RelationalCommand.ExecuteReaderAsync(RelationalCommandParameterObject parameterObject, CancellationToken cancellationToken)
   at Microsoft.EntityFrameworkCore.Storage.RelationalCommand.ExecuteReaderAsync(RelationalCommandParameterObject parameterObject, CancellationToken cancellationToken)
   at Microsoft.EntityFrameworkCore.Update.ReaderModificationCommandBatch.ExecuteAsync(IRelationalConnection connection, CancellationToken cancellationToken)
   --- End of inner exception stack trace ---
   at Microsoft.EntityFrameworkCore.Update.ReaderModificationCommandBatch.ExecuteAsync(IRelationalConnection connection, CancellationToken cancellationToken)
   at Microsoft.EntityFrameworkCore.Update.Internal.BatchExecutor.ExecuteAsync(IEnumerable`1 commandBatches, IRelationalConnection connection, CancellationToken cancellationToken)
   at Microsoft.EntityFrameworkCore.Update.Internal.BatchExecutor.ExecuteAsync(IEnumerable`1 commandBatches, IRelationalConnection connection, CancellationToken cancellationToken)
   at Microsoft.EntityFrameworkCore.Update.Internal.BatchExecutor.ExecuteAsync(IEnumerable`1 commandBatches, IRelationalConnection connection, CancellationToken cancellationToken)
   at Microsoft.EntityFrameworkCore.Storage.RelationalDatabase.SaveChangesAsync(IList`1 entries, CancellationToken cancellationToken)
   at Microsoft.EntityFrameworkCore.ChangeTracking.Internal.StateManager.SaveChangesAsync(IList`1 entriesToSave, CancellationToken cancellationToken)
   at Microsoft.EntityFrameworkCore.ChangeTracking.Internal.StateManager.SaveChangesAsync(StateManager stateManager, Boolean acceptAllChangesOnSuccess, CancellationToken cancellationToken)
   at Microsoft.EntityFrameworkCore.DbContext.SaveChangesAsync(Boolean acceptAllChangesOnSuccess, CancellationToken cancellationToken)
[16:18:57 FTL] Application terminated unexpectedly
Microsoft.EntityFrameworkCore.DbUpdateException: An error occurred while saving the entity changes. See the inner exception for details.
 ---> Microsoft.Data.Sqlite.SqliteException (0x80004005): SQLite Error 19: 'NOT NULL constraint failed: Ships.Type'.
   at Microsoft.Data.Sqlite.SqliteException.ThrowExceptionForRC(Int32 rc, sqlite3 db)
   at Microsoft.Data.Sqlite.SqliteDataReader.NextResult()
   at Microsoft.Data.Sqlite.SqliteCommand.ExecuteReader(CommandBehavior behavior)
   at Microsoft.Data.Sqlite.SqliteCommand.ExecuteDbDataReaderAsync(CommandBehavior behavior, CancellationToken cancellationToken)
   at Microsoft.EntityFrameworkCore.Storage.RelationalCommand.ExecuteReaderAsync(RelationalCommandParameterObject parameterObject, CancellationToken cancellationToken)
   at Microsoft.EntityFrameworkCore.Storage.RelationalCommand.ExecuteReaderAsync(RelationalCommandParameterObject parameterObject, CancellationToken cancellationToken)
   at Microsoft.EntityFrameworkCore.Update.ReaderModificationCommandBatch.ExecuteAsync(IRelationalConnection connection, CancellationToken cancellationToken)
   --- End of inner exception stack trace ---
   at Microsoft.EntityFrameworkCore.Update.ReaderModificationCommandBatch.ExecuteAsync(IRelationalConnection connection, CancellationToken cancellationToken)
   at Microsoft.EntityFrameworkCore.Update.Internal.BatchExecutor.ExecuteAsync(IEnumerable`1 commandBatches, IRelationalConnection connection, CancellationToken cancellationToken)
   at Microsoft.EntityFrameworkCore.Update.Internal.BatchExecutor.ExecuteAsync(IEnumerable`1 commandBatches, IRelationalConnection connection, CancellationToken cancellationToken)
   at Microsoft.EntityFrameworkCore.Update.Internal.BatchExecutor.ExecuteAsync(IEnumerable`1 commandBatches, IRelationalConnection connection, CancellationToken cancellationToken)
   at Microsoft.EntityFrameworkCore.Storage.RelationalDatabase.SaveChangesAsync(IList`1 entries, CancellationToken cancellationToken)
   at Microsoft.EntityFrameworkCore.ChangeTracking.Internal.StateManager.SaveChangesAsync(IList`1 entriesToSave, CancellationToken cancellationToken)
   at Microsoft.EntityFrameworkCore.ChangeTracking.Internal.StateManager.SaveChangesAsync(StateManager stateManager, Boolean acceptAllChangesOnSuccess, CancellationToken cancellationToken)
   at Microsoft.EntityFrameworkCore.DbContext.SaveChangesAsync(Boolean acceptAllChangesOnSuccess, CancellationToken cancellationToken)
   at Microsoft.EntityFrameworkCore.DbContext.SaveChangesAsync(Boolean acceptAllChangesOnSuccess, CancellationToken cancellationToken)
   at FleetMind.Api.Data.FleetMindDbContext.SaveChangesAsync(CancellationToken cancellationToken) in C:\Users\Tamanna\Desktop\entnt\fleetmind-ai\backend\FleetMind.Api\Data\FleetMindDbContext.cs:line 162
   at FleetMind.Api.Data.FleetMindDbContext.SaveChanges() in C:\Users\Tamanna\Desktop\entnt\fleetmind-ai\backend\FleetMind.Api\Data\FleetMindDbContext.cs:line 89
   at FleetMind.Api.IntegrationTests.CustomWebApplicationFactory.<>c.<ConfigureWebHost>b__2_2(IServiceCollection services) in C:\Users\Tamanna\Desktop\entnt\fleetmind-ai\backend\FleetMind.Api.IntegrationTests\CustomWebApplicationFactory.cs:line 125
   at Microsoft.Extensions.Hosting.HostApplicationBuilder.HostBuilderAdapter.ApplyChanges()
   at Microsoft.Extensions.Hosting.HostApplicationBuilder.Build()
   at Microsoft.AspNetCore.Builder.WebApplicationBuilder.Build()
   at Program.<Main>$(String[] args) in C:\Users\Tamanna\Desktop\entnt\fleetmind-ai\backend\FleetMind.Api\Program.cs:line 205
[xUnit.net 00:00:45.94]       Microsoft.EntityFrameworkCore.DbUpdateException : An error occurred while saving the entity changes. See the inner exception for details.
[xUnit.net 00:00:45.94]       ---- Microsoft.Data.Sqlite.SqliteException : SQLite Error 19: 'NOT NULL constraint failed: Ships.Type'.
[xUnit.net 00:00:45.94]       Stack Trace:
[xUnit.net 00:00:45.94]            at Microsoft.EntityFrameworkCore.Update.ReaderModificationCommandBatch.ExecuteAsync(IRelationalConnection connection, CancellationToken cancellationToken)
[xUnit.net 00:00:45.94]            at Microsoft.EntityFrameworkCore.Update.Internal.BatchExecutor.ExecuteAsync(IEnumerable`1 commandBatches, IRelationalConnection connection, CancellationToken cancellationToken)
[xUnit.net 00:00:45.94]            at Microsoft.EntityFrameworkCore.Update.Internal.BatchExecutor.ExecuteAsync(IEnumerable`1 commandBatches, IRelationalConnection connection, CancellationToken cancellationToken)
[xUnit.net 00:00:45.94]            at Microsoft.EntityFrameworkCore.Update.Internal.BatchExecutor.ExecuteAsync(IEnumerable`1 commandBatches, IRelationalConnection connection, CancellationToken cancellationToken)
[xUnit.net 00:00:45.94]            at Microsoft.EntityFrameworkCore.Storage.RelationalDatabase.SaveChangesAsync(IList`1 entries, CancellationToken cancellationToken)
[xUnit.net 00:00:45.94]            at Microsoft.EntityFrameworkCore.ChangeTracking.Internal.StateManager.SaveChangesAsync(IList`1 entriesToSave, CancellationToken cancellationToken)
[xUnit.net 00:00:45.94]            at Microsoft.EntityFrameworkCore.ChangeTracking.Internal.StateManager.SaveChangesAsync(StateManager stateManager, Boolean acceptAllChangesOnSuccess, CancellationToken cancellationToken)
[xUnit.net 00:00:45.94]            at Microsoft.EntityFrameworkCore.DbContext.SaveChangesAsync(Boolean acceptAllChangesOnSuccess, CancellationToken cancellationToken)
[xUnit.net 00:00:45.94]            at Microsoft.EntityFrameworkCore.DbContext.SaveChangesAsync(Boolean acceptAllChangesOnSuccess, CancellationToken cancellationToken)
[xUnit.net 00:00:45.94]         C:\Users\Tamanna\Desktop\entnt\fleetmind-ai\backend\FleetMind.Api\Data\FleetMindDbContext.cs(162,0): at FleetMind.Api.Data.FleetMindDbContext.SaveChangesAsync(CancellationToken cancellationToken)
[xUnit.net 00:00:45.94]         C:\Users\Tamanna\Desktop\entnt\fleetmind-ai\backend\FleetMind.Api\Data\FleetMindDbContext.cs(89,0): at FleetMind.Api.Data.FleetMindDbContext.SaveChanges()
[xUnit.net 00:00:45.94]         C:\Users\Tamanna\Desktop\entnt\fleetmind-ai\backend\FleetMind.Api.IntegrationTests\CustomWebApplicationFactory.cs(125,0): at FleetMind.Api.IntegrationTests.CustomWebApplicationFactory.<>c.<ConfigureWebHost>b__2_2(IServiceCollection services)
[xUnit.net 00:00:45.94]            at Microsoft.Extensions.Hosting.HostApplicationBuilder.HostBuilderAdapter.ApplyChanges()
[xUnit.net 00:00:45.94]            at Microsoft.Extensions.Hosting.HostApplicationBuilder.Build()
[xUnit.net 00:00:45.94]            at Microsoft.AspNetCore.Builder.WebApplicationBuilder.Build()
[xUnit.net 00:00:45.94]         C:\Users\Tamanna\Desktop\entnt\fleetmind-ai\backend\FleetMind.Api\Program.cs(205,0): at Program.<Main>$(String[] args)
[xUnit.net 00:00:45.94]            at Program.<Main>(String[] args)
[xUnit.net 00:00:45.94]            at InvokeStub_Program.<Main>(Object, Span`1)
[xUnit.net 00:00:45.94]            at System.Reflection.MethodBaseInvoker.InvokeWithOneArg(Object obj, BindingFlags invokeAttr, Binder binder, Object[] parameters, CultureInfo culture)
[xUnit.net 00:00:45.94]         --- End of stack trace from previous location ---
[xUnit.net 00:00:45.94]            at Microsoft.Extensions.Hosting.HostFactoryResolver.HostingListener.CreateHost()
[xUnit.net 00:00:45.94]            at Microsoft.Extensions.Hosting.HostFactoryResolver.<>c__DisplayClass10_0.<ResolveHostFactory>b__0(String[] args)
[xUnit.net 00:00:45.94]            at Microsoft.AspNetCore.Mvc.Testing.DeferredHostBuilder.Build()
[xUnit.net 00:00:45.94]            at Microsoft.AspNetCore.Mvc.Testing.WebApplicationFactory`1.CreateHost(IHostBuilder builder)
[xUnit.net 00:00:45.94]            at Microsoft.AspNetCore.Mvc.Testing.WebApplicationFactory`1.ConfigureHostBuilder(IHostBuilder hostBuilder)
[xUnit.net 00:00:45.94]            at Microsoft.AspNetCore.Mvc.Testing.WebApplicationFactory`1.EnsureServer()
[xUnit.net 00:00:45.94]            at Microsoft.AspNetCore.Mvc.Testing.WebApplicationFactory`1.CreateDefaultClient(DelegatingHandler[] handlers)
[xUnit.net 00:00:45.94]            at Microsoft.AspNetCore.Mvc.Testing.WebApplicationFactory`1.CreateDefaultClient(Uri baseAddress, DelegatingHandler[] handlers)
[xUnit.net 00:00:45.94]            at Microsoft.AspNetCore.Mvc.Testing.WebApplicationFactory`1.CreateClient(WebApplicationFactoryClientOptions options)
[xUnit.net 00:00:45.94]            at Microsoft.AspNetCore.Mvc.Testing.WebApplicationFactory`1.CreateClient()
[xUnit.net 00:00:45.94]         C:\Users\Tamanna\Desktop\entnt\fleetmind-ai\backend\FleetMind.Api.IntegrationTests\TestHelpers\AuthenticatedClientHelper.cs(17,0): at FleetMind.Api.IntegrationTests.TestHelpers.AuthenticatedClientHelper.GetAuthenticatedClientAsync(WebApplicationFactory`1 factory, String email, String password)
[xUnit.net 00:00:45.94]         C:\Users\Tamanna\Desktop\entnt\fleetmind-ai\backend\FleetMind.Api.IntegrationTests\Controllers\RoleBasedAccessMatrixTests.cs(87,0): at FleetMind.Api.IntegrationTests.Controllers.RoleBasedAccessMatrixTests.RoleBasedAccessMatrix_Endpoint_ReturnsExpectedStatus(String email, String password, String role, String methodStr, String route, Object payload, HttpStatusCode expectedStatus)
[xUnit.net 00:00:45.94]         --- End of stack trace from previous location ---
[xUnit.net 00:00:45.94]         ----- Inner Stack Trace -----
[xUnit.net 00:00:45.94]            at Microsoft.Data.Sqlite.SqliteException.ThrowExceptionForRC(Int32 rc, sqlite3 db)
[xUnit.net 00:00:45.94]            at Microsoft.Data.Sqlite.SqliteDataReader.NextResult()
[xUnit.net 00:00:45.94]            at Microsoft.Data.Sqlite.SqliteCommand.ExecuteReader(CommandBehavior behavior)
[xUnit.net 00:00:45.94]            at Microsoft.Data.Sqlite.SqliteCommand.ExecuteDbDataReaderAsync(CommandBehavior behavior, CancellationToken cancellationToken)
[xUnit.net 00:00:45.94]            at Microsoft.EntityFrameworkCore.Storage.RelationalCommand.ExecuteReaderAsync(RelationalCommandParameterObject parameterObject, CancellationToken cancellationToken)
[xUnit.net 00:00:45.94]            at Microsoft.EntityFrameworkCore.Storage.RelationalCommand.ExecuteReaderAsync(RelationalCommandParameterObject parameterObject, CancellationToken cancellationToken)
[xUnit.net 00:00:45.94]            at Microsoft.EntityFrameworkCore.Update.ReaderModificationCommandBatch.ExecuteAsync(IRelationalConnection connection, CancellationToken cancellationToken)

Total tests: Unknown
     Passed: 1
     Failed: 19
 Total time: 47.0901 Seconds
